[0.016s] Invoking command in '/home/tian/ROS_ws/build/service_cpp': CMAKE_PREFIX_PATH=${CMAKE_PREFIX_PATH}:/opt/ros/jazzy DEBUGINFOD_URLS=https://debuginfod.ubuntu.com /usr/bin/cmake --build /home/tian/ROS_ws/build/service_cpp -- -j16 -l16
[0.099s] [100%] Built target server01
[0.099s] [100%] Built target client01
[0.128s] Invoked command in '/home/tian/ROS_ws/build/service_cpp' returned '0': CMAKE_PREFIX_PATH=${CMAKE_PREFIX_PATH}:/opt/ros/jazzy DEBUGINFOD_URLS=https://debuginfod.ubuntu.com /usr/bin/cmake --build /home/tian/ROS_ws/build/service_cpp -- -j16 -l16
[0.129s] Invoking command in '/home/tian/ROS_ws/build/service_cpp': CMAKE_PREFIX_PATH=${CMAKE_PREFIX_PATH}:/opt/ros/jazzy DEBUGINFOD_URLS=https://debuginfod.ubuntu.com /usr/bin/cmake --install /home/tian/ROS_ws/build/service_cpp
[0.136s] -- Install configuration: ""
[0.136s] -- Up-to-date: /home/tian/ROS_ws/install/service_cpp/lib/service_cpp/server01
[0.136s] -- Up-to-date: /home/tian/ROS_ws/install/service_cpp/lib/service_cpp/client01
[0.136s] -- Up-to-date: /home/tian/ROS_ws/install/service_cpp/share/ament_index/resource_index/package_run_dependencies/service_cpp
[0.136s] -- Up-to-date: /home/tian/ROS_ws/install/service_cpp/share/ament_index/resource_index/parent_prefix_path/service_cpp
[0.137s] -- Up-to-date: /home/tian/ROS_ws/install/service_cpp/share/service_cpp/environment/ament_prefix_path.sh
[0.137s] -- Up-to-date: /home/tian/ROS_ws/install/service_cpp/share/service_cpp/environment/ament_prefix_path.dsv
[0.137s] -- Up-to-date: /home/tian/ROS_ws/install/service_cpp/share/service_cpp/environment/path.sh
[0.137s] -- Up-to-date: /home/tian/ROS_ws/install/service_cpp/share/service_cpp/environment/path.dsv
[0.137s] -- Up-to-date: /home/tian/ROS_ws/install/service_cpp/share/service_cpp/local_setup.bash
[0.137s] -- Up-to-date: /home/tian/ROS_ws/install/service_cpp/share/service_cpp/local_setup.sh
[0.137s] -- Up-to-date: /home/tian/ROS_ws/install/service_cpp/share/service_cpp/local_setup.zsh
[0.137s] -- Up-to-date: /home/tian/ROS_ws/install/service_cpp/share/service_cpp/local_setup.dsv
[0.137s] -- Installing: /home/tian/ROS_ws/install/service_cpp/share/service_cpp/package.dsv
[0.137s] -- Up-to-date: /home/tian/ROS_ws/install/service_cpp/share/ament_index/resource_index/packages/service_cpp
[0.137s] -- Up-to-date: /home/tian/ROS_ws/install/service_cpp/share/service_cpp/cmake/service_cppConfig.cmake
[0.137s] -- Up-to-date: /home/tian/ROS_ws/install/service_cpp/share/service_cpp/cmake/service_cppConfig-version.cmake
[0.138s] -- Up-to-date: /home/tian/ROS_ws/install/service_cpp/share/service_cpp/package.xml
[0.139s] Invoked command in '/home/tian/ROS_ws/build/service_cpp' returned '0': CMAKE_PREFIX_PATH=${CMAKE_PREFIX_PATH}:/opt/ros/jazzy DEBUGINFOD_URLS=https://debuginfod.ubuntu.com /usr/bin/cmake --install /home/tian/ROS_ws/build/service_cpp
