[0.014s] Invoking command in '/home/tian/ROS_ws/build/interfaces': CMAKE_PREFIX_PATH=${CMAKE_PREFIX_PATH}:/opt/ros/jazzy DEBUGINFOD_URLS=https://debuginfod.ubuntu.com /usr/bin/cmake /home/tian/ROS_ws/src/interfaces -DCMAKE_INSTALL_PREFIX=/home/tian/ROS_ws/install/interfaces
[0.029s] -- Found ament_cmake: 2.5.4 (/opt/ros/jazzy/share/ament_cmake/cmake)
[0.229s] -- Found rosidl_default_generators: 1.6.0 (/opt/ros/jazzy/share/rosidl_default_generators/cmake)
[0.231s] -- Using all available rosidl_typesupport_c: rosidl_typesupport_fastrtps_c;rosidl_typesupport_introspection_c
[0.255s] -- Using all available rosidl_typesupport_cpp: rosidl_typesupport_fastrtps_cpp;rosidl_typesupport_introspection_cpp
[0.273s] -- Found rosidl_adapter: 4.6.6 (/opt/ros/jazzy/share/rosidl_adapter/cmake)
[0.274s] -- Found geometry_msgs: 5.3.6 (/opt/ros/jazzy/share/geometry_msgs/cmake)
[0.985s] -- Found ament_cmake_ros: 0.12.0 (/opt/ros/jazzy/share/ament_cmake_ros/cmake)
[1.584s] -- Using all available rosidl_typesupport_c: rosidl_typesupport_fastrtps_c;rosidl_typesupport_introspection_c
[2.248s] -- Using all available rosidl_typesupport_cpp: rosidl_typesupport_fastrtps_cpp;rosidl_typesupport_introspection_cpp
[2.256s] -- Found python_cmake_module: 0.11.1 (/opt/ros/jazzy/share/python_cmake_module/cmake)
[2.378s] -- Found PythonExtra: /usr/bin/python3  
[2.792s] -- Found Python3: /usr/bin/python3 (found version "3.12.3") found components: Interpreter Development NumPy Development.Module Development.Embed 
[2.846s] -- Found ament_lint_auto: 0.17.3 (/opt/ros/jazzy/share/ament_lint_auto/cmake)
[2.867s] -- Added test 'lint_cmake' to check CMake code style
[2.869s] -- Added test 'xmllint' to check XML markup files
[2.871s] -- Configuring done (2.8s)
[2.903s] -- Generating done (0.0s)
[2.912s] -- Build files have been written to: /home/tian/ROS_ws/build/interfaces
[2.927s] Invoked command in '/home/tian/ROS_ws/build/interfaces' returned '0': CMAKE_PREFIX_PATH=${CMAKE_PREFIX_PATH}:/opt/ros/jazzy DEBUGINFOD_URLS=https://debuginfod.ubuntu.com /usr/bin/cmake /home/tian/ROS_ws/src/interfaces -DCMAKE_INSTALL_PREFIX=/home/tian/ROS_ws/install/interfaces
[2.927s] Invoking command in '/home/tian/ROS_ws/build/interfaces': CMAKE_PREFIX_PATH=${CMAKE_PREFIX_PATH}:/opt/ros/jazzy DEBUGINFOD_URLS=https://debuginfod.ubuntu.com /usr/bin/cmake --build /home/tian/ROS_ws/build/interfaces -- -j16 -l16
[2.981s] [  1%] [34m[1mGenerating type hashes for ROS interfaces[0m
[2.990s] [  1%] Built target ament_cmake_python_copy_interfaces
[3.139s] running egg_info
[3.140s] creating interfaces.egg-info
[3.151s] writing interfaces.egg-info/PKG-INFO
[3.151s] writing dependency_links to interfaces.egg-info/dependency_links.txt
[3.151s] writing top-level names to interfaces.egg-info/top_level.txt
[3.152s] writing manifest file 'interfaces.egg-info/SOURCES.txt'
[3.168s] [  1%] Built target interfaces__rosidl_generator_type_description
[3.178s] [  3%] [34m[1mGenerating C code for ROS interfaces[0m
[3.184s] reading manifest file 'interfaces.egg-info/SOURCES.txt'
[3.184s] writing manifest file 'interfaces.egg-info/SOURCES.txt'
[3.190s] [  5%] [34m[1mGenerating C++ code for ROS interfaces[0m
[3.224s] [  5%] Built target ament_cmake_python_build_interfaces_egg
[3.447s] [  5%] Built target interfaces__cpp
[3.495s] [ 14%] [32mBuilding C object CMakeFiles/interfaces__rosidl_generator_c.dir/rosidl_generator_c/interfaces/msg/detail/robot_pose__functions.c.o[0m
[3.496s] [ 14%] [32mBuilding C object CMakeFiles/interfaces__rosidl_generator_c.dir/rosidl_generator_c/interfaces/srv/detail/move_robot__description.c.o[0m
[3.496s] [ 14%] [32mBuilding C object CMakeFiles/interfaces__rosidl_generator_c.dir/rosidl_generator_c/interfaces/msg/detail/robot_status__description.c.o[0m
[3.496s] [ 14%] [32mBuilding C object CMakeFiles/interfaces__rosidl_generator_c.dir/rosidl_generator_c/interfaces/msg/detail/robot_pose__description.c.o[0m
[3.496s] [ 16%] [32mBuilding C object CMakeFiles/interfaces__rosidl_generator_c.dir/rosidl_generator_c/interfaces/msg/detail/robot_status__functions.c.o[0m
[3.496s] [ 16%] [32mBuilding C object CMakeFiles/interfaces__rosidl_generator_c.dir/rosidl_generator_c/interfaces/msg/detail/robot_status__type_support.c.o[0m
[3.496s] [ 18%] [32mBuilding C object CMakeFiles/interfaces__rosidl_generator_c.dir/rosidl_generator_c/interfaces/msg/detail/robot_pose__type_support.c.o[0m
[3.496s] [ 20%] [32mBuilding C object CMakeFiles/interfaces__rosidl_generator_c.dir/rosidl_generator_c/interfaces/srv/detail/move_robot__functions.c.o[0m
[3.496s] [ 22%] [32mBuilding C object CMakeFiles/interfaces__rosidl_generator_c.dir/rosidl_generator_c/interfaces/srv/detail/move_robot__type_support.c.o[0m
[3.561s] [ 24%] [32m[1mLinking C shared library libinterfaces__rosidl_generator_c.so[0m
[3.605s] [ 24%] Built target interfaces__rosidl_generator_c
[3.616s] [ 33%] [34m[1mGenerating C++ type support dispatch for ROS interfaces[0m
[3.616s] [ 33%] [34m[1mGenerating C introspection for ROS interfaces[0m
[3.617s] [ 33%] [34m[1mGenerating C++ type support for eProsima Fast-RTPS[0m
[3.617s] [ 33%] [34m[1mGenerating C type support for eProsima Fast-RTPS[0m
[3.617s] [ 33%] [34m[1mGenerating C type support dispatch for ROS interfaces[0m
[3.617s] [ 35%] [34m[1mGenerating C++ introspection for ROS interfaces[0m
[3.864s] [ 40%] [32mBuilding CXX object CMakeFiles/interfaces__rosidl_typesupport_cpp.dir/rosidl_typesupport_cpp/interfaces/srv/move_robot__type_support.cpp.o[0m
[3.864s] [ 40%] [32mBuilding CXX object CMakeFiles/interfaces__rosidl_typesupport_cpp.dir/rosidl_typesupport_cpp/interfaces/msg/robot_status__type_support.cpp.o[0m
[3.864s] [ 40%] [32mBuilding CXX object CMakeFiles/interfaces__rosidl_typesupport_cpp.dir/rosidl_typesupport_cpp/interfaces/msg/robot_pose__type_support.cpp.o[0m
[3.881s] [ 46%] [32mBuilding CXX object CMakeFiles/interfaces__rosidl_typesupport_c.dir/rosidl_typesupport_c/interfaces/srv/move_robot__type_support.cpp.o[0m
[3.882s] [ 46%] [32mBuilding CXX object CMakeFiles/interfaces__rosidl_typesupport_c.dir/rosidl_typesupport_c/interfaces/msg/robot_status__type_support.cpp.o[0m
[3.882s] [ 46%] [32mBuilding CXX object CMakeFiles/interfaces__rosidl_typesupport_c.dir/rosidl_typesupport_c/interfaces/msg/robot_pose__type_support.cpp.o[0m
[3.890s] [ 50%] [32mBuilding C object CMakeFiles/interfaces__rosidl_typesupport_introspection_c.dir/rosidl_typesupport_introspection_c/interfaces/msg/detail/robot_status__type_support.c.o[0m
[3.890s] [ 50%] [32mBuilding C object CMakeFiles/interfaces__rosidl_typesupport_introspection_c.dir/rosidl_typesupport_introspection_c/interfaces/msg/detail/robot_pose__type_support.c.o[0m
[3.890s] [ 51%] [32mBuilding C object CMakeFiles/interfaces__rosidl_typesupport_introspection_c.dir/rosidl_typesupport_introspection_c/interfaces/srv/detail/move_robot__type_support.c.o[0m
[3.906s] [ 55%] [32mBuilding CXX object CMakeFiles/interfaces__rosidl_typesupport_introspection_cpp.dir/rosidl_typesupport_introspection_cpp/interfaces/msg/detail/robot_status__type_support.cpp.o[0m
[3.906s] [ 55%] [32mBuilding CXX object CMakeFiles/interfaces__rosidl_typesupport_introspection_cpp.dir/rosidl_typesupport_introspection_cpp/interfaces/srv/detail/move_robot__type_support.cpp.o[0m
[3.912s] [ 57%] [32mBuilding CXX object CMakeFiles/interfaces__rosidl_typesupport_introspection_cpp.dir/rosidl_typesupport_introspection_cpp/interfaces/msg/detail/robot_pose__type_support.cpp.o[0m
[3.944s] [ 59%] [32m[1mLinking CXX shared library libinterfaces__rosidl_typesupport_c.so[0m
[3.959s] [ 61%] [32m[1mLinking C shared library libinterfaces__rosidl_typesupport_introspection_c.so[0m
[3.969s] [ 68%] [32mBuilding CXX object CMakeFiles/interfaces__rosidl_typesupport_fastrtps_c.dir/rosidl_typesupport_fastrtps_c/interfaces/msg/detail/robot_status__type_support_c.cpp.o[0m
[3.969s] [ 68%] [32mBuilding CXX object CMakeFiles/interfaces__rosidl_typesupport_fastrtps_cpp.dir/rosidl_typesupport_fastrtps_cpp/interfaces/msg/detail/dds_fastrtps/robot_pose__type_support.cpp.o[0m
[3.969s] [ 70%] [32mBuilding CXX object CMakeFiles/interfaces__rosidl_typesupport_fastrtps_cpp.dir/rosidl_typesupport_fastrtps_cpp/interfaces/srv/detail/dds_fastrtps/move_robot__type_support.cpp.o[0m
[3.969s] [ 70%] [32mBuilding CXX object CMakeFiles/interfaces__rosidl_typesupport_fastrtps_c.dir/rosidl_typesupport_fastrtps_c/interfaces/msg/detail/robot_pose__type_support_c.cpp.o[0m
[3.969s] [ 70%] [32mBuilding CXX object CMakeFiles/interfaces__rosidl_typesupport_fastrtps_cpp.dir/rosidl_typesupport_fastrtps_cpp/interfaces/msg/detail/dds_fastrtps/robot_status__type_support.cpp.o[0m
[3.969s] [ 72%] [32mBuilding CXX object CMakeFiles/interfaces__rosidl_typesupport_fastrtps_c.dir/rosidl_typesupport_fastrtps_c/interfaces/srv/detail/move_robot__type_support_c.cpp.o[0m
[4.005s] [ 72%] Built target interfaces__rosidl_typesupport_c
[4.010s] [ 72%] Built target interfaces__rosidl_typesupport_introspection_c
[4.322s] [ 74%] [32m[1mLinking CXX shared library libinterfaces__rosidl_typesupport_cpp.so[0m
[4.397s] [ 75%] [32m[1mLinking CXX shared library libinterfaces__rosidl_typesupport_introspection_cpp.so[0m
[4.480s] [ 75%] Built target interfaces__rosidl_typesupport_cpp
[4.490s] [ 77%] [32m[1mLinking CXX shared library libinterfaces__rosidl_typesupport_fastrtps_c.so[0m
[4.494s] [ 77%] Built target interfaces__rosidl_typesupport_introspection_cpp
[4.544s] [ 77%] Built target interfaces__rosidl_typesupport_fastrtps_c
[4.569s] [ 79%] [32m[1mLinking CXX shared library libinterfaces__rosidl_typesupport_fastrtps_cpp.so[0m
[4.651s] [ 79%] Built target interfaces__rosidl_typesupport_fastrtps_cpp
[4.672s] [ 79%] Built target interfaces
[4.696s] [ 81%] [34m[1mGenerating Python code for ROS interfaces[0m
[5.041s] [ 81%] Built target interfaces__py
[5.061s] [ 85%] [32mBuilding C object CMakeFiles/interfaces__rosidl_generator_py.dir/rosidl_generator_py/interfaces/msg/_robot_pose_s.c.o[0m
[5.061s] [ 85%] [32mBuilding C object CMakeFiles/interfaces__rosidl_generator_py.dir/rosidl_generator_py/interfaces/srv/_move_robot_s.c.o[0m
[5.061s] [ 87%] [32mBuilding C object CMakeFiles/interfaces__rosidl_generator_py.dir/rosidl_generator_py/interfaces/msg/_robot_status_s.c.o[0m
[5.191s] [ 88%] [32m[1mLinking C shared library libinterfaces__rosidl_generator_py.so[0m
[5.238s] [ 88%] Built target interfaces__rosidl_generator_py
[5.259s] [ 94%] [32mBuilding C object CMakeFiles/interfaces_s__rosidl_typesupport_c.dir/rosidl_generator_py/interfaces/_interfaces_s.ep.rosidl_typesupport_c.c.o[0m
[5.259s] [ 94%] [32mBuilding C object CMakeFiles/interfaces_s__rosidl_typesupport_introspection_c.dir/rosidl_generator_py/interfaces/_interfaces_s.ep.rosidl_typesupport_introspection_c.c.o[0m
[5.259s] [ 94%] [32mBuilding C object CMakeFiles/interfaces_s__rosidl_typesupport_fastrtps_c.dir/rosidl_generator_py/interfaces/_interfaces_s.ep.rosidl_typesupport_fastrtps_c.c.o[0m
[5.345s] [100%] [32m[1mLinking C shared module rosidl_generator_py/interfaces/interfaces_s__rosidl_typesupport_c.so[0m
[5.345s] [100%] [32m[1mLinking C shared module rosidl_generator_py/interfaces/interfaces_s__rosidl_typesupport_introspection_c.so[0m
[5.345s] [100%] [32m[1mLinking C shared module rosidl_generator_py/interfaces/interfaces_s__rosidl_typesupport_fastrtps_c.so[0m
[5.375s] [100%] Built target interfaces_s__rosidl_typesupport_c
[5.375s] [100%] Built target interfaces_s__rosidl_typesupport_fastrtps_c
[5.375s] [100%] Built target interfaces_s__rosidl_typesupport_introspection_c
[5.387s] Invoked command in '/home/tian/ROS_ws/build/interfaces' returned '0': CMAKE_PREFIX_PATH=${CMAKE_PREFIX_PATH}:/opt/ros/jazzy DEBUGINFOD_URLS=https://debuginfod.ubuntu.com /usr/bin/cmake --build /home/tian/ROS_ws/build/interfaces -- -j16 -l16
[5.388s] Invoking command in '/home/tian/ROS_ws/build/interfaces': CMAKE_PREFIX_PATH=${CMAKE_PREFIX_PATH}:/opt/ros/jazzy DEBUGINFOD_URLS=https://debuginfod.ubuntu.com /usr/bin/cmake --install /home/tian/ROS_ws/build/interfaces
[5.397s] -- Install configuration: ""
[5.397s] -- Installing: /home/tian/ROS_ws/install/interfaces/share/ament_index/resource_index/rosidl_interfaces/interfaces
[5.398s] -- Installing: /home/tian/ROS_ws/install/interfaces/share/interfaces/msg/RobotPose.json
[5.398s] -- Installing: /home/tian/ROS_ws/install/interfaces/share/interfaces/msg/RobotStatus.json
[5.398s] -- Installing: /home/tian/ROS_ws/install/interfaces/share/interfaces/srv/MoveRobot.json
[5.398s] -- Installing: /home/tian/ROS_ws/install/interfaces/include/interfaces/interfaces
[5.398s] -- Installing: /home/tian/ROS_ws/install/interfaces/include/interfaces/interfaces/msg
[5.398s] -- Installing: /home/tian/ROS_ws/install/interfaces/include/interfaces/interfaces/msg/robot_status.h
[5.398s] -- Installing: /home/tian/ROS_ws/install/interfaces/include/interfaces/interfaces/msg/detail
[5.398s] -- Installing: /home/tian/ROS_ws/install/interfaces/include/interfaces/interfaces/msg/detail/robot_status__type_support.c
[5.398s] -- Installing: /home/tian/ROS_ws/install/interfaces/include/interfaces/interfaces/msg/detail/robot_pose__struct.h
[5.398s] -- Installing: /home/tian/ROS_ws/install/interfaces/include/interfaces/interfaces/msg/detail/robot_status__type_support.h
[5.399s] -- Installing: /home/tian/ROS_ws/install/interfaces/include/interfaces/interfaces/msg/detail/robot_status__functions.h
[5.399s] -- Installing: /home/tian/ROS_ws/install/interfaces/include/interfaces/interfaces/msg/detail/robot_pose__type_support.h
[5.399s] -- Installing: /home/tian/ROS_ws/install/interfaces/include/interfaces/interfaces/msg/detail/robot_status__description.c
[5.399s] -- Installing: /home/tian/ROS_ws/install/interfaces/include/interfaces/interfaces/msg/detail/robot_pose__functions.c
[5.399s] -- Installing: /home/tian/ROS_ws/install/interfaces/include/interfaces/interfaces/msg/detail/robot_pose__functions.h
[5.399s] -- Installing: /home/tian/ROS_ws/install/interfaces/include/interfaces/interfaces/msg/detail/robot_status__struct.h
[5.399s] -- Installing: /home/tian/ROS_ws/install/interfaces/include/interfaces/interfaces/msg/detail/robot_pose__type_support.c
[5.399s] -- Installing: /home/tian/ROS_ws/install/interfaces/include/interfaces/interfaces/msg/detail/robot_status__functions.c
[5.399s] -- Installing: /home/tian/ROS_ws/install/interfaces/include/interfaces/interfaces/msg/detail/robot_pose__description.c
[5.399s] -- Installing: /home/tian/ROS_ws/install/interfaces/include/interfaces/interfaces/msg/rosidl_generator_c__visibility_control.h
[5.399s] -- Installing: /home/tian/ROS_ws/install/interfaces/include/interfaces/interfaces/msg/robot_pose.h
[5.399s] -- Installing: /home/tian/ROS_ws/install/interfaces/include/interfaces/interfaces/srv
[5.399s] -- Installing: /home/tian/ROS_ws/install/interfaces/include/interfaces/interfaces/srv/move_robot.h
[5.399s] -- Installing: /home/tian/ROS_ws/install/interfaces/include/interfaces/interfaces/srv/detail
[5.399s] -- Installing: /home/tian/ROS_ws/install/interfaces/include/interfaces/interfaces/srv/detail/move_robot__functions.c
[5.400s] -- Installing: /home/tian/ROS_ws/install/interfaces/include/interfaces/interfaces/srv/detail/move_robot__functions.h
[5.400s] -- Installing: /home/tian/ROS_ws/install/interfaces/include/interfaces/interfaces/srv/detail/move_robot__struct.h
[5.400s] -- Installing: /home/tian/ROS_ws/install/interfaces/include/interfaces/interfaces/srv/detail/move_robot__description.c
[5.400s] -- Installing: /home/tian/ROS_ws/install/interfaces/include/interfaces/interfaces/srv/detail/move_robot__type_support.c
[5.400s] -- Installing: /home/tian/ROS_ws/install/interfaces/include/interfaces/interfaces/srv/detail/move_robot__type_support.h
[5.400s] -- Installing: /home/tian/ROS_ws/install/interfaces/share/interfaces/environment/library_path.sh
[5.400s] -- Installing: /home/tian/ROS_ws/install/interfaces/share/interfaces/environment/library_path.dsv
[5.400s] -- Installing: /home/tian/ROS_ws/install/interfaces/lib/libinterfaces__rosidl_generator_c.so
[5.401s] -- Set non-toolchain portion of runtime path of "/home/tian/ROS_ws/install/interfaces/lib/libinterfaces__rosidl_generator_c.so" to ""
[5.401s] -- Up-to-date: /home/tian/ROS_ws/install/interfaces/include/interfaces/interfaces
[5.401s] -- Up-to-date: /home/tian/ROS_ws/install/interfaces/include/interfaces/interfaces/msg
[5.401s] -- Installing: /home/tian/ROS_ws/install/interfaces/include/interfaces/interfaces/msg/rosidl_typesupport_fastrtps_c__visibility_control.h
[5.401s] -- Up-to-date: /home/tian/ROS_ws/install/interfaces/include/interfaces/interfaces/msg/detail
[5.401s] -- Installing: /home/tian/ROS_ws/install/interfaces/include/interfaces/interfaces/msg/detail/robot_status__rosidl_typesupport_fastrtps_c.h
[5.401s] -- Installing: /home/tian/ROS_ws/install/interfaces/include/interfaces/interfaces/msg/detail/robot_pose__rosidl_typesupport_fastrtps_c.h
[5.401s] -- Up-to-date: /home/tian/ROS_ws/install/interfaces/include/interfaces/interfaces/srv
[5.401s] -- Up-to-date: /home/tian/ROS_ws/install/interfaces/include/interfaces/interfaces/srv/detail
[5.401s] -- Installing: /home/tian/ROS_ws/install/interfaces/include/interfaces/interfaces/srv/detail/move_robot__rosidl_typesupport_fastrtps_c.h
[5.401s] -- Installing: /home/tian/ROS_ws/install/interfaces/lib/libinterfaces__rosidl_typesupport_fastrtps_c.so
[5.401s] -- Set non-toolchain portion of runtime path of "/home/tian/ROS_ws/install/interfaces/lib/libinterfaces__rosidl_typesupport_fastrtps_c.so" to ""
[5.402s] -- Up-to-date: /home/tian/ROS_ws/install/interfaces/include/interfaces/interfaces
[5.402s] -- Up-to-date: /home/tian/ROS_ws/install/interfaces/include/interfaces/interfaces/msg
[5.402s] -- Up-to-date: /home/tian/ROS_ws/install/interfaces/include/interfaces/interfaces/msg/detail
[5.402s] -- Up-to-date: /home/tian/ROS_ws/install/interfaces/include/interfaces/interfaces/msg/detail/robot_status__type_support.c
[5.402s] -- Installing: /home/tian/ROS_ws/install/interfaces/include/interfaces/interfaces/msg/detail/robot_pose__rosidl_typesupport_introspection_c.h
[5.402s] -- Installing: /home/tian/ROS_ws/install/interfaces/include/interfaces/interfaces/msg/detail/robot_status__rosidl_typesupport_introspection_c.h
[5.402s] -- Up-to-date: /home/tian/ROS_ws/install/interfaces/include/interfaces/interfaces/msg/detail/robot_pose__type_support.c
[5.402s] -- Installing: /home/tian/ROS_ws/install/interfaces/include/interfaces/interfaces/msg/rosidl_typesupport_introspection_c__visibility_control.h
[5.402s] -- Up-to-date: /home/tian/ROS_ws/install/interfaces/include/interfaces/interfaces/srv
[5.402s] -- Up-to-date: /home/tian/ROS_ws/install/interfaces/include/interfaces/interfaces/srv/detail
[5.402s] -- Installing: /home/tian/ROS_ws/install/interfaces/include/interfaces/interfaces/srv/detail/move_robot__rosidl_typesupport_introspection_c.h
[5.402s] -- Up-to-date: /home/tian/ROS_ws/install/interfaces/include/interfaces/interfaces/srv/detail/move_robot__type_support.c
[5.402s] -- Installing: /home/tian/ROS_ws/install/interfaces/lib/libinterfaces__rosidl_typesupport_introspection_c.so
[5.402s] -- Set non-toolchain portion of runtime path of "/home/tian/ROS_ws/install/interfaces/lib/libinterfaces__rosidl_typesupport_introspection_c.so" to ""
[5.402s] -- Installing: /home/tian/ROS_ws/install/interfaces/lib/libinterfaces__rosidl_typesupport_c.so
[5.403s] -- Set non-toolchain portion of runtime path of "/home/tian/ROS_ws/install/interfaces/lib/libinterfaces__rosidl_typesupport_c.so" to ""
[5.403s] -- Up-to-date: /home/tian/ROS_ws/install/interfaces/include/interfaces/interfaces
[5.403s] -- Up-to-date: /home/tian/ROS_ws/install/interfaces/include/interfaces/interfaces/msg
[5.403s] -- Up-to-date: /home/tian/ROS_ws/install/interfaces/include/interfaces/interfaces/msg/detail
[5.403s] -- Installing: /home/tian/ROS_ws/install/interfaces/include/interfaces/interfaces/msg/detail/robot_pose__type_support.hpp
[5.403s] -- Installing: /home/tian/ROS_ws/install/interfaces/include/interfaces/interfaces/msg/detail/robot_pose__traits.hpp
[5.403s] -- Installing: /home/tian/ROS_ws/install/interfaces/include/interfaces/interfaces/msg/detail/robot_status__type_support.hpp
[5.403s] -- Installing: /home/tian/ROS_ws/install/interfaces/include/interfaces/interfaces/msg/detail/robot_status__builder.hpp
[5.403s] -- Installing: /home/tian/ROS_ws/install/interfaces/include/interfaces/interfaces/msg/detail/robot_pose__struct.hpp
[5.403s] -- Installing: /home/tian/ROS_ws/install/interfaces/include/interfaces/interfaces/msg/detail/robot_pose__builder.hpp
[5.404s] -- Installing: /home/tian/ROS_ws/install/interfaces/include/interfaces/interfaces/msg/detail/robot_status__struct.hpp
[5.404s] -- Installing: /home/tian/ROS_ws/install/interfaces/include/interfaces/interfaces/msg/detail/robot_status__traits.hpp
[5.404s] -- Installing: /home/tian/ROS_ws/install/interfaces/include/interfaces/interfaces/msg/rosidl_generator_cpp__visibility_control.hpp
[5.404s] -- Installing: /home/tian/ROS_ws/install/interfaces/include/interfaces/interfaces/msg/robot_status.hpp
[5.404s] -- Installing: /home/tian/ROS_ws/install/interfaces/include/interfaces/interfaces/msg/robot_pose.hpp
[5.404s] -- Up-to-date: /home/tian/ROS_ws/install/interfaces/include/interfaces/interfaces/srv
[5.404s] -- Installing: /home/tian/ROS_ws/install/interfaces/include/interfaces/interfaces/srv/move_robot.hpp
[5.404s] -- Up-to-date: /home/tian/ROS_ws/install/interfaces/include/interfaces/interfaces/srv/detail
[5.404s] -- Installing: /home/tian/ROS_ws/install/interfaces/include/interfaces/interfaces/srv/detail/move_robot__builder.hpp
[5.404s] -- Installing: /home/tian/ROS_ws/install/interfaces/include/interfaces/interfaces/srv/detail/move_robot__type_support.hpp
[5.404s] -- Installing: /home/tian/ROS_ws/install/interfaces/include/interfaces/interfaces/srv/detail/move_robot__traits.hpp
[5.404s] -- Installing: /home/tian/ROS_ws/install/interfaces/include/interfaces/interfaces/srv/detail/move_robot__struct.hpp
[5.404s] -- Up-to-date: /home/tian/ROS_ws/install/interfaces/include/interfaces/interfaces
[5.404s] -- Up-to-date: /home/tian/ROS_ws/install/interfaces/include/interfaces/interfaces/msg
[5.404s] -- Up-to-date: /home/tian/ROS_ws/install/interfaces/include/interfaces/interfaces/msg/detail
[5.404s] -- Installing: /home/tian/ROS_ws/install/interfaces/include/interfaces/interfaces/msg/detail/robot_pose__rosidl_typesupport_fastrtps_cpp.hpp
[5.404s] -- Installing: /home/tian/ROS_ws/install/interfaces/include/interfaces/interfaces/msg/detail/robot_status__rosidl_typesupport_fastrtps_cpp.hpp
[5.404s] -- Installing: /home/tian/ROS_ws/install/interfaces/include/interfaces/interfaces/msg/detail/dds_fastrtps
[5.404s] -- Installing: /home/tian/ROS_ws/install/interfaces/include/interfaces/interfaces/msg/rosidl_typesupport_fastrtps_cpp__visibility_control.h
[5.405s] -- Up-to-date: /home/tian/ROS_ws/install/interfaces/include/interfaces/interfaces/srv
[5.405s] -- Up-to-date: /home/tian/ROS_ws/install/interfaces/include/interfaces/interfaces/srv/detail
[5.405s] -- Installing: /home/tian/ROS_ws/install/interfaces/include/interfaces/interfaces/srv/detail/move_robot__rosidl_typesupport_fastrtps_cpp.hpp
[5.405s] -- Installing: /home/tian/ROS_ws/install/interfaces/include/interfaces/interfaces/srv/detail/dds_fastrtps
[5.405s] -- Installing: /home/tian/ROS_ws/install/interfaces/lib/libinterfaces__rosidl_typesupport_fastrtps_cpp.so
[5.405s] -- Set non-toolchain portion of runtime path of "/home/tian/ROS_ws/install/interfaces/lib/libinterfaces__rosidl_typesupport_fastrtps_cpp.so" to ""
[5.405s] -- Up-to-date: /home/tian/ROS_ws/install/interfaces/include/interfaces/interfaces
[5.405s] -- Up-to-date: /home/tian/ROS_ws/install/interfaces/include/interfaces/interfaces/msg
[5.405s] -- Up-to-date: /home/tian/ROS_ws/install/interfaces/include/interfaces/interfaces/msg/detail
[5.405s] -- Installing: /home/tian/ROS_ws/install/interfaces/include/interfaces/interfaces/msg/detail/robot_status__type_support.cpp
[5.405s] -- Installing: /home/tian/ROS_ws/install/interfaces/include/interfaces/interfaces/msg/detail/robot_pose__type_support.cpp
[5.405s] -- Installing: /home/tian/ROS_ws/install/interfaces/include/interfaces/interfaces/msg/detail/robot_pose__rosidl_typesupport_introspection_cpp.hpp
[5.405s] -- Installing: /home/tian/ROS_ws/install/interfaces/include/interfaces/interfaces/msg/detail/robot_status__rosidl_typesupport_introspection_cpp.hpp
[5.406s] -- Up-to-date: /home/tian/ROS_ws/install/interfaces/include/interfaces/interfaces/srv
[5.406s] -- Up-to-date: /home/tian/ROS_ws/install/interfaces/include/interfaces/interfaces/srv/detail
[5.406s] -- Installing: /home/tian/ROS_ws/install/interfaces/include/interfaces/interfaces/srv/detail/move_robot__rosidl_typesupport_introspection_cpp.hpp
[5.406s] -- Installing: /home/tian/ROS_ws/install/interfaces/include/interfaces/interfaces/srv/detail/move_robot__type_support.cpp
[5.406s] -- Installing: /home/tian/ROS_ws/install/interfaces/lib/libinterfaces__rosidl_typesupport_introspection_cpp.so
[5.406s] -- Set non-toolchain portion of runtime path of "/home/tian/ROS_ws/install/interfaces/lib/libinterfaces__rosidl_typesupport_introspection_cpp.so" to ""
[5.406s] -- Installing: /home/tian/ROS_ws/install/interfaces/lib/libinterfaces__rosidl_typesupport_cpp.so
[5.407s] -- Set non-toolchain portion of runtime path of "/home/tian/ROS_ws/install/interfaces/lib/libinterfaces__rosidl_typesupport_cpp.so" to ""
[5.407s] -- Installing: /home/tian/ROS_ws/install/interfaces/share/interfaces/environment/pythonpath.sh
[5.407s] -- Installing: /home/tian/ROS_ws/install/interfaces/share/interfaces/environment/pythonpath.dsv
[5.407s] -- Installing: /home/tian/ROS_ws/install/interfaces/lib/python3.12/site-packages/interfaces-0.0.0-py3.12.egg-info
[5.407s] -- Installing: /home/tian/ROS_ws/install/interfaces/lib/python3.12/site-packages/interfaces-0.0.0-py3.12.egg-info/dependency_links.txt
[5.407s] -- Installing: /home/tian/ROS_ws/install/interfaces/lib/python3.12/site-packages/interfaces-0.0.0-py3.12.egg-info/SOURCES.txt
[5.407s] -- Installing: /home/tian/ROS_ws/install/interfaces/lib/python3.12/site-packages/interfaces-0.0.0-py3.12.egg-info/top_level.txt
[5.407s] -- Installing: /home/tian/ROS_ws/install/interfaces/lib/python3.12/site-packages/interfaces-0.0.0-py3.12.egg-info/PKG-INFO
[5.407s] -- Installing: /home/tian/ROS_ws/install/interfaces/lib/python3.12/site-packages/interfaces
[5.407s] -- Installing: /home/tian/ROS_ws/install/interfaces/lib/python3.12/site-packages/interfaces/_interfaces_s.ep.rosidl_typesupport_fastrtps_c.c
[5.407s] -- Installing: /home/tian/ROS_ws/install/interfaces/lib/python3.12/site-packages/interfaces/msg
[5.407s] -- Installing: /home/tian/ROS_ws/install/interfaces/lib/python3.12/site-packages/interfaces/msg/_robot_pose.py
[5.408s] -- Installing: /home/tian/ROS_ws/install/interfaces/lib/python3.12/site-packages/interfaces/msg/_robot_status.py
[5.408s] -- Installing: /home/tian/ROS_ws/install/interfaces/lib/python3.12/site-packages/interfaces/msg/_robot_status_s.c
[5.408s] -- Installing: /home/tian/ROS_ws/install/interfaces/lib/python3.12/site-packages/interfaces/msg/__init__.py
[5.408s] -- Installing: /home/tian/ROS_ws/install/interfaces/lib/python3.12/site-packages/interfaces/msg/_robot_pose_s.c
[5.408s] -- Installing: /home/tian/ROS_ws/install/interfaces/lib/python3.12/site-packages/interfaces/interfaces_s__rosidl_typesupport_c.so
[5.408s] -- Installing: /home/tian/ROS_ws/install/interfaces/lib/python3.12/site-packages/interfaces/interfaces_s__rosidl_typesupport_introspection_c.so
[5.408s] -- Installing: /home/tian/ROS_ws/install/interfaces/lib/python3.12/site-packages/interfaces/srv
[5.408s] -- Installing: /home/tian/ROS_ws/install/interfaces/lib/python3.12/site-packages/interfaces/srv/_move_robot_s.c
[5.408s] -- Installing: /home/tian/ROS_ws/install/interfaces/lib/python3.12/site-packages/interfaces/srv/__init__.py
[5.408s] -- Installing: /home/tian/ROS_ws/install/interfaces/lib/python3.12/site-packages/interfaces/srv/_move_robot.py
[5.409s] -- Installing: /home/tian/ROS_ws/install/interfaces/lib/python3.12/site-packages/interfaces/__init__.py
[5.409s] -- Installing: /home/tian/ROS_ws/install/interfaces/lib/python3.12/site-packages/interfaces/_interfaces_s.ep.rosidl_typesupport_c.c
[5.409s] -- Installing: /home/tian/ROS_ws/install/interfaces/lib/python3.12/site-packages/interfaces/interfaces_s__rosidl_typesupport_fastrtps_c.so
[5.409s] -- Installing: /home/tian/ROS_ws/install/interfaces/lib/python3.12/site-packages/interfaces/_interfaces_s.ep.rosidl_typesupport_introspection_c.c
[5.443s] Listing '/home/tian/ROS_ws/install/interfaces/lib/python3.12/site-packages/interfaces'...
[5.444s] Compiling '/home/tian/ROS_ws/install/interfaces/lib/python3.12/site-packages/interfaces/__init__.py'...
[5.444s] Listing '/home/tian/ROS_ws/install/interfaces/lib/python3.12/site-packages/interfaces/msg'...
[5.444s] Compiling '/home/tian/ROS_ws/install/interfaces/lib/python3.12/site-packages/interfaces/msg/__init__.py'...
[5.444s] Compiling '/home/tian/ROS_ws/install/interfaces/lib/python3.12/site-packages/interfaces/msg/_robot_pose.py'...
[5.444s] Compiling '/home/tian/ROS_ws/install/interfaces/lib/python3.12/site-packages/interfaces/msg/_robot_status.py'...
[5.444s] Listing '/home/tian/ROS_ws/install/interfaces/lib/python3.12/site-packages/interfaces/srv'...
[5.444s] Compiling '/home/tian/ROS_ws/install/interfaces/lib/python3.12/site-packages/interfaces/srv/__init__.py'...
[5.444s] Compiling '/home/tian/ROS_ws/install/interfaces/lib/python3.12/site-packages/interfaces/srv/_move_robot.py'...
[5.449s] -- Installing: /home/tian/ROS_ws/install/interfaces/lib/python3.12/site-packages/interfaces/interfaces_s__rosidl_typesupport_fastrtps_c.so
[5.450s] -- Set non-toolchain portion of runtime path of "/home/tian/ROS_ws/install/interfaces/lib/python3.12/site-packages/interfaces/interfaces_s__rosidl_typesupport_fastrtps_c.so" to ""
[5.450s] -- Installing: /home/tian/ROS_ws/install/interfaces/lib/python3.12/site-packages/interfaces/interfaces_s__rosidl_typesupport_introspection_c.so
[5.450s] -- Set non-toolchain portion of runtime path of "/home/tian/ROS_ws/install/interfaces/lib/python3.12/site-packages/interfaces/interfaces_s__rosidl_typesupport_introspection_c.so" to ""
[5.450s] -- Installing: /home/tian/ROS_ws/install/interfaces/lib/python3.12/site-packages/interfaces/interfaces_s__rosidl_typesupport_c.so
[5.450s] -- Set non-toolchain portion of runtime path of "/home/tian/ROS_ws/install/interfaces/lib/python3.12/site-packages/interfaces/interfaces_s__rosidl_typesupport_c.so" to ""
[5.450s] -- Installing: /home/tian/ROS_ws/install/interfaces/lib/libinterfaces__rosidl_generator_py.so
[5.451s] -- Set non-toolchain portion of runtime path of "/home/tian/ROS_ws/install/interfaces/lib/libinterfaces__rosidl_generator_py.so" to ""
[5.451s] -- Installing: /home/tian/ROS_ws/install/interfaces/share/interfaces/msg/RobotPose.idl
[5.451s] -- Installing: /home/tian/ROS_ws/install/interfaces/share/interfaces/msg/RobotStatus.idl
[5.451s] -- Installing: /home/tian/ROS_ws/install/interfaces/share/interfaces/srv/MoveRobot.idl
[5.451s] -- Installing: /home/tian/ROS_ws/install/interfaces/share/interfaces/msg/RobotPose.msg
[5.451s] -- Installing: /home/tian/ROS_ws/install/interfaces/share/interfaces/msg/RobotStatus.msg
[5.451s] -- Installing: /home/tian/ROS_ws/install/interfaces/share/interfaces/srv/MoveRobot.srv
[5.451s] -- Installing: /home/tian/ROS_ws/install/interfaces/share/ament_index/resource_index/package_run_dependencies/interfaces
[5.452s] -- Installing: /home/tian/ROS_ws/install/interfaces/share/ament_index/resource_index/parent_prefix_path/interfaces
[5.452s] -- Installing: /home/tian/ROS_ws/install/interfaces/share/interfaces/environment/ament_prefix_path.sh
[5.452s] -- Installing: /home/tian/ROS_ws/install/interfaces/share/interfaces/environment/ament_prefix_path.dsv
[5.452s] -- Installing: /home/tian/ROS_ws/install/interfaces/share/interfaces/environment/path.sh
[5.452s] -- Installing: /home/tian/ROS_ws/install/interfaces/share/interfaces/environment/path.dsv
[5.452s] -- Installing: /home/tian/ROS_ws/install/interfaces/share/interfaces/local_setup.bash
[5.452s] -- Installing: /home/tian/ROS_ws/install/interfaces/share/interfaces/local_setup.sh
[5.452s] -- Installing: /home/tian/ROS_ws/install/interfaces/share/interfaces/local_setup.zsh
[5.452s] -- Installing: /home/tian/ROS_ws/install/interfaces/share/interfaces/local_setup.dsv
[5.452s] -- Installing: /home/tian/ROS_ws/install/interfaces/share/interfaces/package.dsv
[5.452s] -- Installing: /home/tian/ROS_ws/install/interfaces/share/ament_index/resource_index/packages/interfaces
[5.453s] -- Installing: /home/tian/ROS_ws/install/interfaces/share/interfaces/cmake/export_interfaces__rosidl_generator_cExport.cmake
[5.453s] -- Installing: /home/tian/ROS_ws/install/interfaces/share/interfaces/cmake/export_interfaces__rosidl_generator_cExport-noconfig.cmake
[5.453s] -- Installing: /home/tian/ROS_ws/install/interfaces/share/interfaces/cmake/export_interfaces__rosidl_typesupport_fastrtps_cExport.cmake
[5.453s] -- Installing: /home/tian/ROS_ws/install/interfaces/share/interfaces/cmake/export_interfaces__rosidl_typesupport_fastrtps_cExport-noconfig.cmake
[5.453s] -- Installing: /home/tian/ROS_ws/install/interfaces/share/interfaces/cmake/interfaces__rosidl_typesupport_introspection_cExport.cmake
[5.453s] -- Installing: /home/tian/ROS_ws/install/interfaces/share/interfaces/cmake/interfaces__rosidl_typesupport_introspection_cExport-noconfig.cmake
[5.453s] -- Installing: /home/tian/ROS_ws/install/interfaces/share/interfaces/cmake/interfaces__rosidl_typesupport_cExport.cmake
[5.453s] -- Installing: /home/tian/ROS_ws/install/interfaces/share/interfaces/cmake/interfaces__rosidl_typesupport_cExport-noconfig.cmake
[5.453s] -- Installing: /home/tian/ROS_ws/install/interfaces/share/interfaces/cmake/export_interfaces__rosidl_generator_cppExport.cmake
[5.454s] -- Installing: /home/tian/ROS_ws/install/interfaces/share/interfaces/cmake/export_interfaces__rosidl_typesupport_fastrtps_cppExport.cmake
[5.454s] -- Installing: /home/tian/ROS_ws/install/interfaces/share/interfaces/cmake/export_interfaces__rosidl_typesupport_fastrtps_cppExport-noconfig.cmake
[5.454s] -- Installing: /home/tian/ROS_ws/install/interfaces/share/interfaces/cmake/interfaces__rosidl_typesupport_introspection_cppExport.cmake
[5.454s] -- Installing: /home/tian/ROS_ws/install/interfaces/share/interfaces/cmake/interfaces__rosidl_typesupport_introspection_cppExport-noconfig.cmake
[5.454s] -- Installing: /home/tian/ROS_ws/install/interfaces/share/interfaces/cmake/interfaces__rosidl_typesupport_cppExport.cmake
[5.454s] -- Installing: /home/tian/ROS_ws/install/interfaces/share/interfaces/cmake/interfaces__rosidl_typesupport_cppExport-noconfig.cmake
[5.454s] -- Installing: /home/tian/ROS_ws/install/interfaces/share/interfaces/cmake/export_interfaces__rosidl_generator_pyExport.cmake
[5.454s] -- Installing: /home/tian/ROS_ws/install/interfaces/share/interfaces/cmake/export_interfaces__rosidl_generator_pyExport-noconfig.cmake
[5.454s] -- Installing: /home/tian/ROS_ws/install/interfaces/share/interfaces/cmake/rosidl_cmake-extras.cmake
[5.454s] -- Installing: /home/tian/ROS_ws/install/interfaces/share/interfaces/cmake/ament_cmake_export_dependencies-extras.cmake
[5.455s] -- Installing: /home/tian/ROS_ws/install/interfaces/share/interfaces/cmake/ament_cmake_export_include_directories-extras.cmake
[5.455s] -- Installing: /home/tian/ROS_ws/install/interfaces/share/interfaces/cmake/ament_cmake_export_libraries-extras.cmake
[5.455s] -- Installing: /home/tian/ROS_ws/install/interfaces/share/interfaces/cmake/ament_cmake_export_targets-extras.cmake
[5.455s] -- Installing: /home/tian/ROS_ws/install/interfaces/share/interfaces/cmake/rosidl_cmake_export_typesupport_targets-extras.cmake
[5.455s] -- Installing: /home/tian/ROS_ws/install/interfaces/share/interfaces/cmake/rosidl_cmake_export_typesupport_libraries-extras.cmake
[5.455s] -- Installing: /home/tian/ROS_ws/install/interfaces/share/interfaces/cmake/interfacesConfig.cmake
[5.455s] -- Installing: /home/tian/ROS_ws/install/interfaces/share/interfaces/cmake/interfacesConfig-version.cmake
[5.455s] -- Installing: /home/tian/ROS_ws/install/interfaces/share/interfaces/package.xml
[5.458s] Invoked command in '/home/tian/ROS_ws/build/interfaces' returned '0': CMAKE_PREFIX_PATH=${CMAKE_PREFIX_PATH}:/opt/ros/jazzy DEBUGINFOD_URLS=https://debuginfod.ubuntu.com /usr/bin/cmake --install /home/tian/ROS_ws/build/interfaces
