-- The C compiler identification is GNU 13.3.0
-- The CXX compiler identification is GNU 13.3.0
-- Detecting C compiler ABI info
-- Detecting C compiler ABI info - done
-- Check for working C compiler: /usr/bin/cc - skipped
-- Detecting C compile features
-- Detecting C compile features - done
-- Detecting CXX compiler ABI info
-- Detecting CXX compiler ABI info - done
-- Check for working CXX compiler: /usr/bin/c++ - skipped
-- Detecting CXX compile features
-- Detecting CXX compile features - done
-- Found ament_cmake: 2.5.4 (/opt/ros/jazzy/share/ament_cmake/cmake)
-- Found Python3: /usr/bin/python3 (found version "3.12.3") found components: Interpreter 
-- Found interfaces: 0.0.0 (/home/tian/ROS_ws/install/interfaces/share/interfaces/cmake)
-- Found rosidl_generator_c: 4.6.6 (/opt/ros/jazzy/share/rosidl_generator_c/cmake)
-- Found rosidl_generator_cpp: 4.6.6 (/opt/ros/jazzy/share/rosidl_generator_cpp/cmake)
-- Using all available rosidl_typesupport_c: rosidl_typesupport_fastrtps_c;rosidl_typesupport_introspection_c
-- Using all available rosidl_typesupport_cpp: rosidl_typesupport_fastrtps_cpp;rosidl_typesupport_introspection_cpp
-- Found rclcpp: 28.1.11 (/opt/ros/jazzy/share/rclcpp/cmake)
-- Found rmw_implementation_cmake: 7.3.2 (/opt/ros/jazzy/share/rmw_implementation_cmake/cmake)
-- Found rmw_fastrtps_cpp: 8.4.3 (/opt/ros/jazzy/share/rmw_fastrtps_cpp/cmake)
-- Found OpenSSL: /usr/lib/x86_64-linux-gnu/libcrypto.so (found version "3.0.13")  
-- Found FastRTPS: /opt/ros/jazzy/include (Required is at least version "2.13") 
-- Using RMW implementation 'rmw_fastrtps_cpp' as default
-- Found ament_lint_auto: 0.17.3 (/opt/ros/jazzy/share/ament_lint_auto/cmake)
-- Added test 'cppcheck' to perform static code analysis on C / C++ code
-- Configured cppcheck include dirs: 
-- Configured cppcheck exclude dirs and/or files: 
-- Added test 'lint_cmake' to check CMake code style
-- Added test 'uncrustify' to check C / C++ code style
-- Configured uncrustify additional arguments: 
-- Added test 'xmllint' to check XML markup files
-- Configuring done (0.9s)
-- Generating done (0.0s)
-- Build files have been written to: /home/tian/ROS_ws/build/robot_control
[ 50%] [32mBuilding CXX object CMakeFiles/robot_control.dir/src/Robot_control.cpp.o[0m
[ 50%] [32mBuilding CXX object CMakeFiles/robot.dir/src/Robot.cpp.o[0m
[ 75%] [32m[1mLinking CXX executable robot[0m
[ 75%] Built target robot
[100%] [32m[1mLinking CXX executable robot_control[0m
[100%] Built target robot_control
-- Install configuration: ""
-- Installing: /home/tian/ROS_ws/install/robot_control/lib/robot_control/robot
-- Set non-toolchain portion of runtime path of "/home/tian/ROS_ws/install/robot_control/lib/robot_control/robot" to ""
-- Installing: /home/tian/ROS_ws/install/robot_control/lib/robot_control/robot_control
-- Set non-toolchain portion of runtime path of "/home/tian/ROS_ws/install/robot_control/lib/robot_control/robot_control" to ""
-- Installing: /home/tian/ROS_ws/install/robot_control/share/ament_index/resource_index/package_run_dependencies/robot_control
-- Installing: /home/tian/ROS_ws/install/robot_control/share/ament_index/resource_index/parent_prefix_path/robot_control
-- Installing: /home/tian/ROS_ws/install/robot_control/share/robot_control/environment/ament_prefix_path.sh
-- Installing: /home/tian/ROS_ws/install/robot_control/share/robot_control/environment/ament_prefix_path.dsv
-- Installing: /home/tian/ROS_ws/install/robot_control/share/robot_control/environment/path.sh
-- Installing: /home/tian/ROS_ws/install/robot_control/share/robot_control/environment/path.dsv
-- Installing: /home/tian/ROS_ws/install/robot_control/share/robot_control/local_setup.bash
-- Installing: /home/tian/ROS_ws/install/robot_control/share/robot_control/local_setup.sh
-- Installing: /home/tian/ROS_ws/install/robot_control/share/robot_control/local_setup.zsh
-- Installing: /home/tian/ROS_ws/install/robot_control/share/robot_control/local_setup.dsv
-- Installing: /home/tian/ROS_ws/install/robot_control/share/robot_control/package.dsv
-- Installing: /home/tian/ROS_ws/install/robot_control/share/ament_index/resource_index/packages/robot_control
-- Installing: /home/tian/ROS_ws/install/robot_control/share/robot_control/cmake/robot_controlConfig.cmake
-- Installing: /home/tian/ROS_ws/install/robot_control/share/robot_control/cmake/robot_controlConfig-version.cmake
-- Installing: /home/tian/ROS_ws/install/robot_control/share/robot_control/package.xml
