[0.007s] Invoking command in '/home/tian/ROS_ws/build/robot_control': AMENT_PREFIX_PATH=/home/tian/ROS_ws/install/interfaces:${AMENT_PREFIX_PATH} CMAKE_PREFIX_PATH=/home/tian/ROS_ws/install/interfaces:/opt/ros/jazzy/opt/gz_math_vendor:/opt/ros/jazzy/opt/gz_utils_vendor:/opt/ros/jazzy/opt/gz_cmake_vendor:/opt/ros/jazzy DEBUGINFOD_URLS=https://debuginfod.ubuntu.com LD_LIBRARY_PATH=/home/tian/ROS_ws/install/interfaces/lib:${LD_LIBRARY_PATH} PYTHONPATH=/home/tian/ROS_ws/install/interfaces/lib/python3.12/site-packages:${PYTHONPATH} /usr/bin/cmake /home/tian/ROS_ws/src/robot_control -DCMAKE_INSTALL_PREFIX=/home/tian/ROS_ws/install/robot_control
[0.057s] -- The C compiler identification is GNU 13.3.0
[0.099s] -- The CXX compiler identification is GNU 13.3.0
[0.115s] -- Detecting C compiler ABI info
[0.195s] -- Detecting C compiler ABI info - done
[0.201s] -- Check for working C compiler: /usr/bin/cc - skipped
[0.201s] -- Detecting C compile features
[0.202s] -- Detecting C compile features - done
[0.210s] -- Detecting CXX compiler ABI info
[0.296s] -- Detecting CXX compiler ABI info - done
[0.302s] -- Check for working CXX compiler: /usr/bin/c++ - skipped
[0.302s] -- Detecting CXX compile features
[0.302s] -- Detecting CXX compile features - done
[0.304s] -- Found ament_cmake: 2.5.4 (/opt/ros/jazzy/share/ament_cmake/cmake)
[0.409s] -- Found Python3: /usr/bin/python3 (found version "3.12.3") found components: Interpreter 
[0.511s] -- Found interfaces: 0.0.0 (/home/tian/ROS_ws/install/interfaces/share/interfaces/cmake)
[0.546s] -- Found rosidl_generator_c: 4.6.6 (/opt/ros/jazzy/share/rosidl_generator_c/cmake)
[0.556s] -- Found rosidl_generator_cpp: 4.6.6 (/opt/ros/jazzy/share/rosidl_generator_cpp/cmake)
[0.569s] -- Using all available rosidl_typesupport_c: rosidl_typesupport_fastrtps_c;rosidl_typesupport_introspection_c
[0.584s] -- Using all available rosidl_typesupport_cpp: rosidl_typesupport_fastrtps_cpp;rosidl_typesupport_introspection_cpp
[0.639s] -- Found rclcpp: 28.1.11 (/opt/ros/jazzy/share/rclcpp/cmake)
[0.672s] -- Found rmw_implementation_cmake: 7.3.2 (/opt/ros/jazzy/share/rmw_implementation_cmake/cmake)
[0.674s] -- Found rmw_fastrtps_cpp: 8.4.3 (/opt/ros/jazzy/share/rmw_fastrtps_cpp/cmake)
[0.741s] -- Found OpenSSL: /usr/lib/x86_64-linux-gnu/libcrypto.so (found version "3.0.13")  
[0.762s] -- Found FastRTPS: /opt/ros/jazzy/include (Required is at least version "2.13") 
[0.782s] -- Using RMW implementation 'rmw_fastrtps_cpp' as default
[0.830s] -- Found ament_lint_auto: 0.17.3 (/opt/ros/jazzy/share/ament_lint_auto/cmake)
[0.907s] -- Added test 'cppcheck' to perform static code analysis on C / C++ code
[0.907s] -- Configured cppcheck include dirs: 
[0.907s] -- Configured cppcheck exclude dirs and/or files: 
[0.908s] -- Added test 'lint_cmake' to check CMake code style
[0.908s] -- Added test 'uncrustify' to check C / C++ code style
[0.908s] -- Configured uncrustify additional arguments: 
[0.909s] -- Added test 'xmllint' to check XML markup files
[0.910s] -- Configuring done (0.9s)
[0.922s] -- Generating done (0.0s)
[0.925s] -- Build files have been written to: /home/tian/ROS_ws/build/robot_control
[0.932s] Invoked command in '/home/tian/ROS_ws/build/robot_control' returned '0': AMENT_PREFIX_PATH=/home/tian/ROS_ws/install/interfaces:${AMENT_PREFIX_PATH} CMAKE_PREFIX_PATH=/home/tian/ROS_ws/install/interfaces:/opt/ros/jazzy/opt/gz_math_vendor:/opt/ros/jazzy/opt/gz_utils_vendor:/opt/ros/jazzy/opt/gz_cmake_vendor:/opt/ros/jazzy DEBUGINFOD_URLS=https://debuginfod.ubuntu.com LD_LIBRARY_PATH=/home/tian/ROS_ws/install/interfaces/lib:${LD_LIBRARY_PATH} PYTHONPATH=/home/tian/ROS_ws/install/interfaces/lib/python3.12/site-packages:${PYTHONPATH} /usr/bin/cmake /home/tian/ROS_ws/src/robot_control -DCMAKE_INSTALL_PREFIX=/home/tian/ROS_ws/install/robot_control
[0.934s] Invoking command in '/home/tian/ROS_ws/build/robot_control': AMENT_PREFIX_PATH=/home/tian/ROS_ws/install/interfaces:${AMENT_PREFIX_PATH} CMAKE_PREFIX_PATH=/home/tian/ROS_ws/install/interfaces:/opt/ros/jazzy/opt/gz_math_vendor:/opt/ros/jazzy/opt/gz_utils_vendor:/opt/ros/jazzy/opt/gz_cmake_vendor:/opt/ros/jazzy DEBUGINFOD_URLS=https://debuginfod.ubuntu.com LD_LIBRARY_PATH=/home/tian/ROS_ws/install/interfaces/lib:${LD_LIBRARY_PATH} PYTHONPATH=/home/tian/ROS_ws/install/interfaces/lib/python3.12/site-packages:${PYTHONPATH} /usr/bin/cmake --build /home/tian/ROS_ws/build/robot_control -- -j16 -l16
[0.983s] [ 50%] [32mBuilding CXX object CMakeFiles/robot_control.dir/src/Robot_control.cpp.o[0m
[0.983s] [ 50%] [32mBuilding CXX object CMakeFiles/robot.dir/src/Robot.cpp.o[0m
[4.416s] [ 75%] [32m[1mLinking CXX executable robot[0m
[4.546s] [ 75%] Built target robot
[6.569s] [100%] [32m[1mLinking CXX executable robot_control[0m
[6.793s] [100%] Built target robot_control
[6.802s] Invoked command in '/home/tian/ROS_ws/build/robot_control' returned '0': AMENT_PREFIX_PATH=/home/tian/ROS_ws/install/interfaces:${AMENT_PREFIX_PATH} CMAKE_PREFIX_PATH=/home/tian/ROS_ws/install/interfaces:/opt/ros/jazzy/opt/gz_math_vendor:/opt/ros/jazzy/opt/gz_utils_vendor:/opt/ros/jazzy/opt/gz_cmake_vendor:/opt/ros/jazzy DEBUGINFOD_URLS=https://debuginfod.ubuntu.com LD_LIBRARY_PATH=/home/tian/ROS_ws/install/interfaces/lib:${LD_LIBRARY_PATH} PYTHONPATH=/home/tian/ROS_ws/install/interfaces/lib/python3.12/site-packages:${PYTHONPATH} /usr/bin/cmake --build /home/tian/ROS_ws/build/robot_control -- -j16 -l16
[6.803s] Invoking command in '/home/tian/ROS_ws/build/robot_control': AMENT_PREFIX_PATH=/home/tian/ROS_ws/install/interfaces:${AMENT_PREFIX_PATH} CMAKE_PREFIX_PATH=/home/tian/ROS_ws/install/interfaces:/opt/ros/jazzy/opt/gz_math_vendor:/opt/ros/jazzy/opt/gz_utils_vendor:/opt/ros/jazzy/opt/gz_cmake_vendor:/opt/ros/jazzy DEBUGINFOD_URLS=https://debuginfod.ubuntu.com LD_LIBRARY_PATH=/home/tian/ROS_ws/install/interfaces/lib:${LD_LIBRARY_PATH} PYTHONPATH=/home/tian/ROS_ws/install/interfaces/lib/python3.12/site-packages:${PYTHONPATH} /usr/bin/cmake --install /home/tian/ROS_ws/build/robot_control
[6.809s] -- Install configuration: ""
[6.809s] -- Installing: /home/tian/ROS_ws/install/robot_control/lib/robot_control/robot
[6.810s] -- Set non-toolchain portion of runtime path of "/home/tian/ROS_ws/install/robot_control/lib/robot_control/robot" to ""
[6.810s] -- Installing: /home/tian/ROS_ws/install/robot_control/lib/robot_control/robot_control
[6.814s] -- Set non-toolchain portion of runtime path of "/home/tian/ROS_ws/install/robot_control/lib/robot_control/robot_control" to ""
[6.814s] -- Installing: /home/tian/ROS_ws/install/robot_control/share/ament_index/resource_index/package_run_dependencies/robot_control
[6.815s] -- Installing: /home/tian/ROS_ws/install/robot_control/share/ament_index/resource_index/parent_prefix_path/robot_control
[6.815s] -- Installing: /home/tian/ROS_ws/install/robot_control/share/robot_control/environment/ament_prefix_path.sh
[6.815s] -- Installing: /home/tian/ROS_ws/install/robot_control/share/robot_control/environment/ament_prefix_path.dsv
[6.815s] -- Installing: /home/tian/ROS_ws/install/robot_control/share/robot_control/environment/path.sh
[6.815s] -- Installing: /home/tian/ROS_ws/install/robot_control/share/robot_control/environment/path.dsv
[6.815s] -- Installing: /home/tian/ROS_ws/install/robot_control/share/robot_control/local_setup.bash
[6.815s] -- Installing: /home/tian/ROS_ws/install/robot_control/share/robot_control/local_setup.sh
[6.815s] -- Installing: /home/tian/ROS_ws/install/robot_control/share/robot_control/local_setup.zsh
[6.815s] -- Installing: /home/tian/ROS_ws/install/robot_control/share/robot_control/local_setup.dsv
[6.815s] -- Installing: /home/tian/ROS_ws/install/robot_control/share/robot_control/package.dsv
[6.816s] -- Installing: /home/tian/ROS_ws/install/robot_control/share/ament_index/resource_index/packages/robot_control
[6.816s] -- Installing: /home/tian/ROS_ws/install/robot_control/share/robot_control/cmake/robot_controlConfig.cmake
[6.816s] -- Installing: /home/tian/ROS_ws/install/robot_control/share/robot_control/cmake/robot_controlConfig-version.cmake
[6.816s] -- Installing: /home/tian/ROS_ws/install/robot_control/share/robot_control/package.xml
[6.818s] Invoked command in '/home/tian/ROS_ws/build/robot_control' returned '0': AMENT_PREFIX_PATH=/home/tian/ROS_ws/install/interfaces:${AMENT_PREFIX_PATH} CMAKE_PREFIX_PATH=/home/tian/ROS_ws/install/interfaces:/opt/ros/jazzy/opt/gz_math_vendor:/opt/ros/jazzy/opt/gz_utils_vendor:/opt/ros/jazzy/opt/gz_cmake_vendor:/opt/ros/jazzy DEBUGINFOD_URLS=https://debuginfod.ubuntu.com LD_LIBRARY_PATH=/home/tian/ROS_ws/install/interfaces/lib:${LD_LIBRARY_PATH} PYTHONPATH=/home/tian/ROS_ws/install/interfaces/lib/python3.12/site-packages:${PYTHONPATH} /usr/bin/cmake --install /home/tian/ROS_ws/build/robot_control
