[0.075s] DEBUG:colcon:Command line arguments: ['/usr/bin/colcon', 'build']
[0.075s] DEBUG:colcon:Parsed command line arguments: Namespace(log_base=None, log_level=None, verb_name='build', build_base='build', install_base='install', merge_install=False, symlink_install=False, test_result_base=None, continue_on_error=False, executor='parallel', parallel_workers=16, event_handlers=None, ignore_user_meta=False, metas=['./colcon.meta'], base_paths=['.'], packages_ignore=None, packages_ignore_regex=None, paths=None, packages_up_to=None, packages_up_to_regex=None, packages_above=None, packages_above_and_dependencies=None, packages_above_depth=None, packages_select_by_dep=None, packages_skip_by_dep=None, packages_skip_up_to=None, packages_select_build_failed=False, packages_skip_build_finished=False, packages_select_test_failures=False, packages_skip_test_passed=False, packages_select=None, packages_skip=None, packages_select_regex=None, packages_skip_regex=None, packages_start=None, packages_end=None, allow_overriding=[], cmake_args=None, cmake_target=None, cmake_target_skip_unavailable=False, cmake_clean_cache=False, cmake_clean_first=False, cmake_force_configure=False, ament_cmake_args=None, catkin_cmake_args=None, catkin_skip_building_tests=False, verb_parser=<colcon_defaults.argument_parser.defaults.DefaultArgumentsDecorator object at 0x7c9dd0d556a0>, verb_extension=<colcon_core.verb.build.BuildVerb object at 0x7c9dd0ef34a0>, main=<bound method BuildVerb.main of <colcon_core.verb.build.BuildVerb object at 0x7c9dd0ef34a0>>)
[0.114s] Level 1:colcon.colcon_core.package_discovery:discover_packages(colcon_meta) check parameters
[0.114s] Level 1:colcon.colcon_core.package_discovery:discover_packages(recursive) check parameters
[0.114s] Level 1:colcon.colcon_core.package_discovery:discover_packages(ignore) check parameters
[0.114s] Level 1:colcon.colcon_core.package_discovery:discover_packages(path) check parameters
[0.114s] Level 1:colcon.colcon_core.package_discovery:discover_packages(colcon_meta) discover
[0.114s] Level 1:colcon.colcon_core.package_discovery:discover_packages(recursive) discover
[0.114s] INFO:colcon.colcon_core.package_discovery:Crawling recursively for packages in '/home/tian/ROS_ws'
[0.114s] Level 1:colcon.colcon_core.package_identification:_identify(.) by extensions ['ignore', 'ignore_ament_install']
[0.114s] Level 1:colcon.colcon_core.package_identification:_identify(.) by extension 'ignore'
[0.114s] Level 1:colcon.colcon_core.package_identification:_identify(.) by extension 'ignore_ament_install'
[0.115s] Level 1:colcon.colcon_core.package_identification:_identify(.) by extensions ['colcon_pkg']
[0.115s] Level 1:colcon.colcon_core.package_identification:_identify(.) by extension 'colcon_pkg'
[0.115s] Level 1:colcon.colcon_core.package_identification:_identify(.) by extensions ['colcon_meta']
[0.115s] Level 1:colcon.colcon_core.package_identification:_identify(.) by extension 'colcon_meta'
[0.115s] Level 1:colcon.colcon_core.package_identification:_identify(.) by extensions ['ros']
[0.115s] Level 1:colcon.colcon_core.package_identification:_identify(.) by extension 'ros'
[0.136s] Level 1:colcon.colcon_core.package_identification:_identify(.) by extensions ['cmake', 'python']
[0.136s] Level 1:colcon.colcon_core.package_identification:_identify(.) by extension 'cmake'
[0.136s] Level 1:colcon.colcon_core.package_identification:_identify(.) by extension 'python'
[0.136s] Level 1:colcon.colcon_core.package_identification:_identify(.) by extensions ['python_setup_py']
[0.136s] Level 1:colcon.colcon_core.package_identification:_identify(.) by extension 'python_setup_py'
[0.136s] Level 1:colcon.colcon_core.package_identification:_identify(build) by extensions ['ignore', 'ignore_ament_install']
[0.136s] Level 1:colcon.colcon_core.package_identification:_identify(build) by extension 'ignore'
[0.136s] Level 1:colcon.colcon_core.package_identification:_identify(build) ignored
[0.136s] Level 1:colcon.colcon_core.package_identification:_identify(install) by extensions ['ignore', 'ignore_ament_install']
[0.136s] Level 1:colcon.colcon_core.package_identification:_identify(install) by extension 'ignore'
[0.136s] Level 1:colcon.colcon_core.package_identification:_identify(install) ignored
[0.136s] Level 1:colcon.colcon_core.package_identification:_identify(log) by extensions ['ignore', 'ignore_ament_install']
[0.136s] Level 1:colcon.colcon_core.package_identification:_identify(log) by extension 'ignore'
[0.136s] Level 1:colcon.colcon_core.package_identification:_identify(log) ignored
[0.136s] Level 1:colcon.colcon_core.package_identification:_identify(src) by extensions ['ignore', 'ignore_ament_install']
[0.136s] Level 1:colcon.colcon_core.package_identification:_identify(src) by extension 'ignore'
[0.136s] Level 1:colcon.colcon_core.package_identification:_identify(src) by extension 'ignore_ament_install'
[0.136s] Level 1:colcon.colcon_core.package_identification:_identify(src) by extensions ['colcon_pkg']
[0.136s] Level 1:colcon.colcon_core.package_identification:_identify(src) by extension 'colcon_pkg'
[0.137s] Level 1:colcon.colcon_core.package_identification:_identify(src) by extensions ['colcon_meta']
[0.137s] Level 1:colcon.colcon_core.package_identification:_identify(src) by extension 'colcon_meta'
[0.137s] Level 1:colcon.colcon_core.package_identification:_identify(src) by extensions ['ros']
[0.137s] Level 1:colcon.colcon_core.package_identification:_identify(src) by extension 'ros'
[0.137s] Level 1:colcon.colcon_core.package_identification:_identify(src) by extensions ['cmake', 'python']
[0.137s] Level 1:colcon.colcon_core.package_identification:_identify(src) by extension 'cmake'
[0.137s] Level 1:colcon.colcon_core.package_identification:_identify(src) by extension 'python'
[0.137s] Level 1:colcon.colcon_core.package_identification:_identify(src) by extensions ['python_setup_py']
[0.137s] Level 1:colcon.colcon_core.package_identification:_identify(src) by extension 'python_setup_py'
[0.137s] Level 1:colcon.colcon_core.package_identification:_identify(src/demo1_cpp) by extensions ['ignore', 'ignore_ament_install']
[0.137s] Level 1:colcon.colcon_core.package_identification:_identify(src/demo1_cpp) by extension 'ignore'
[0.137s] Level 1:colcon.colcon_core.package_identification:_identify(src/demo1_cpp) by extension 'ignore_ament_install'
[0.137s] Level 1:colcon.colcon_core.package_identification:_identify(src/demo1_cpp) by extensions ['colcon_pkg']
[0.137s] Level 1:colcon.colcon_core.package_identification:_identify(src/demo1_cpp) by extension 'colcon_pkg'
[0.137s] Level 1:colcon.colcon_core.package_identification:_identify(src/demo1_cpp) by extensions ['colcon_meta']
[0.137s] Level 1:colcon.colcon_core.package_identification:_identify(src/demo1_cpp) by extension 'colcon_meta'
[0.137s] Level 1:colcon.colcon_core.package_identification:_identify(src/demo1_cpp) by extensions ['ros']
[0.137s] Level 1:colcon.colcon_core.package_identification:_identify(src/demo1_cpp) by extension 'ros'
[0.140s] DEBUG:colcon.colcon_core.package_identification:Package 'src/demo1_cpp' with type 'ros.ament_cmake' and name 'demo1_cpp'
[0.140s] Level 1:colcon.colcon_core.package_identification:_identify(src/interfaces) by extensions ['ignore', 'ignore_ament_install']
[0.140s] Level 1:colcon.colcon_core.package_identification:_identify(src/interfaces) by extension 'ignore'
[0.140s] Level 1:colcon.colcon_core.package_identification:_identify(src/interfaces) by extension 'ignore_ament_install'
[0.140s] Level 1:colcon.colcon_core.package_identification:_identify(src/interfaces) by extensions ['colcon_pkg']
[0.140s] Level 1:colcon.colcon_core.package_identification:_identify(src/interfaces) by extension 'colcon_pkg'
[0.140s] Level 1:colcon.colcon_core.package_identification:_identify(src/interfaces) by extensions ['colcon_meta']
[0.140s] Level 1:colcon.colcon_core.package_identification:_identify(src/interfaces) by extension 'colcon_meta'
[0.140s] Level 1:colcon.colcon_core.package_identification:_identify(src/interfaces) by extensions ['ros']
[0.140s] Level 1:colcon.colcon_core.package_identification:_identify(src/interfaces) by extension 'ros'
[0.140s] DEBUG:colcon.colcon_core.package_identification:Package 'src/interfaces' with type 'ros.ament_cmake' and name 'interfaces'
[0.141s] Level 1:colcon.colcon_core.package_identification:_identify(src/service_cpp) by extensions ['ignore', 'ignore_ament_install']
[0.141s] Level 1:colcon.colcon_core.package_identification:_identify(src/service_cpp) by extension 'ignore'
[0.141s] Level 1:colcon.colcon_core.package_identification:_identify(src/service_cpp) by extension 'ignore_ament_install'
[0.141s] Level 1:colcon.colcon_core.package_identification:_identify(src/service_cpp) by extensions ['colcon_pkg']
[0.141s] Level 1:colcon.colcon_core.package_identification:_identify(src/service_cpp) by extension 'colcon_pkg'
[0.141s] Level 1:colcon.colcon_core.package_identification:_identify(src/service_cpp) by extensions ['colcon_meta']
[0.141s] Level 1:colcon.colcon_core.package_identification:_identify(src/service_cpp) by extension 'colcon_meta'
[0.141s] Level 1:colcon.colcon_core.package_identification:_identify(src/service_cpp) by extensions ['ros']
[0.141s] Level 1:colcon.colcon_core.package_identification:_identify(src/service_cpp) by extension 'ros'
[0.141s] DEBUG:colcon.colcon_core.package_identification:Package 'src/service_cpp' with type 'ros.ament_cmake' and name 'service_cpp'
[0.141s] Level 1:colcon.colcon_core.package_identification:_identify(src/topic_cpp) by extensions ['ignore', 'ignore_ament_install']
[0.141s] Level 1:colcon.colcon_core.package_identification:_identify(src/topic_cpp) by extension 'ignore'
[0.141s] Level 1:colcon.colcon_core.package_identification:_identify(src/topic_cpp) by extension 'ignore_ament_install'
[0.141s] Level 1:colcon.colcon_core.package_identification:_identify(src/topic_cpp) by extensions ['colcon_pkg']
[0.141s] Level 1:colcon.colcon_core.package_identification:_identify(src/topic_cpp) by extension 'colcon_pkg'
[0.141s] Level 1:colcon.colcon_core.package_identification:_identify(src/topic_cpp) by extensions ['colcon_meta']
[0.141s] Level 1:colcon.colcon_core.package_identification:_identify(src/topic_cpp) by extension 'colcon_meta'
[0.141s] Level 1:colcon.colcon_core.package_identification:_identify(src/topic_cpp) by extensions ['ros']
[0.141s] Level 1:colcon.colcon_core.package_identification:_identify(src/topic_cpp) by extension 'ros'
[0.142s] DEBUG:colcon.colcon_core.package_identification:Package 'src/topic_cpp' with type 'ros.ament_cmake' and name 'topic_cpp'
[0.142s] Level 1:colcon.colcon_core.package_discovery:discover_packages(recursive) using defaults
[0.142s] Level 1:colcon.colcon_core.package_discovery:discover_packages(ignore) discover
[0.142s] Level 1:colcon.colcon_core.package_discovery:discover_packages(ignore) using defaults
[0.142s] Level 1:colcon.colcon_core.package_discovery:discover_packages(path) discover
[0.142s] Level 1:colcon.colcon_core.package_discovery:discover_packages(path) using defaults
[0.157s] Level 1:colcon.colcon_core.package_discovery:discover_packages(prefix_path) check parameters
[0.157s] Level 1:colcon.colcon_core.package_discovery:discover_packages(prefix_path) discover
[0.159s] DEBUG:colcon.colcon_installed_package_information.package_discovery:Found 5 installed packages in /home/tian/ROS_ws/install
[0.160s] DEBUG:colcon.colcon_installed_package_information.package_discovery:Found 285 installed packages in /opt/ros/jazzy
[0.160s] Level 1:colcon.colcon_core.package_discovery:discover_packages(prefix_path) using defaults
[0.187s] Level 5:colcon.colcon_core.verb:set package 'demo1_cpp' build argument 'cmake_args' from command line to 'None'
[0.187s] Level 5:colcon.colcon_core.verb:set package 'demo1_cpp' build argument 'cmake_target' from command line to 'None'
[0.187s] Level 5:colcon.colcon_core.verb:set package 'demo1_cpp' build argument 'cmake_target_skip_unavailable' from command line to 'False'
[0.187s] Level 5:colcon.colcon_core.verb:set package 'demo1_cpp' build argument 'cmake_clean_cache' from command line to 'False'
[0.187s] Level 5:colcon.colcon_core.verb:set package 'demo1_cpp' build argument 'cmake_clean_first' from command line to 'False'
[0.187s] Level 5:colcon.colcon_core.verb:set package 'demo1_cpp' build argument 'cmake_force_configure' from command line to 'False'
[0.187s] Level 5:colcon.colcon_core.verb:set package 'demo1_cpp' build argument 'ament_cmake_args' from command line to 'None'
[0.187s] Level 5:colcon.colcon_core.verb:set package 'demo1_cpp' build argument 'catkin_cmake_args' from command line to 'None'
[0.187s] Level 5:colcon.colcon_core.verb:set package 'demo1_cpp' build argument 'catkin_skip_building_tests' from command line to 'False'
[0.187s] DEBUG:colcon.colcon_core.verb:Building package 'demo1_cpp' with the following arguments: {'ament_cmake_args': None, 'build_base': '/home/tian/ROS_ws/build/demo1_cpp', 'catkin_cmake_args': None, 'catkin_skip_building_tests': False, 'cmake_args': None, 'cmake_clean_cache': False, 'cmake_clean_first': False, 'cmake_force_configure': False, 'cmake_target': None, 'cmake_target_skip_unavailable': False, 'install_base': '/home/tian/ROS_ws/install/demo1_cpp', 'merge_install': False, 'path': '/home/tian/ROS_ws/src/demo1_cpp', 'symlink_install': False, 'test_result_base': None}
[0.188s] Level 5:colcon.colcon_core.verb:set package 'interfaces' build argument 'cmake_args' from command line to 'None'
[0.188s] Level 5:colcon.colcon_core.verb:set package 'interfaces' build argument 'cmake_target' from command line to 'None'
[0.188s] Level 5:colcon.colcon_core.verb:set package 'interfaces' build argument 'cmake_target_skip_unavailable' from command line to 'False'
[0.188s] Level 5:colcon.colcon_core.verb:set package 'interfaces' build argument 'cmake_clean_cache' from command line to 'False'
[0.188s] Level 5:colcon.colcon_core.verb:set package 'interfaces' build argument 'cmake_clean_first' from command line to 'False'
[0.188s] Level 5:colcon.colcon_core.verb:set package 'interfaces' build argument 'cmake_force_configure' from command line to 'False'
[0.188s] Level 5:colcon.colcon_core.verb:set package 'interfaces' build argument 'ament_cmake_args' from command line to 'None'
[0.188s] Level 5:colcon.colcon_core.verb:set package 'interfaces' build argument 'catkin_cmake_args' from command line to 'None'
[0.188s] Level 5:colcon.colcon_core.verb:set package 'interfaces' build argument 'catkin_skip_building_tests' from command line to 'False'
[0.188s] DEBUG:colcon.colcon_core.verb:Building package 'interfaces' with the following arguments: {'ament_cmake_args': None, 'build_base': '/home/tian/ROS_ws/build/interfaces', 'catkin_cmake_args': None, 'catkin_skip_building_tests': False, 'cmake_args': None, 'cmake_clean_cache': False, 'cmake_clean_first': False, 'cmake_force_configure': False, 'cmake_target': None, 'cmake_target_skip_unavailable': False, 'install_base': '/home/tian/ROS_ws/install/interfaces', 'merge_install': False, 'path': '/home/tian/ROS_ws/src/interfaces', 'symlink_install': False, 'test_result_base': None}
[0.188s] Level 5:colcon.colcon_core.verb:set package 'service_cpp' build argument 'cmake_args' from command line to 'None'
[0.188s] Level 5:colcon.colcon_core.verb:set package 'service_cpp' build argument 'cmake_target' from command line to 'None'
[0.188s] Level 5:colcon.colcon_core.verb:set package 'service_cpp' build argument 'cmake_target_skip_unavailable' from command line to 'False'
[0.188s] Level 5:colcon.colcon_core.verb:set package 'service_cpp' build argument 'cmake_clean_cache' from command line to 'False'
[0.188s] Level 5:colcon.colcon_core.verb:set package 'service_cpp' build argument 'cmake_clean_first' from command line to 'False'
[0.188s] Level 5:colcon.colcon_core.verb:set package 'service_cpp' build argument 'cmake_force_configure' from command line to 'False'
[0.188s] Level 5:colcon.colcon_core.verb:set package 'service_cpp' build argument 'ament_cmake_args' from command line to 'None'
[0.188s] Level 5:colcon.colcon_core.verb:set package 'service_cpp' build argument 'catkin_cmake_args' from command line to 'None'
[0.188s] Level 5:colcon.colcon_core.verb:set package 'service_cpp' build argument 'catkin_skip_building_tests' from command line to 'False'
[0.188s] DEBUG:colcon.colcon_core.verb:Building package 'service_cpp' with the following arguments: {'ament_cmake_args': None, 'build_base': '/home/tian/ROS_ws/build/service_cpp', 'catkin_cmake_args': None, 'catkin_skip_building_tests': False, 'cmake_args': None, 'cmake_clean_cache': False, 'cmake_clean_first': False, 'cmake_force_configure': False, 'cmake_target': None, 'cmake_target_skip_unavailable': False, 'install_base': '/home/tian/ROS_ws/install/service_cpp', 'merge_install': False, 'path': '/home/tian/ROS_ws/src/service_cpp', 'symlink_install': False, 'test_result_base': None}
[0.188s] Level 5:colcon.colcon_core.verb:set package 'topic_cpp' build argument 'cmake_args' from command line to 'None'
[0.188s] Level 5:colcon.colcon_core.verb:set package 'topic_cpp' build argument 'cmake_target' from command line to 'None'
[0.188s] Level 5:colcon.colcon_core.verb:set package 'topic_cpp' build argument 'cmake_target_skip_unavailable' from command line to 'False'
[0.188s] Level 5:colcon.colcon_core.verb:set package 'topic_cpp' build argument 'cmake_clean_cache' from command line to 'False'
[0.188s] Level 5:colcon.colcon_core.verb:set package 'topic_cpp' build argument 'cmake_clean_first' from command line to 'False'
[0.188s] Level 5:colcon.colcon_core.verb:set package 'topic_cpp' build argument 'cmake_force_configure' from command line to 'False'
[0.188s] Level 5:colcon.colcon_core.verb:set package 'topic_cpp' build argument 'ament_cmake_args' from command line to 'None'
[0.188s] Level 5:colcon.colcon_core.verb:set package 'topic_cpp' build argument 'catkin_cmake_args' from command line to 'None'
[0.188s] Level 5:colcon.colcon_core.verb:set package 'topic_cpp' build argument 'catkin_skip_building_tests' from command line to 'False'
[0.188s] DEBUG:colcon.colcon_core.verb:Building package 'topic_cpp' with the following arguments: {'ament_cmake_args': None, 'build_base': '/home/tian/ROS_ws/build/topic_cpp', 'catkin_cmake_args': None, 'catkin_skip_building_tests': False, 'cmake_args': None, 'cmake_clean_cache': False, 'cmake_clean_first': False, 'cmake_force_configure': False, 'cmake_target': None, 'cmake_target_skip_unavailable': False, 'install_base': '/home/tian/ROS_ws/install/topic_cpp', 'merge_install': False, 'path': '/home/tian/ROS_ws/src/topic_cpp', 'symlink_install': False, 'test_result_base': None}
[0.188s] INFO:colcon.colcon_core.executor:Executing jobs using 'parallel' executor
[0.190s] DEBUG:colcon.colcon_parallel_executor.executor.parallel:run_until_complete
[0.190s] INFO:colcon.colcon_ros.task.ament_cmake.build:Building ROS package in '/home/tian/ROS_ws/src/demo1_cpp' with build type 'ament_cmake'
[0.190s] INFO:colcon.colcon_cmake.task.cmake.build:Building CMake package in '/home/tian/ROS_ws/src/demo1_cpp'
[0.191s] INFO:colcon.colcon_core.plugin_system:Skipping extension 'colcon_core.shell.bat': Not used on non-Windows systems
[0.192s] INFO:colcon.colcon_core.shell:Skip shell extension 'powershell' for command environment: Not usable outside of PowerShell
[0.192s] DEBUG:colcon.colcon_core.shell:Skip shell extension 'dsv' for command environment
[0.195s] INFO:colcon.colcon_ros.task.ament_cmake.build:Building ROS package in '/home/tian/ROS_ws/src/interfaces' with build type 'ament_cmake'
[0.195s] INFO:colcon.colcon_cmake.task.cmake.build:Building CMake package in '/home/tian/ROS_ws/src/interfaces'
[0.195s] INFO:colcon.colcon_core.shell:Skip shell extension 'powershell' for command environment: Not usable outside of PowerShell
[0.195s] DEBUG:colcon.colcon_core.shell:Skip shell extension 'dsv' for command environment
[0.198s] INFO:colcon.colcon_ros.task.ament_cmake.build:Building ROS package in '/home/tian/ROS_ws/src/service_cpp' with build type 'ament_cmake'
[0.199s] INFO:colcon.colcon_cmake.task.cmake.build:Building CMake package in '/home/tian/ROS_ws/src/service_cpp'
[0.199s] INFO:colcon.colcon_core.shell:Skip shell extension 'powershell' for command environment: Not usable outside of PowerShell
[0.199s] DEBUG:colcon.colcon_core.shell:Skip shell extension 'dsv' for command environment
[0.202s] INFO:colcon.colcon_ros.task.ament_cmake.build:Building ROS package in '/home/tian/ROS_ws/src/topic_cpp' with build type 'ament_cmake'
[0.202s] INFO:colcon.colcon_cmake.task.cmake.build:Building CMake package in '/home/tian/ROS_ws/src/topic_cpp'
[0.202s] INFO:colcon.colcon_core.shell:Skip shell extension 'powershell' for command environment: Not usable outside of PowerShell
[0.202s] DEBUG:colcon.colcon_core.shell:Skip shell extension 'dsv' for command environment
[0.213s] DEBUG:colcon.colcon_core.event_handler.log_command:Invoking command in '/home/tian/ROS_ws/build/demo1_cpp': CMAKE_PREFIX_PATH=${CMAKE_PREFIX_PATH}:/opt/ros/jazzy DEBUGINFOD_URLS=https://debuginfod.ubuntu.com /usr/bin/cmake --build /home/tian/ROS_ws/build/demo1_cpp -- -j16 -l16
[0.216s] DEBUG:colcon.colcon_core.event_handler.log_command:Invoking command in '/home/tian/ROS_ws/build/interfaces': CMAKE_PREFIX_PATH=${CMAKE_PREFIX_PATH}:/opt/ros/jazzy DEBUGINFOD_URLS=https://debuginfod.ubuntu.com /usr/bin/cmake /home/tian/ROS_ws/src/interfaces -DCMAKE_INSTALL_PREFIX=/home/tian/ROS_ws/install/interfaces
[0.219s] DEBUG:colcon.colcon_core.event_handler.log_command:Invoking command in '/home/tian/ROS_ws/build/service_cpp': CMAKE_PREFIX_PATH=${CMAKE_PREFIX_PATH}:/opt/ros/jazzy DEBUGINFOD_URLS=https://debuginfod.ubuntu.com /usr/bin/cmake --build /home/tian/ROS_ws/build/service_cpp -- -j16 -l16
[0.226s] DEBUG:colcon.colcon_core.event_handler.log_command:Invoking command in '/home/tian/ROS_ws/build/topic_cpp': CMAKE_PREFIX_PATH=${CMAKE_PREFIX_PATH}:/opt/ros/jazzy DEBUGINFOD_URLS=https://debuginfod.ubuntu.com /usr/bin/cmake --build /home/tian/ROS_ws/build/topic_cpp -- -j16 -l16
[0.312s] DEBUG:colcon.colcon_core.event_handler.log_command:Invoked command in '/home/tian/ROS_ws/build/service_cpp' returned '0': CMAKE_PREFIX_PATH=${CMAKE_PREFIX_PATH}:/opt/ros/jazzy DEBUGINFOD_URLS=https://debuginfod.ubuntu.com /usr/bin/cmake --build /home/tian/ROS_ws/build/service_cpp -- -j16 -l16
[0.331s] DEBUG:colcon.colcon_core.event_handler.log_command:Invoking command in '/home/tian/ROS_ws/build/service_cpp': CMAKE_PREFIX_PATH=${CMAKE_PREFIX_PATH}:/opt/ros/jazzy DEBUGINFOD_URLS=https://debuginfod.ubuntu.com /usr/bin/cmake --install /home/tian/ROS_ws/build/service_cpp
[0.332s] DEBUG:colcon.colcon_core.event_handler.log_command:Invoked command in '/home/tian/ROS_ws/build/demo1_cpp' returned '0': CMAKE_PREFIX_PATH=${CMAKE_PREFIX_PATH}:/opt/ros/jazzy DEBUGINFOD_URLS=https://debuginfod.ubuntu.com /usr/bin/cmake --build /home/tian/ROS_ws/build/demo1_cpp -- -j16 -l16
[0.334s] DEBUG:colcon.colcon_core.event_handler.log_command:Invoking command in '/home/tian/ROS_ws/build/demo1_cpp': CMAKE_PREFIX_PATH=${CMAKE_PREFIX_PATH}:/opt/ros/jazzy DEBUGINFOD_URLS=https://debuginfod.ubuntu.com /usr/bin/cmake --install /home/tian/ROS_ws/build/demo1_cpp
[0.335s] DEBUG:colcon.colcon_core.event_handler.log_command:Invoked command in '/home/tian/ROS_ws/build/topic_cpp' returned '0': CMAKE_PREFIX_PATH=${CMAKE_PREFIX_PATH}:/opt/ros/jazzy DEBUGINFOD_URLS=https://debuginfod.ubuntu.com /usr/bin/cmake --build /home/tian/ROS_ws/build/topic_cpp -- -j16 -l16
[0.336s] DEBUG:colcon.colcon_core.event_handler.log_command:Invoking command in '/home/tian/ROS_ws/build/topic_cpp': CMAKE_PREFIX_PATH=${CMAKE_PREFIX_PATH}:/opt/ros/jazzy DEBUGINFOD_URLS=https://debuginfod.ubuntu.com /usr/bin/cmake --install /home/tian/ROS_ws/build/topic_cpp
[0.347s] Level 1:colcon.colcon_core.environment:create_environment_scripts_only(service_cpp)
[0.348s] DEBUG:colcon.colcon_core.event_handler.log_command:Invoked command in '/home/tian/ROS_ws/build/service_cpp' returned '0': CMAKE_PREFIX_PATH=${CMAKE_PREFIX_PATH}:/opt/ros/jazzy DEBUGINFOD_URLS=https://debuginfod.ubuntu.com /usr/bin/cmake --install /home/tian/ROS_ws/build/service_cpp
[0.350s] Level 1:colcon.colcon_core.environment:checking '/home/tian/ROS_ws/install/service_cpp' for CMake module files
[0.350s] Level 1:colcon.colcon_core.environment:checking '/home/tian/ROS_ws/install/service_cpp' for CMake config files
[0.350s] Level 1:colcon.colcon_core.shell:create_environment_hook('service_cpp', 'cmake_prefix_path')
[0.351s] INFO:colcon.colcon_core.shell:Creating environment hook '/home/tian/ROS_ws/install/service_cpp/share/service_cpp/hook/cmake_prefix_path.ps1'
[0.351s] INFO:colcon.colcon_core.shell:Creating environment descriptor '/home/tian/ROS_ws/install/service_cpp/share/service_cpp/hook/cmake_prefix_path.dsv'
[0.351s] INFO:colcon.colcon_core.shell:Creating environment hook '/home/tian/ROS_ws/install/service_cpp/share/service_cpp/hook/cmake_prefix_path.sh'
[0.352s] Level 1:colcon.colcon_core.environment:checking '/home/tian/ROS_ws/install/service_cpp/lib'
[0.352s] Level 1:colcon.colcon_core.environment:checking '/home/tian/ROS_ws/install/service_cpp/bin'
[0.352s] Level 1:colcon.colcon_core.environment:checking '/home/tian/ROS_ws/install/service_cpp/lib/pkgconfig/service_cpp.pc'
[0.353s] Level 1:colcon.colcon_core.environment:checking '/home/tian/ROS_ws/install/service_cpp/lib/python3.12/site-packages'
[0.353s] Level 1:colcon.colcon_core.environment:checking '/home/tian/ROS_ws/install/service_cpp/bin'
[0.353s] INFO:colcon.colcon_core.shell:Creating package script '/home/tian/ROS_ws/install/service_cpp/share/service_cpp/package.ps1'
[0.354s] INFO:colcon.colcon_core.shell:Creating package descriptor '/home/tian/ROS_ws/install/service_cpp/share/service_cpp/package.dsv'
[0.354s] INFO:colcon.colcon_core.shell:Creating package script '/home/tian/ROS_ws/install/service_cpp/share/service_cpp/package.sh'
[0.354s] INFO:colcon.colcon_core.shell:Creating package script '/home/tian/ROS_ws/install/service_cpp/share/service_cpp/package.bash'
[0.355s] INFO:colcon.colcon_core.shell:Creating package script '/home/tian/ROS_ws/install/service_cpp/share/service_cpp/package.zsh'
[0.355s] Level 1:colcon.colcon_core.environment:create_file_with_runtime_dependencies(/home/tian/ROS_ws/install/service_cpp/share/colcon-core/packages/service_cpp)
[0.356s] Level 1:colcon.colcon_core.environment:create_environment_scripts_only(service_cpp)
[0.356s] Level 1:colcon.colcon_core.environment:checking '/home/tian/ROS_ws/install/service_cpp' for CMake module files
[0.356s] Level 1:colcon.colcon_core.environment:checking '/home/tian/ROS_ws/install/service_cpp' for CMake config files
[0.356s] Level 1:colcon.colcon_core.shell:create_environment_hook('service_cpp', 'cmake_prefix_path')
[0.356s] INFO:colcon.colcon_core.shell:Creating environment hook '/home/tian/ROS_ws/install/service_cpp/share/service_cpp/hook/cmake_prefix_path.ps1'
[0.357s] INFO:colcon.colcon_core.shell:Creating environment descriptor '/home/tian/ROS_ws/install/service_cpp/share/service_cpp/hook/cmake_prefix_path.dsv'
[0.357s] INFO:colcon.colcon_core.shell:Creating environment hook '/home/tian/ROS_ws/install/service_cpp/share/service_cpp/hook/cmake_prefix_path.sh'
[0.357s] Level 1:colcon.colcon_core.environment:checking '/home/tian/ROS_ws/install/service_cpp/lib'
[0.357s] Level 1:colcon.colcon_core.environment:checking '/home/tian/ROS_ws/install/service_cpp/bin'
[0.357s] Level 1:colcon.colcon_core.environment:checking '/home/tian/ROS_ws/install/service_cpp/lib/pkgconfig/service_cpp.pc'
[0.357s] Level 1:colcon.colcon_core.environment:checking '/home/tian/ROS_ws/install/service_cpp/lib/python3.12/site-packages'
[0.358s] Level 1:colcon.colcon_core.environment:checking '/home/tian/ROS_ws/install/service_cpp/bin'
[0.358s] INFO:colcon.colcon_core.shell:Creating package script '/home/tian/ROS_ws/install/service_cpp/share/service_cpp/package.ps1'
[0.358s] INFO:colcon.colcon_core.shell:Creating package descriptor '/home/tian/ROS_ws/install/service_cpp/share/service_cpp/package.dsv'
[0.358s] INFO:colcon.colcon_core.shell:Creating package script '/home/tian/ROS_ws/install/service_cpp/share/service_cpp/package.sh'
[0.359s] INFO:colcon.colcon_core.shell:Creating package script '/home/tian/ROS_ws/install/service_cpp/share/service_cpp/package.bash'
[0.359s] INFO:colcon.colcon_core.shell:Creating package script '/home/tian/ROS_ws/install/service_cpp/share/service_cpp/package.zsh'
[0.359s] Level 1:colcon.colcon_core.environment:create_file_with_runtime_dependencies(/home/tian/ROS_ws/install/service_cpp/share/colcon-core/packages/service_cpp)
[0.360s] Level 1:colcon.colcon_core.environment:create_environment_scripts_only(demo1_cpp)
[0.360s] Level 1:colcon.colcon_core.environment:checking '/home/tian/ROS_ws/install/demo1_cpp' for CMake module files
[0.361s] DEBUG:colcon.colcon_core.event_handler.log_command:Invoked command in '/home/tian/ROS_ws/build/demo1_cpp' returned '0': CMAKE_PREFIX_PATH=${CMAKE_PREFIX_PATH}:/opt/ros/jazzy DEBUGINFOD_URLS=https://debuginfod.ubuntu.com /usr/bin/cmake --install /home/tian/ROS_ws/build/demo1_cpp
[0.361s] Level 1:colcon.colcon_core.environment:checking '/home/tian/ROS_ws/install/demo1_cpp' for CMake config files
[0.361s] Level 1:colcon.colcon_core.shell:create_environment_hook('demo1_cpp', 'cmake_prefix_path')
[0.362s] INFO:colcon.colcon_core.shell:Creating environment hook '/home/tian/ROS_ws/install/demo1_cpp/share/demo1_cpp/hook/cmake_prefix_path.ps1'
[0.362s] INFO:colcon.colcon_core.shell:Creating environment descriptor '/home/tian/ROS_ws/install/demo1_cpp/share/demo1_cpp/hook/cmake_prefix_path.dsv'
[0.362s] INFO:colcon.colcon_core.shell:Creating environment hook '/home/tian/ROS_ws/install/demo1_cpp/share/demo1_cpp/hook/cmake_prefix_path.sh'
[0.363s] Level 1:colcon.colcon_core.environment:checking '/home/tian/ROS_ws/install/demo1_cpp/lib'
[0.363s] Level 1:colcon.colcon_core.environment:checking '/home/tian/ROS_ws/install/demo1_cpp/bin'
[0.363s] Level 1:colcon.colcon_core.environment:checking '/home/tian/ROS_ws/install/demo1_cpp/lib/pkgconfig/demo1_cpp.pc'
[0.363s] Level 1:colcon.colcon_core.environment:checking '/home/tian/ROS_ws/install/demo1_cpp/lib/python3.12/site-packages'
[0.363s] Level 1:colcon.colcon_core.environment:checking '/home/tian/ROS_ws/install/demo1_cpp/bin'
[0.363s] INFO:colcon.colcon_core.shell:Creating package script '/home/tian/ROS_ws/install/demo1_cpp/share/demo1_cpp/package.ps1'
[0.364s] INFO:colcon.colcon_core.shell:Creating package descriptor '/home/tian/ROS_ws/install/demo1_cpp/share/demo1_cpp/package.dsv'
[0.364s] INFO:colcon.colcon_core.shell:Creating package script '/home/tian/ROS_ws/install/demo1_cpp/share/demo1_cpp/package.sh'
[0.364s] INFO:colcon.colcon_core.shell:Creating package script '/home/tian/ROS_ws/install/demo1_cpp/share/demo1_cpp/package.bash'
[0.364s] INFO:colcon.colcon_core.shell:Creating package script '/home/tian/ROS_ws/install/demo1_cpp/share/demo1_cpp/package.zsh'
[0.364s] Level 1:colcon.colcon_core.environment:create_file_with_runtime_dependencies(/home/tian/ROS_ws/install/demo1_cpp/share/colcon-core/packages/demo1_cpp)
[0.365s] Level 1:colcon.colcon_core.environment:create_environment_scripts_only(demo1_cpp)
[0.365s] Level 1:colcon.colcon_core.environment:checking '/home/tian/ROS_ws/install/demo1_cpp' for CMake module files
[0.365s] Level 1:colcon.colcon_core.environment:checking '/home/tian/ROS_ws/install/demo1_cpp' for CMake config files
[0.365s] Level 1:colcon.colcon_core.shell:create_environment_hook('demo1_cpp', 'cmake_prefix_path')
[0.366s] INFO:colcon.colcon_core.shell:Creating environment hook '/home/tian/ROS_ws/install/demo1_cpp/share/demo1_cpp/hook/cmake_prefix_path.ps1'
[0.366s] INFO:colcon.colcon_core.shell:Creating environment descriptor '/home/tian/ROS_ws/install/demo1_cpp/share/demo1_cpp/hook/cmake_prefix_path.dsv'
[0.366s] INFO:colcon.colcon_core.shell:Creating environment hook '/home/tian/ROS_ws/install/demo1_cpp/share/demo1_cpp/hook/cmake_prefix_path.sh'
[0.367s] Level 1:colcon.colcon_core.environment:checking '/home/tian/ROS_ws/install/demo1_cpp/lib'
[0.367s] Level 1:colcon.colcon_core.environment:checking '/home/tian/ROS_ws/install/demo1_cpp/bin'
[0.367s] Level 1:colcon.colcon_core.environment:checking '/home/tian/ROS_ws/install/demo1_cpp/lib/pkgconfig/demo1_cpp.pc'
[0.367s] Level 1:colcon.colcon_core.environment:checking '/home/tian/ROS_ws/install/demo1_cpp/lib/python3.12/site-packages'
[0.367s] Level 1:colcon.colcon_core.environment:checking '/home/tian/ROS_ws/install/demo1_cpp/bin'
[0.367s] INFO:colcon.colcon_core.shell:Creating package script '/home/tian/ROS_ws/install/demo1_cpp/share/demo1_cpp/package.ps1'
[0.368s] INFO:colcon.colcon_core.shell:Creating package descriptor '/home/tian/ROS_ws/install/demo1_cpp/share/demo1_cpp/package.dsv'
[0.368s] INFO:colcon.colcon_core.shell:Creating package script '/home/tian/ROS_ws/install/demo1_cpp/share/demo1_cpp/package.sh'
[0.369s] INFO:colcon.colcon_core.shell:Creating package script '/home/tian/ROS_ws/install/demo1_cpp/share/demo1_cpp/package.bash'
[0.369s] INFO:colcon.colcon_core.shell:Creating package script '/home/tian/ROS_ws/install/demo1_cpp/share/demo1_cpp/package.zsh'
[0.369s] Level 1:colcon.colcon_core.environment:create_file_with_runtime_dependencies(/home/tian/ROS_ws/install/demo1_cpp/share/colcon-core/packages/demo1_cpp)
[0.369s] Level 1:colcon.colcon_core.environment:create_environment_scripts_only(topic_cpp)
[0.370s] Level 1:colcon.colcon_core.environment:checking '/home/tian/ROS_ws/install/topic_cpp' for CMake module files
[0.371s] DEBUG:colcon.colcon_core.event_handler.log_command:Invoked command in '/home/tian/ROS_ws/build/topic_cpp' returned '0': CMAKE_PREFIX_PATH=${CMAKE_PREFIX_PATH}:/opt/ros/jazzy DEBUGINFOD_URLS=https://debuginfod.ubuntu.com /usr/bin/cmake --install /home/tian/ROS_ws/build/topic_cpp
[0.371s] Level 1:colcon.colcon_core.environment:checking '/home/tian/ROS_ws/install/topic_cpp' for CMake config files
[0.371s] Level 1:colcon.colcon_core.shell:create_environment_hook('topic_cpp', 'cmake_prefix_path')
[0.371s] INFO:colcon.colcon_core.shell:Creating environment hook '/home/tian/ROS_ws/install/topic_cpp/share/topic_cpp/hook/cmake_prefix_path.ps1'
[0.372s] INFO:colcon.colcon_core.shell:Creating environment descriptor '/home/tian/ROS_ws/install/topic_cpp/share/topic_cpp/hook/cmake_prefix_path.dsv'
[0.372s] INFO:colcon.colcon_core.shell:Creating environment hook '/home/tian/ROS_ws/install/topic_cpp/share/topic_cpp/hook/cmake_prefix_path.sh'
[0.373s] Level 1:colcon.colcon_core.environment:checking '/home/tian/ROS_ws/install/topic_cpp/lib'
[0.373s] Level 1:colcon.colcon_core.environment:checking '/home/tian/ROS_ws/install/topic_cpp/bin'
[0.373s] Level 1:colcon.colcon_core.environment:checking '/home/tian/ROS_ws/install/topic_cpp/lib/pkgconfig/topic_cpp.pc'
[0.373s] Level 1:colcon.colcon_core.environment:checking '/home/tian/ROS_ws/install/topic_cpp/lib/python3.12/site-packages'
[0.373s] Level 1:colcon.colcon_core.environment:checking '/home/tian/ROS_ws/install/topic_cpp/bin'
[0.374s] INFO:colcon.colcon_core.shell:Creating package script '/home/tian/ROS_ws/install/topic_cpp/share/topic_cpp/package.ps1'
[0.374s] INFO:colcon.colcon_core.shell:Creating package descriptor '/home/tian/ROS_ws/install/topic_cpp/share/topic_cpp/package.dsv'
[0.374s] INFO:colcon.colcon_core.shell:Creating package script '/home/tian/ROS_ws/install/topic_cpp/share/topic_cpp/package.sh'
[0.375s] INFO:colcon.colcon_core.shell:Creating package script '/home/tian/ROS_ws/install/topic_cpp/share/topic_cpp/package.bash'
[0.375s] INFO:colcon.colcon_core.shell:Creating package script '/home/tian/ROS_ws/install/topic_cpp/share/topic_cpp/package.zsh'
[0.375s] Level 1:colcon.colcon_core.environment:create_file_with_runtime_dependencies(/home/tian/ROS_ws/install/topic_cpp/share/colcon-core/packages/topic_cpp)
[0.376s] Level 1:colcon.colcon_core.environment:create_environment_scripts_only(topic_cpp)
[0.376s] Level 1:colcon.colcon_core.environment:checking '/home/tian/ROS_ws/install/topic_cpp' for CMake module files
[0.376s] Level 1:colcon.colcon_core.environment:checking '/home/tian/ROS_ws/install/topic_cpp' for CMake config files
[0.376s] Level 1:colcon.colcon_core.shell:create_environment_hook('topic_cpp', 'cmake_prefix_path')
[0.377s] INFO:colcon.colcon_core.shell:Creating environment hook '/home/tian/ROS_ws/install/topic_cpp/share/topic_cpp/hook/cmake_prefix_path.ps1'
[0.377s] INFO:colcon.colcon_core.shell:Creating environment descriptor '/home/tian/ROS_ws/install/topic_cpp/share/topic_cpp/hook/cmake_prefix_path.dsv'
[0.377s] INFO:colcon.colcon_core.shell:Creating environment hook '/home/tian/ROS_ws/install/topic_cpp/share/topic_cpp/hook/cmake_prefix_path.sh'
[0.378s] Level 1:colcon.colcon_core.environment:checking '/home/tian/ROS_ws/install/topic_cpp/lib'
[0.378s] Level 1:colcon.colcon_core.environment:checking '/home/tian/ROS_ws/install/topic_cpp/bin'
[0.378s] Level 1:colcon.colcon_core.environment:checking '/home/tian/ROS_ws/install/topic_cpp/lib/pkgconfig/topic_cpp.pc'
[0.378s] Level 1:colcon.colcon_core.environment:checking '/home/tian/ROS_ws/install/topic_cpp/lib/python3.12/site-packages'
[0.378s] Level 1:colcon.colcon_core.environment:checking '/home/tian/ROS_ws/install/topic_cpp/bin'
[0.379s] INFO:colcon.colcon_core.shell:Creating package script '/home/tian/ROS_ws/install/topic_cpp/share/topic_cpp/package.ps1'
[0.379s] INFO:colcon.colcon_core.shell:Creating package descriptor '/home/tian/ROS_ws/install/topic_cpp/share/topic_cpp/package.dsv'
[0.380s] INFO:colcon.colcon_core.shell:Creating package script '/home/tian/ROS_ws/install/topic_cpp/share/topic_cpp/package.sh'
[0.380s] INFO:colcon.colcon_core.shell:Creating package script '/home/tian/ROS_ws/install/topic_cpp/share/topic_cpp/package.bash'
[0.380s] INFO:colcon.colcon_core.shell:Creating package script '/home/tian/ROS_ws/install/topic_cpp/share/topic_cpp/package.zsh'
[0.381s] Level 1:colcon.colcon_core.environment:create_file_with_runtime_dependencies(/home/tian/ROS_ws/install/topic_cpp/share/colcon-core/packages/topic_cpp)
[0.951s] DEBUG:colcon.colcon_core.event_handler.log_command:Invoked command in '/home/tian/ROS_ws/build/interfaces' returned '1': CMAKE_PREFIX_PATH=${CMAKE_PREFIX_PATH}:/opt/ros/jazzy DEBUGINFOD_URLS=https://debuginfod.ubuntu.com /usr/bin/cmake /home/tian/ROS_ws/src/interfaces -DCMAKE_INSTALL_PREFIX=/home/tian/ROS_ws/install/interfaces
[0.966s] Level 1:colcon.colcon_core.environment:create_environment_scripts_only(interfaces)
[0.966s] Level 1:colcon.colcon_core.environment:checking '/home/tian/ROS_ws/install/interfaces' for CMake module files
[0.967s] Level 1:colcon.colcon_core.environment:checking '/home/tian/ROS_ws/install/interfaces' for CMake config files
[0.967s] Level 1:colcon.colcon_core.environment:checking '/home/tian/ROS_ws/install/interfaces/bin'
[0.967s] Level 1:colcon.colcon_core.environment:checking '/home/tian/ROS_ws/install/interfaces/lib/pkgconfig/interfaces.pc'
[0.968s] Level 1:colcon.colcon_core.environment:checking '/home/tian/ROS_ws/install/interfaces/lib/python3.12/site-packages'
[0.968s] Level 1:colcon.colcon_core.environment:checking '/home/tian/ROS_ws/install/interfaces/bin'
[0.968s] INFO:colcon.colcon_core.shell:Creating package script '/home/tian/ROS_ws/install/interfaces/share/interfaces/package.ps1'
[0.969s] INFO:colcon.colcon_core.shell:Creating package descriptor '/home/tian/ROS_ws/install/interfaces/share/interfaces/package.dsv'
[0.969s] INFO:colcon.colcon_core.shell:Creating package script '/home/tian/ROS_ws/install/interfaces/share/interfaces/package.sh'
[0.969s] INFO:colcon.colcon_core.shell:Creating package script '/home/tian/ROS_ws/install/interfaces/share/interfaces/package.bash'
[0.969s] INFO:colcon.colcon_core.shell:Creating package script '/home/tian/ROS_ws/install/interfaces/share/interfaces/package.zsh'
[0.969s] Level 1:colcon.colcon_core.environment:create_file_with_runtime_dependencies(/home/tian/ROS_ws/install/interfaces/share/colcon-core/packages/interfaces)
[0.980s] DEBUG:colcon.colcon_parallel_executor.executor.parallel:closing loop
[0.980s] DEBUG:colcon.colcon_parallel_executor.executor.parallel:loop closed
[0.980s] DEBUG:colcon.colcon_parallel_executor.executor.parallel:run_until_complete finished with '1'
[0.981s] DEBUG:colcon.colcon_core.event_reactor:joining thread
[0.989s] INFO:colcon.colcon_core.plugin_system:Skipping extension 'colcon_notification.desktop_notification.terminal_notifier': Not used on non-Darwin systems
[0.989s] INFO:colcon.colcon_core.plugin_system:Skipping extension 'colcon_notification.desktop_notification.win32': Not used on non-Windows systems
[0.989s] INFO:colcon.colcon_notification.desktop_notification:Sending desktop notification using 'notify2'
[1.005s] DEBUG:colcon.colcon_core.event_reactor:joined thread
[1.006s] INFO:colcon.colcon_core.shell:Creating prefix script '/home/tian/ROS_ws/install/local_setup.ps1'
[1.008s] INFO:colcon.colcon_core.shell:Creating prefix util module '/home/tian/ROS_ws/install/_local_setup_util_ps1.py'
[1.009s] INFO:colcon.colcon_core.shell:Creating prefix chain script '/home/tian/ROS_ws/install/setup.ps1'
[1.010s] INFO:colcon.colcon_core.shell:Creating prefix script '/home/tian/ROS_ws/install/local_setup.sh'
[1.010s] INFO:colcon.colcon_core.shell:Creating prefix util module '/home/tian/ROS_ws/install/_local_setup_util_sh.py'
[1.010s] INFO:colcon.colcon_core.shell:Creating prefix chain script '/home/tian/ROS_ws/install/setup.sh'
[1.011s] INFO:colcon.colcon_core.shell:Creating prefix script '/home/tian/ROS_ws/install/local_setup.bash'
[1.011s] INFO:colcon.colcon_core.shell:Creating prefix chain script '/home/tian/ROS_ws/install/setup.bash'
[1.012s] INFO:colcon.colcon_core.shell:Creating prefix script '/home/tian/ROS_ws/install/local_setup.zsh'
[1.012s] INFO:colcon.colcon_core.shell:Creating prefix chain script '/home/tian/ROS_ws/install/setup.zsh'
