[0.008s] Invoking command in '/home/tian/ROS_ws/build/cpp_parameters': CMAKE_PREFIX_PATH=${CMAKE_PREFIX_PATH}:/opt/ros/jazzy DEBUGINFOD_URLS=https://debuginfod.ubuntu.com /usr/bin/cmake --build /home/tian/ROS_ws/build/cpp_parameters -- -j16 -l16
[0.073s] [ 50%] [32mBuilding CXX object CMakeFiles/minimal_param_node.dir/src/parameters_node.cpp.o[0m
[4.636s] [100%] [32m[1mLinking CXX executable minimal_param_node[0m
[4.798s] [100%] Built target minimal_param_node
[4.820s] Invoked command in '/home/tian/ROS_ws/build/cpp_parameters' returned '0': CMAKE_PREFIX_PATH=${CMAKE_PREFIX_PATH}:/opt/ros/jazzy DEBUGINFOD_URLS=https://debuginfod.ubuntu.com /usr/bin/cmake --build /home/tian/ROS_ws/build/cpp_parameters -- -j16 -l16
[4.840s] Invoking command in '/home/tian/ROS_ws/build/cpp_parameters': CMAKE_PREFIX_PATH=${CMAKE_PREFIX_PATH}:/opt/ros/jazzy DEBUGINFOD_URLS=https://debuginfod.ubuntu.com /usr/bin/cmake --install /home/tian/ROS_ws/build/cpp_parameters
[4.856s] -- Install configuration: ""
[4.856s] -- Installing: /home/tian/ROS_ws/install/cpp_parameters/lib/cpp_parameters/minimal_param_node
[4.856s] -- Set non-toolchain portion of runtime path of "/home/tian/ROS_ws/install/cpp_parameters/lib/cpp_parameters/minimal_param_node" to ""
[4.856s] -- Up-to-date: /home/tian/ROS_ws/install/cpp_parameters/share/ament_index/resource_index/package_run_dependencies/cpp_parameters
[4.856s] -- Up-to-date: /home/tian/ROS_ws/install/cpp_parameters/share/ament_index/resource_index/parent_prefix_path/cpp_parameters
[4.856s] -- Up-to-date: /home/tian/ROS_ws/install/cpp_parameters/share/cpp_parameters/environment/ament_prefix_path.sh
[4.856s] -- Up-to-date: /home/tian/ROS_ws/install/cpp_parameters/share/cpp_parameters/environment/ament_prefix_path.dsv
[4.856s] -- Up-to-date: /home/tian/ROS_ws/install/cpp_parameters/share/cpp_parameters/environment/path.sh
[4.857s] -- Up-to-date: /home/tian/ROS_ws/install/cpp_parameters/share/cpp_parameters/environment/path.dsv
[4.857s] -- Up-to-date: /home/tian/ROS_ws/install/cpp_parameters/share/cpp_parameters/local_setup.bash
[4.857s] -- Up-to-date: /home/tian/ROS_ws/install/cpp_parameters/share/cpp_parameters/local_setup.sh
[4.857s] -- Up-to-date: /home/tian/ROS_ws/install/cpp_parameters/share/cpp_parameters/local_setup.zsh
[4.857s] -- Up-to-date: /home/tian/ROS_ws/install/cpp_parameters/share/cpp_parameters/local_setup.dsv
[4.857s] -- Installing: /home/tian/ROS_ws/install/cpp_parameters/share/cpp_parameters/package.dsv
[4.857s] -- Up-to-date: /home/tian/ROS_ws/install/cpp_parameters/share/ament_index/resource_index/packages/cpp_parameters
[4.858s] -- Up-to-date: /home/tian/ROS_ws/install/cpp_parameters/share/cpp_parameters/cmake/cpp_parametersConfig.cmake
[4.858s] -- Up-to-date: /home/tian/ROS_ws/install/cpp_parameters/share/cpp_parameters/cmake/cpp_parametersConfig-version.cmake
[4.858s] -- Up-to-date: /home/tian/ROS_ws/install/cpp_parameters/share/cpp_parameters/package.xml
[4.862s] Invoked command in '/home/tian/ROS_ws/build/cpp_parameters' returned '0': CMAKE_PREFIX_PATH=${CMAKE_PREFIX_PATH}:/opt/ros/jazzy DEBUGINFOD_URLS=https://debuginfod.ubuntu.com /usr/bin/cmake --install /home/tian/ROS_ws/build/cpp_parameters
