[0.017s] Invoking command in '/home/tian/ROS_ws/build/interfaces': CMAKE_PREFIX_PATH=${CMAKE_PREFIX_PATH}:/opt/ros/jazzy DEBUGINFOD_URLS=https://debuginfod.ubuntu.com /usr/bin/cmake --build /home/tian/ROS_ws/build/interfaces -- -j16 -l16
[0.063s] [  1%] Built target interfaces__rosidl_generator_type_description
[0.070s] [  1%] Built target ament_cmake_python_copy_interfaces
[0.078s] [  3%] Built target interfaces__cpp
[0.079s] [ 24%] Built target interfaces__rosidl_generator_c
[0.098s] [ 42%] Built target interfaces__rosidl_typesupport_introspection_c
[0.098s] [ 61%] Built target interfaces__rosidl_typesupport_c
[0.098s] [ 61%] Built target interfaces__rosidl_typesupport_cpp
[0.098s] [ 61%] Built target interfaces__rosidl_typesupport_introspection_cpp
[0.099s] [ 79%] Built target interfaces__rosidl_typesupport_fastrtps_cpp
[0.099s] [ 79%] Built target interfaces__rosidl_typesupport_fastrtps_c
[0.124s] [ 79%] Built target interfaces
[0.153s] [ 81%] Built target interfaces__py
[0.185s] [ 88%] Built target interfaces__rosidl_generator_py
[0.216s] [ 96%] Built target interfaces_s__rosidl_typesupport_introspection_c
[0.216s] [ 96%] Built target interfaces_s__rosidl_typesupport_fastrtps_c
[0.216s] [100%] Built target interfaces_s__rosidl_typesupport_c
[0.229s] running egg_info
[0.242s] writing interfaces.egg-info/PKG-INFO
[0.243s] writing dependency_links to interfaces.egg-info/dependency_links.txt
[0.243s] writing top-level names to interfaces.egg-info/top_level.txt
[0.274s] reading manifest file 'interfaces.egg-info/SOURCES.txt'
[0.274s] writing manifest file 'interfaces.egg-info/SOURCES.txt'
[0.320s] [100%] Built target ament_cmake_python_build_interfaces_egg
[0.339s] Invoked command in '/home/tian/ROS_ws/build/interfaces' returned '0': CMAKE_PREFIX_PATH=${CMAKE_PREFIX_PATH}:/opt/ros/jazzy DEBUGINFOD_URLS=https://debuginfod.ubuntu.com /usr/bin/cmake --build /home/tian/ROS_ws/build/interfaces -- -j16 -l16
[0.341s] Invoking command in '/home/tian/ROS_ws/build/interfaces': CMAKE_PREFIX_PATH=${CMAKE_PREFIX_PATH}:/opt/ros/jazzy DEBUGINFOD_URLS=https://debuginfod.ubuntu.com /usr/bin/cmake --install /home/tian/ROS_ws/build/interfaces
[0.354s] -- Install configuration: ""
[0.354s] -- Up-to-date: /home/tian/ROS_ws/install/interfaces/share/ament_index/resource_index/rosidl_interfaces/interfaces
[0.355s] -- Up-to-date: /home/tian/ROS_ws/install/interfaces/share/interfaces/msg/RobotPose.json
[0.355s] -- Up-to-date: /home/tian/ROS_ws/install/interfaces/share/interfaces/msg/RobotStatus.json
[0.355s] -- Up-to-date: /home/tian/ROS_ws/install/interfaces/share/interfaces/srv/MoveRobot.json
[0.355s] -- Up-to-date: /home/tian/ROS_ws/install/interfaces/include/interfaces/interfaces
[0.355s] -- Up-to-date: /home/tian/ROS_ws/install/interfaces/include/interfaces/interfaces/msg
[0.355s] -- Up-to-date: /home/tian/ROS_ws/install/interfaces/include/interfaces/interfaces/msg/robot_status.h
[0.355s] -- Up-to-date: /home/tian/ROS_ws/install/interfaces/include/interfaces/interfaces/msg/detail
[0.355s] -- Up-to-date: /home/tian/ROS_ws/install/interfaces/include/interfaces/interfaces/msg/detail/robot_status__type_support.c
[0.355s] -- Up-to-date: /home/tian/ROS_ws/install/interfaces/include/interfaces/interfaces/msg/detail/robot_pose__struct.h
[0.355s] -- Up-to-date: /home/tian/ROS_ws/install/interfaces/include/interfaces/interfaces/msg/detail/robot_status__type_support.h
[0.355s] -- Up-to-date: /home/tian/ROS_ws/install/interfaces/include/interfaces/interfaces/msg/detail/robot_status__functions.h
[0.355s] -- Up-to-date: /home/tian/ROS_ws/install/interfaces/include/interfaces/interfaces/msg/detail/robot_pose__type_support.h
[0.355s] -- Up-to-date: /home/tian/ROS_ws/install/interfaces/include/interfaces/interfaces/msg/detail/robot_status__description.c
[0.355s] -- Up-to-date: /home/tian/ROS_ws/install/interfaces/include/interfaces/interfaces/msg/detail/robot_pose__functions.c
[0.355s] -- Up-to-date: /home/tian/ROS_ws/install/interfaces/include/interfaces/interfaces/msg/detail/robot_pose__functions.h
[0.355s] -- Up-to-date: /home/tian/ROS_ws/install/interfaces/include/interfaces/interfaces/msg/detail/robot_status__struct.h
[0.356s] -- Up-to-date: /home/tian/ROS_ws/install/interfaces/include/interfaces/interfaces/msg/detail/robot_pose__type_support.c
[0.356s] -- Up-to-date: /home/tian/ROS_ws/install/interfaces/include/interfaces/interfaces/msg/detail/robot_status__functions.c
[0.356s] -- Up-to-date: /home/tian/ROS_ws/install/interfaces/include/interfaces/interfaces/msg/detail/robot_pose__description.c
[0.356s] -- Up-to-date: /home/tian/ROS_ws/install/interfaces/include/interfaces/interfaces/msg/rosidl_generator_c__visibility_control.h
[0.356s] -- Up-to-date: /home/tian/ROS_ws/install/interfaces/include/interfaces/interfaces/msg/robot_pose.h
[0.356s] -- Up-to-date: /home/tian/ROS_ws/install/interfaces/include/interfaces/interfaces/srv
[0.356s] -- Up-to-date: /home/tian/ROS_ws/install/interfaces/include/interfaces/interfaces/srv/move_robot.h
[0.356s] -- Up-to-date: /home/tian/ROS_ws/install/interfaces/include/interfaces/interfaces/srv/detail
[0.356s] -- Up-to-date: /home/tian/ROS_ws/install/interfaces/include/interfaces/interfaces/srv/detail/move_robot__functions.c
[0.356s] -- Up-to-date: /home/tian/ROS_ws/install/interfaces/include/interfaces/interfaces/srv/detail/move_robot__functions.h
[0.356s] -- Up-to-date: /home/tian/ROS_ws/install/interfaces/include/interfaces/interfaces/srv/detail/move_robot__struct.h
[0.356s] -- Up-to-date: /home/tian/ROS_ws/install/interfaces/include/interfaces/interfaces/srv/detail/move_robot__description.c
[0.356s] -- Up-to-date: /home/tian/ROS_ws/install/interfaces/include/interfaces/interfaces/srv/detail/move_robot__type_support.c
[0.356s] -- Up-to-date: /home/tian/ROS_ws/install/interfaces/include/interfaces/interfaces/srv/detail/move_robot__type_support.h
[0.356s] -- Up-to-date: /home/tian/ROS_ws/install/interfaces/share/interfaces/environment/library_path.sh
[0.356s] -- Up-to-date: /home/tian/ROS_ws/install/interfaces/share/interfaces/environment/library_path.dsv
[0.356s] -- Up-to-date: /home/tian/ROS_ws/install/interfaces/lib/libinterfaces__rosidl_generator_c.so
[0.356s] -- Up-to-date: /home/tian/ROS_ws/install/interfaces/include/interfaces/interfaces
[0.356s] -- Up-to-date: /home/tian/ROS_ws/install/interfaces/include/interfaces/interfaces/msg
[0.356s] -- Up-to-date: /home/tian/ROS_ws/install/interfaces/include/interfaces/interfaces/msg/rosidl_typesupport_fastrtps_c__visibility_control.h
[0.356s] -- Up-to-date: /home/tian/ROS_ws/install/interfaces/include/interfaces/interfaces/msg/detail
[0.356s] -- Up-to-date: /home/tian/ROS_ws/install/interfaces/include/interfaces/interfaces/msg/detail/robot_status__rosidl_typesupport_fastrtps_c.h
[0.356s] -- Up-to-date: /home/tian/ROS_ws/install/interfaces/include/interfaces/interfaces/msg/detail/robot_pose__rosidl_typesupport_fastrtps_c.h
[0.356s] -- Up-to-date: /home/tian/ROS_ws/install/interfaces/include/interfaces/interfaces/srv
[0.356s] -- Up-to-date: /home/tian/ROS_ws/install/interfaces/include/interfaces/interfaces/srv/detail
[0.356s] -- Up-to-date: /home/tian/ROS_ws/install/interfaces/include/interfaces/interfaces/srv/detail/move_robot__rosidl_typesupport_fastrtps_c.h
[0.357s] -- Up-to-date: /home/tian/ROS_ws/install/interfaces/lib/libinterfaces__rosidl_typesupport_fastrtps_c.so
[0.357s] -- Up-to-date: /home/tian/ROS_ws/install/interfaces/include/interfaces/interfaces
[0.357s] -- Up-to-date: /home/tian/ROS_ws/install/interfaces/include/interfaces/interfaces/msg
[0.357s] -- Up-to-date: /home/tian/ROS_ws/install/interfaces/include/interfaces/interfaces/msg/detail
[0.357s] -- Up-to-date: /home/tian/ROS_ws/install/interfaces/include/interfaces/interfaces/msg/detail/robot_status__type_support.c
[0.357s] -- Up-to-date: /home/tian/ROS_ws/install/interfaces/include/interfaces/interfaces/msg/detail/robot_pose__rosidl_typesupport_introspection_c.h
[0.357s] -- Up-to-date: /home/tian/ROS_ws/install/interfaces/include/interfaces/interfaces/msg/detail/robot_status__rosidl_typesupport_introspection_c.h
[0.357s] -- Up-to-date: /home/tian/ROS_ws/install/interfaces/include/interfaces/interfaces/msg/detail/robot_pose__type_support.c
[0.357s] -- Up-to-date: /home/tian/ROS_ws/install/interfaces/include/interfaces/interfaces/msg/rosidl_typesupport_introspection_c__visibility_control.h
[0.357s] -- Up-to-date: /home/tian/ROS_ws/install/interfaces/include/interfaces/interfaces/srv
[0.357s] -- Up-to-date: /home/tian/ROS_ws/install/interfaces/include/interfaces/interfaces/srv/detail
[0.357s] -- Up-to-date: /home/tian/ROS_ws/install/interfaces/include/interfaces/interfaces/srv/detail/move_robot__rosidl_typesupport_introspection_c.h
[0.357s] -- Up-to-date: /home/tian/ROS_ws/install/interfaces/include/interfaces/interfaces/srv/detail/move_robot__type_support.c
[0.357s] -- Up-to-date: /home/tian/ROS_ws/install/interfaces/lib/libinterfaces__rosidl_typesupport_introspection_c.so
[0.357s] -- Up-to-date: /home/tian/ROS_ws/install/interfaces/lib/libinterfaces__rosidl_typesupport_c.so
[0.357s] -- Up-to-date: /home/tian/ROS_ws/install/interfaces/include/interfaces/interfaces
[0.357s] -- Up-to-date: /home/tian/ROS_ws/install/interfaces/include/interfaces/interfaces/msg
[0.357s] -- Up-to-date: /home/tian/ROS_ws/install/interfaces/include/interfaces/interfaces/msg/detail
[0.357s] -- Up-to-date: /home/tian/ROS_ws/install/interfaces/include/interfaces/interfaces/msg/detail/robot_pose__type_support.hpp
[0.357s] -- Up-to-date: /home/tian/ROS_ws/install/interfaces/include/interfaces/interfaces/msg/detail/robot_pose__traits.hpp
[0.357s] -- Up-to-date: /home/tian/ROS_ws/install/interfaces/include/interfaces/interfaces/msg/detail/robot_status__type_support.hpp
[0.357s] -- Up-to-date: /home/tian/ROS_ws/install/interfaces/include/interfaces/interfaces/msg/detail/robot_status__builder.hpp
[0.357s] -- Up-to-date: /home/tian/ROS_ws/install/interfaces/include/interfaces/interfaces/msg/detail/robot_pose__struct.hpp
[0.357s] -- Up-to-date: /home/tian/ROS_ws/install/interfaces/include/interfaces/interfaces/msg/detail/robot_pose__builder.hpp
[0.357s] -- Up-to-date: /home/tian/ROS_ws/install/interfaces/include/interfaces/interfaces/msg/detail/robot_status__struct.hpp
[0.357s] -- Up-to-date: /home/tian/ROS_ws/install/interfaces/include/interfaces/interfaces/msg/detail/robot_status__traits.hpp
[0.358s] -- Up-to-date: /home/tian/ROS_ws/install/interfaces/include/interfaces/interfaces/msg/rosidl_generator_cpp__visibility_control.hpp
[0.358s] -- Up-to-date: /home/tian/ROS_ws/install/interfaces/include/interfaces/interfaces/msg/robot_status.hpp
[0.358s] -- Up-to-date: /home/tian/ROS_ws/install/interfaces/include/interfaces/interfaces/msg/robot_pose.hpp
[0.358s] -- Up-to-date: /home/tian/ROS_ws/install/interfaces/include/interfaces/interfaces/srv
[0.358s] -- Up-to-date: /home/tian/ROS_ws/install/interfaces/include/interfaces/interfaces/srv/move_robot.hpp
[0.358s] -- Up-to-date: /home/tian/ROS_ws/install/interfaces/include/interfaces/interfaces/srv/detail
[0.358s] -- Up-to-date: /home/tian/ROS_ws/install/interfaces/include/interfaces/interfaces/srv/detail/move_robot__builder.hpp
[0.358s] -- Up-to-date: /home/tian/ROS_ws/install/interfaces/include/interfaces/interfaces/srv/detail/move_robot__type_support.hpp
[0.358s] -- Up-to-date: /home/tian/ROS_ws/install/interfaces/include/interfaces/interfaces/srv/detail/move_robot__traits.hpp
[0.358s] -- Up-to-date: /home/tian/ROS_ws/install/interfaces/include/interfaces/interfaces/srv/detail/move_robot__struct.hpp
[0.358s] -- Up-to-date: /home/tian/ROS_ws/install/interfaces/include/interfaces/interfaces
[0.358s] -- Up-to-date: /home/tian/ROS_ws/install/interfaces/include/interfaces/interfaces/msg
[0.358s] -- Up-to-date: /home/tian/ROS_ws/install/interfaces/include/interfaces/interfaces/msg/detail
[0.358s] -- Up-to-date: /home/tian/ROS_ws/install/interfaces/include/interfaces/interfaces/msg/detail/robot_pose__rosidl_typesupport_fastrtps_cpp.hpp
[0.358s] -- Up-to-date: /home/tian/ROS_ws/install/interfaces/include/interfaces/interfaces/msg/detail/robot_status__rosidl_typesupport_fastrtps_cpp.hpp
[0.358s] -- Up-to-date: /home/tian/ROS_ws/install/interfaces/include/interfaces/interfaces/msg/detail/dds_fastrtps
[0.358s] -- Up-to-date: /home/tian/ROS_ws/install/interfaces/include/interfaces/interfaces/msg/rosidl_typesupport_fastrtps_cpp__visibility_control.h
[0.358s] -- Up-to-date: /home/tian/ROS_ws/install/interfaces/include/interfaces/interfaces/srv
[0.358s] -- Up-to-date: /home/tian/ROS_ws/install/interfaces/include/interfaces/interfaces/srv/detail
[0.358s] -- Up-to-date: /home/tian/ROS_ws/install/interfaces/include/interfaces/interfaces/srv/detail/move_robot__rosidl_typesupport_fastrtps_cpp.hpp
[0.358s] -- Up-to-date: /home/tian/ROS_ws/install/interfaces/include/interfaces/interfaces/srv/detail/dds_fastrtps
[0.358s] -- Up-to-date: /home/tian/ROS_ws/install/interfaces/lib/libinterfaces__rosidl_typesupport_fastrtps_cpp.so
[0.358s] -- Up-to-date: /home/tian/ROS_ws/install/interfaces/include/interfaces/interfaces
[0.358s] -- Up-to-date: /home/tian/ROS_ws/install/interfaces/include/interfaces/interfaces/msg
[0.358s] -- Up-to-date: /home/tian/ROS_ws/install/interfaces/include/interfaces/interfaces/msg/detail
[0.358s] -- Up-to-date: /home/tian/ROS_ws/install/interfaces/include/interfaces/interfaces/msg/detail/robot_status__type_support.cpp
[0.358s] -- Up-to-date: /home/tian/ROS_ws/install/interfaces/include/interfaces/interfaces/msg/detail/robot_pose__type_support.cpp
[0.358s] -- Up-to-date: /home/tian/ROS_ws/install/interfaces/include/interfaces/interfaces/msg/detail/robot_pose__rosidl_typesupport_introspection_cpp.hpp
[0.359s] -- Up-to-date: /home/tian/ROS_ws/install/interfaces/include/interfaces/interfaces/msg/detail/robot_status__rosidl_typesupport_introspection_cpp.hpp
[0.359s] -- Up-to-date: /home/tian/ROS_ws/install/interfaces/include/interfaces/interfaces/srv
[0.359s] -- Up-to-date: /home/tian/ROS_ws/install/interfaces/include/interfaces/interfaces/srv/detail
[0.359s] -- Up-to-date: /home/tian/ROS_ws/install/interfaces/include/interfaces/interfaces/srv/detail/move_robot__rosidl_typesupport_introspection_cpp.hpp
[0.359s] -- Up-to-date: /home/tian/ROS_ws/install/interfaces/include/interfaces/interfaces/srv/detail/move_robot__type_support.cpp
[0.359s] -- Up-to-date: /home/tian/ROS_ws/install/interfaces/lib/libinterfaces__rosidl_typesupport_introspection_cpp.so
[0.359s] -- Up-to-date: /home/tian/ROS_ws/install/interfaces/lib/libinterfaces__rosidl_typesupport_cpp.so
[0.359s] -- Up-to-date: /home/tian/ROS_ws/install/interfaces/share/interfaces/environment/pythonpath.sh
[0.359s] -- Up-to-date: /home/tian/ROS_ws/install/interfaces/share/interfaces/environment/pythonpath.dsv
[0.359s] -- Up-to-date: /home/tian/ROS_ws/install/interfaces/lib/python3.12/site-packages/interfaces-0.0.0-py3.12.egg-info
[0.359s] -- Installing: /home/tian/ROS_ws/install/interfaces/lib/python3.12/site-packages/interfaces-0.0.0-py3.12.egg-info/dependency_links.txt
[0.359s] -- Installing: /home/tian/ROS_ws/install/interfaces/lib/python3.12/site-packages/interfaces-0.0.0-py3.12.egg-info/SOURCES.txt
[0.359s] -- Installing: /home/tian/ROS_ws/install/interfaces/lib/python3.12/site-packages/interfaces-0.0.0-py3.12.egg-info/top_level.txt
[0.359s] -- Installing: /home/tian/ROS_ws/install/interfaces/lib/python3.12/site-packages/interfaces-0.0.0-py3.12.egg-info/PKG-INFO
[0.359s] -- Up-to-date: /home/tian/ROS_ws/install/interfaces/lib/python3.12/site-packages/interfaces
[0.359s] -- Up-to-date: /home/tian/ROS_ws/install/interfaces/lib/python3.12/site-packages/interfaces/_interfaces_s.ep.rosidl_typesupport_fastrtps_c.c
[0.359s] -- Up-to-date: /home/tian/ROS_ws/install/interfaces/lib/python3.12/site-packages/interfaces/msg
[0.359s] -- Up-to-date: /home/tian/ROS_ws/install/interfaces/lib/python3.12/site-packages/interfaces/msg/_robot_pose.py
[0.359s] -- Up-to-date: /home/tian/ROS_ws/install/interfaces/lib/python3.12/site-packages/interfaces/msg/_robot_status.py
[0.359s] -- Up-to-date: /home/tian/ROS_ws/install/interfaces/lib/python3.12/site-packages/interfaces/msg/_robot_status_s.c
[0.359s] -- Up-to-date: /home/tian/ROS_ws/install/interfaces/lib/python3.12/site-packages/interfaces/msg/__init__.py
[0.359s] -- Up-to-date: /home/tian/ROS_ws/install/interfaces/lib/python3.12/site-packages/interfaces/msg/_robot_pose_s.c
[0.359s] -- Up-to-date: /home/tian/ROS_ws/install/interfaces/lib/python3.12/site-packages/interfaces/interfaces_s__rosidl_typesupport_c.so
[0.359s] -- Up-to-date: /home/tian/ROS_ws/install/interfaces/lib/python3.12/site-packages/interfaces/interfaces_s__rosidl_typesupport_introspection_c.so
[0.360s] -- Up-to-date: /home/tian/ROS_ws/install/interfaces/lib/python3.12/site-packages/interfaces/srv
[0.360s] -- Up-to-date: /home/tian/ROS_ws/install/interfaces/lib/python3.12/site-packages/interfaces/srv/_move_robot_s.c
[0.360s] -- Up-to-date: /home/tian/ROS_ws/install/interfaces/lib/python3.12/site-packages/interfaces/srv/__init__.py
[0.360s] -- Up-to-date: /home/tian/ROS_ws/install/interfaces/lib/python3.12/site-packages/interfaces/srv/_move_robot.py
[0.360s] -- Up-to-date: /home/tian/ROS_ws/install/interfaces/lib/python3.12/site-packages/interfaces/__init__.py
[0.360s] -- Up-to-date: /home/tian/ROS_ws/install/interfaces/lib/python3.12/site-packages/interfaces/_interfaces_s.ep.rosidl_typesupport_c.c
[0.360s] -- Up-to-date: /home/tian/ROS_ws/install/interfaces/lib/python3.12/site-packages/interfaces/interfaces_s__rosidl_typesupport_fastrtps_c.so
[0.360s] -- Up-to-date: /home/tian/ROS_ws/install/interfaces/lib/python3.12/site-packages/interfaces/_interfaces_s.ep.rosidl_typesupport_introspection_c.c
[0.389s] Listing '/home/tian/ROS_ws/install/interfaces/lib/python3.12/site-packages/interfaces'...
[0.389s] Listing '/home/tian/ROS_ws/install/interfaces/lib/python3.12/site-packages/interfaces/msg'...
[0.389s] Listing '/home/tian/ROS_ws/install/interfaces/lib/python3.12/site-packages/interfaces/srv'...
[0.396s] -- Up-to-date: /home/tian/ROS_ws/install/interfaces/lib/python3.12/site-packages/interfaces/interfaces_s__rosidl_typesupport_fastrtps_c.so
[0.397s] -- Up-to-date: /home/tian/ROS_ws/install/interfaces/lib/python3.12/site-packages/interfaces/interfaces_s__rosidl_typesupport_introspection_c.so
[0.397s] -- Up-to-date: /home/tian/ROS_ws/install/interfaces/lib/python3.12/site-packages/interfaces/interfaces_s__rosidl_typesupport_c.so
[0.397s] -- Up-to-date: /home/tian/ROS_ws/install/interfaces/lib/libinterfaces__rosidl_generator_py.so
[0.397s] -- Up-to-date: /home/tian/ROS_ws/install/interfaces/share/interfaces/msg/RobotPose.idl
[0.397s] -- Up-to-date: /home/tian/ROS_ws/install/interfaces/share/interfaces/msg/RobotStatus.idl
[0.397s] -- Up-to-date: /home/tian/ROS_ws/install/interfaces/share/interfaces/srv/MoveRobot.idl
[0.397s] -- Up-to-date: /home/tian/ROS_ws/install/interfaces/share/interfaces/msg/RobotPose.msg
[0.397s] -- Up-to-date: /home/tian/ROS_ws/install/interfaces/share/interfaces/msg/RobotStatus.msg
[0.397s] -- Up-to-date: /home/tian/ROS_ws/install/interfaces/share/interfaces/srv/MoveRobot.srv
[0.397s] -- Up-to-date: /home/tian/ROS_ws/install/interfaces/share/ament_index/resource_index/package_run_dependencies/interfaces
[0.397s] -- Up-to-date: /home/tian/ROS_ws/install/interfaces/share/ament_index/resource_index/parent_prefix_path/interfaces
[0.398s] -- Up-to-date: /home/tian/ROS_ws/install/interfaces/share/interfaces/environment/ament_prefix_path.sh
[0.398s] -- Up-to-date: /home/tian/ROS_ws/install/interfaces/share/interfaces/environment/ament_prefix_path.dsv
[0.398s] -- Up-to-date: /home/tian/ROS_ws/install/interfaces/share/interfaces/environment/path.sh
[0.398s] -- Up-to-date: /home/tian/ROS_ws/install/interfaces/share/interfaces/environment/path.dsv
[0.398s] -- Up-to-date: /home/tian/ROS_ws/install/interfaces/share/interfaces/local_setup.bash
[0.398s] -- Up-to-date: /home/tian/ROS_ws/install/interfaces/share/interfaces/local_setup.sh
[0.398s] -- Up-to-date: /home/tian/ROS_ws/install/interfaces/share/interfaces/local_setup.zsh
[0.398s] -- Up-to-date: /home/tian/ROS_ws/install/interfaces/share/interfaces/local_setup.dsv
[0.398s] -- Installing: /home/tian/ROS_ws/install/interfaces/share/interfaces/package.dsv
[0.398s] -- Up-to-date: /home/tian/ROS_ws/install/interfaces/share/ament_index/resource_index/packages/interfaces
[0.398s] -- Up-to-date: /home/tian/ROS_ws/install/interfaces/share/interfaces/cmake/export_interfaces__rosidl_generator_cExport.cmake
[0.398s] -- Up-to-date: /home/tian/ROS_ws/install/interfaces/share/interfaces/cmake/export_interfaces__rosidl_generator_cExport-noconfig.cmake
[0.398s] -- Up-to-date: /home/tian/ROS_ws/install/interfaces/share/interfaces/cmake/export_interfaces__rosidl_typesupport_fastrtps_cExport.cmake
[0.398s] -- Up-to-date: /home/tian/ROS_ws/install/interfaces/share/interfaces/cmake/export_interfaces__rosidl_typesupport_fastrtps_cExport-noconfig.cmake
[0.398s] -- Up-to-date: /home/tian/ROS_ws/install/interfaces/share/interfaces/cmake/interfaces__rosidl_typesupport_introspection_cExport.cmake
[0.398s] -- Up-to-date: /home/tian/ROS_ws/install/interfaces/share/interfaces/cmake/interfaces__rosidl_typesupport_introspection_cExport-noconfig.cmake
[0.398s] -- Up-to-date: /home/tian/ROS_ws/install/interfaces/share/interfaces/cmake/interfaces__rosidl_typesupport_cExport.cmake
[0.398s] -- Up-to-date: /home/tian/ROS_ws/install/interfaces/share/interfaces/cmake/interfaces__rosidl_typesupport_cExport-noconfig.cmake
[0.399s] -- Up-to-date: /home/tian/ROS_ws/install/interfaces/share/interfaces/cmake/export_interfaces__rosidl_generator_cppExport.cmake
[0.399s] -- Up-to-date: /home/tian/ROS_ws/install/interfaces/share/interfaces/cmake/export_interfaces__rosidl_typesupport_fastrtps_cppExport.cmake
[0.399s] -- Up-to-date: /home/tian/ROS_ws/install/interfaces/share/interfaces/cmake/export_interfaces__rosidl_typesupport_fastrtps_cppExport-noconfig.cmake
[0.399s] -- Up-to-date: /home/tian/ROS_ws/install/interfaces/share/interfaces/cmake/interfaces__rosidl_typesupport_introspection_cppExport.cmake
[0.399s] -- Up-to-date: /home/tian/ROS_ws/install/interfaces/share/interfaces/cmake/interfaces__rosidl_typesupport_introspection_cppExport-noconfig.cmake
[0.399s] -- Up-to-date: /home/tian/ROS_ws/install/interfaces/share/interfaces/cmake/interfaces__rosidl_typesupport_cppExport.cmake
[0.399s] -- Up-to-date: /home/tian/ROS_ws/install/interfaces/share/interfaces/cmake/interfaces__rosidl_typesupport_cppExport-noconfig.cmake
[0.399s] -- Up-to-date: /home/tian/ROS_ws/install/interfaces/share/interfaces/cmake/export_interfaces__rosidl_generator_pyExport.cmake
[0.399s] -- Up-to-date: /home/tian/ROS_ws/install/interfaces/share/interfaces/cmake/export_interfaces__rosidl_generator_pyExport-noconfig.cmake
[0.399s] -- Up-to-date: /home/tian/ROS_ws/install/interfaces/share/interfaces/cmake/rosidl_cmake-extras.cmake
[0.399s] -- Up-to-date: /home/tian/ROS_ws/install/interfaces/share/interfaces/cmake/ament_cmake_export_dependencies-extras.cmake
[0.399s] -- Up-to-date: /home/tian/ROS_ws/install/interfaces/share/interfaces/cmake/ament_cmake_export_include_directories-extras.cmake
[0.399s] -- Up-to-date: /home/tian/ROS_ws/install/interfaces/share/interfaces/cmake/ament_cmake_export_libraries-extras.cmake
[0.399s] -- Up-to-date: /home/tian/ROS_ws/install/interfaces/share/interfaces/cmake/ament_cmake_export_targets-extras.cmake
[0.400s] -- Up-to-date: /home/tian/ROS_ws/install/interfaces/share/interfaces/cmake/rosidl_cmake_export_typesupport_targets-extras.cmake
[0.400s] -- Up-to-date: /home/tian/ROS_ws/install/interfaces/share/interfaces/cmake/rosidl_cmake_export_typesupport_libraries-extras.cmake
[0.400s] -- Up-to-date: /home/tian/ROS_ws/install/interfaces/share/interfaces/cmake/interfacesConfig.cmake
[0.400s] -- Up-to-date: /home/tian/ROS_ws/install/interfaces/share/interfaces/cmake/interfacesConfig-version.cmake
[0.400s] -- Up-to-date: /home/tian/ROS_ws/install/interfaces/share/interfaces/package.xml
[0.403s] Invoked command in '/home/tian/ROS_ws/build/interfaces' returned '0': CMAKE_PREFIX_PATH=${CMAKE_PREFIX_PATH}:/opt/ros/jazzy DEBUGINFOD_URLS=https://debuginfod.ubuntu.com /usr/bin/cmake --install /home/tian/ROS_ws/build/interfaces
