[0.012s] Invoking command in '/home/tian/ROS_ws/build/robot_control': CMAKE_PREFIX_PATH=/home/tian/ROS_ws/install/interfaces:/home/tian/ROS_ws/install/topic_cpp:/home/tian/ROS_ws/install/service_cpp:/home/tian/ROS_ws/install/robot_control:/home/tian/ROS_ws/install/demo1_cpp:/opt/ros/jazzy/opt/gz_math_vendor:/opt/ros/jazzy/opt/gz_utils_vendor:/opt/ros/jazzy/opt/gz_cmake_vendor:/opt/ros/jazzy DEBUGINFOD_URLS=https://debuginfod.ubuntu.com /usr/bin/cmake --build /home/tian/ROS_ws/build/robot_control -- -j16 -l16
[0.096s] [ 50%] Built target robot_control
[0.096s] [ 75%] [32mBuilding CXX object CMakeFiles/robot.dir/src/Robot.cpp.o[0m
[5.456s] [100%] [32m[1mLinking CXX executable robot[0m
[5.699s] [100%] Built target robot
[5.717s] Invoked command in '/home/tian/ROS_ws/build/robot_control' returned '0': CMAKE_PREFIX_PATH=/home/tian/ROS_ws/install/interfaces:/home/tian/ROS_ws/install/topic_cpp:/home/tian/ROS_ws/install/service_cpp:/home/tian/ROS_ws/install/robot_control:/home/tian/ROS_ws/install/demo1_cpp:/opt/ros/jazzy/opt/gz_math_vendor:/opt/ros/jazzy/opt/gz_utils_vendor:/opt/ros/jazzy/opt/gz_cmake_vendor:/opt/ros/jazzy DEBUGINFOD_URLS=https://debuginfod.ubuntu.com /usr/bin/cmake --build /home/tian/ROS_ws/build/robot_control -- -j16 -l16
[5.718s] Invoking command in '/home/tian/ROS_ws/build/robot_control': CMAKE_PREFIX_PATH=/home/tian/ROS_ws/install/interfaces:/home/tian/ROS_ws/install/topic_cpp:/home/tian/ROS_ws/install/service_cpp:/home/tian/ROS_ws/install/robot_control:/home/tian/ROS_ws/install/demo1_cpp:/opt/ros/jazzy/opt/gz_math_vendor:/opt/ros/jazzy/opt/gz_utils_vendor:/opt/ros/jazzy/opt/gz_cmake_vendor:/opt/ros/jazzy DEBUGINFOD_URLS=https://debuginfod.ubuntu.com /usr/bin/cmake --install /home/tian/ROS_ws/build/robot_control
[5.730s] -- Install configuration: ""
[5.731s] -- Installing: /home/tian/ROS_ws/install/robot_control/lib/robot_control/robot
[5.734s] -- Set non-toolchain portion of runtime path of "/home/tian/ROS_ws/install/robot_control/lib/robot_control/robot" to ""
[5.734s] -- Up-to-date: /home/tian/ROS_ws/install/robot_control/lib/robot_control/robot_control
[5.734s] -- Up-to-date: /home/tian/ROS_ws/install/robot_control/share/ament_index/resource_index/package_run_dependencies/robot_control
[5.734s] -- Up-to-date: /home/tian/ROS_ws/install/robot_control/share/ament_index/resource_index/parent_prefix_path/robot_control
[5.734s] -- Up-to-date: /home/tian/ROS_ws/install/robot_control/share/robot_control/environment/ament_prefix_path.sh
[5.734s] -- Up-to-date: /home/tian/ROS_ws/install/robot_control/share/robot_control/environment/ament_prefix_path.dsv
[5.735s] -- Up-to-date: /home/tian/ROS_ws/install/robot_control/share/robot_control/environment/path.sh
[5.735s] -- Up-to-date: /home/tian/ROS_ws/install/robot_control/share/robot_control/environment/path.dsv
[5.735s] -- Up-to-date: /home/tian/ROS_ws/install/robot_control/share/robot_control/local_setup.bash
[5.735s] -- Up-to-date: /home/tian/ROS_ws/install/robot_control/share/robot_control/local_setup.sh
[5.735s] -- Up-to-date: /home/tian/ROS_ws/install/robot_control/share/robot_control/local_setup.zsh
[5.735s] -- Up-to-date: /home/tian/ROS_ws/install/robot_control/share/robot_control/local_setup.dsv
[5.735s] -- Installing: /home/tian/ROS_ws/install/robot_control/share/robot_control/package.dsv
[5.735s] -- Up-to-date: /home/tian/ROS_ws/install/robot_control/share/ament_index/resource_index/packages/robot_control
[5.735s] -- Up-to-date: /home/tian/ROS_ws/install/robot_control/share/robot_control/cmake/robot_controlConfig.cmake
[5.735s] -- Up-to-date: /home/tian/ROS_ws/install/robot_control/share/robot_control/cmake/robot_controlConfig-version.cmake
[5.735s] -- Up-to-date: /home/tian/ROS_ws/install/robot_control/share/robot_control/package.xml
[5.739s] Invoked command in '/home/tian/ROS_ws/build/robot_control' returned '0': CMAKE_PREFIX_PATH=/home/tian/ROS_ws/install/interfaces:/home/tian/ROS_ws/install/topic_cpp:/home/tian/ROS_ws/install/service_cpp:/home/tian/ROS_ws/install/robot_control:/home/tian/ROS_ws/install/demo1_cpp:/opt/ros/jazzy/opt/gz_math_vendor:/opt/ros/jazzy/opt/gz_utils_vendor:/opt/ros/jazzy/opt/gz_cmake_vendor:/opt/ros/jazzy DEBUGINFOD_URLS=https://debuginfod.ubuntu.com /usr/bin/cmake --install /home/tian/ROS_ws/build/robot_control
