[ 75%] [32mBuilding CXX object CMakeFiles/robot.dir/src/Robot.cpp.o[0m
[ 75%] Built target robot_control
[100%] [32m[1mLinking CXX executable robot[0m
[100%] Built target robot
-- Install configuration: ""
-- Installing: /home/tian/ROS_ws/install/robot_control/lib/robot_control/robot
-- Set non-toolchain portion of runtime path of "/home/tian/ROS_ws/install/robot_control/lib/robot_control/robot" to ""
-- Up-to-date: /home/tian/ROS_ws/install/robot_control/lib/robot_control/robot_control
-- Up-to-date: /home/tian/ROS_ws/install/robot_control/share/ament_index/resource_index/package_run_dependencies/robot_control
-- Up-to-date: /home/tian/ROS_ws/install/robot_control/share/ament_index/resource_index/parent_prefix_path/robot_control
-- Up-to-date: /home/tian/ROS_ws/install/robot_control/share/robot_control/environment/ament_prefix_path.sh
-- Up-to-date: /home/tian/ROS_ws/install/robot_control/share/robot_control/environment/ament_prefix_path.dsv
-- Up-to-date: /home/tian/ROS_ws/install/robot_control/share/robot_control/environment/path.sh
-- Up-to-date: /home/tian/ROS_ws/install/robot_control/share/robot_control/environment/path.dsv
-- Up-to-date: /home/tian/ROS_ws/install/robot_control/share/robot_control/local_setup.bash
-- Up-to-date: /home/tian/ROS_ws/install/robot_control/share/robot_control/local_setup.sh
-- Up-to-date: /home/tian/ROS_ws/install/robot_control/share/robot_control/local_setup.zsh
-- Up-to-date: /home/tian/ROS_ws/install/robot_control/share/robot_control/local_setup.dsv
-- Installing: /home/tian/ROS_ws/install/robot_control/share/robot_control/package.dsv
-- Up-to-date: /home/tian/ROS_ws/install/robot_control/share/ament_index/resource_index/packages/robot_control
-- Up-to-date: /home/tian/ROS_ws/install/robot_control/share/robot_control/cmake/robot_controlConfig.cmake
-- Up-to-date: /home/tian/ROS_ws/install/robot_control/share/robot_control/cmake/robot_controlConfig-version.cmake
-- Up-to-date: /home/tian/ROS_ws/install/robot_control/share/robot_control/package.xml
