[0.011s] Invoking command in '/home/tian/ROS_ws/build/robot_control': CMAKE_PREFIX_PATH=/home/tian/ROS_ws/install/interfaces:/home/tian/ROS_ws/install/topic_cpp:/home/tian/ROS_ws/install/service_cpp:/home/tian/ROS_ws/install/robot_control:/home/tian/ROS_ws/install/demo1_cpp:/opt/ros/jazzy/opt/gz_math_vendor:/opt/ros/jazzy/opt/gz_utils_vendor:/opt/ros/jazzy/opt/gz_cmake_vendor:/opt/ros/jazzy DEBUGINFOD_URLS=https://debuginfod.ubuntu.com /usr/bin/cmake --build /home/tian/ROS_ws/build/robot_control -- -j16 -l16
[0.099s] [ 75%] [32mBuilding CXX object CMakeFiles/robot.dir/src/Robot.cpp.o[0m
[0.099s] [ 75%] Built target robot_control
[5.457s] [100%] [32m[1mLinking CXX executable robot[0m
[5.707s] [100%] Built target robot
[5.725s] Invoked command in '/home/tian/ROS_ws/build/robot_control' returned '0': CMAKE_PREFIX_PATH=/home/tian/ROS_ws/install/interfaces:/home/tian/ROS_ws/install/topic_cpp:/home/tian/ROS_ws/install/service_cpp:/home/tian/ROS_ws/install/robot_control:/home/tian/ROS_ws/install/demo1_cpp:/opt/ros/jazzy/opt/gz_math_vendor:/opt/ros/jazzy/opt/gz_utils_vendor:/opt/ros/jazzy/opt/gz_cmake_vendor:/opt/ros/jazzy DEBUGINFOD_URLS=https://debuginfod.ubuntu.com /usr/bin/cmake --build /home/tian/ROS_ws/build/robot_control -- -j16 -l16
[5.727s] Invoking command in '/home/tian/ROS_ws/build/robot_control': CMAKE_PREFIX_PATH=/home/tian/ROS_ws/install/interfaces:/home/tian/ROS_ws/install/topic_cpp:/home/tian/ROS_ws/install/service_cpp:/home/tian/ROS_ws/install/robot_control:/home/tian/ROS_ws/install/demo1_cpp:/opt/ros/jazzy/opt/gz_math_vendor:/opt/ros/jazzy/opt/gz_utils_vendor:/opt/ros/jazzy/opt/gz_cmake_vendor:/opt/ros/jazzy DEBUGINFOD_URLS=https://debuginfod.ubuntu.com /usr/bin/cmake --install /home/tian/ROS_ws/build/robot_control
[5.739s] -- Install configuration: ""
[5.740s] -- Installing: /home/tian/ROS_ws/install/robot_control/lib/robot_control/robot
[5.742s] -- Set non-toolchain portion of runtime path of "/home/tian/ROS_ws/install/robot_control/lib/robot_control/robot" to ""
[5.742s] -- Up-to-date: /home/tian/ROS_ws/install/robot_control/lib/robot_control/robot_control
[5.742s] -- Up-to-date: /home/tian/ROS_ws/install/robot_control/share/ament_index/resource_index/package_run_dependencies/robot_control
[5.743s] -- Up-to-date: /home/tian/ROS_ws/install/robot_control/share/ament_index/resource_index/parent_prefix_path/robot_control
[5.743s] -- Up-to-date: /home/tian/ROS_ws/install/robot_control/share/robot_control/environment/ament_prefix_path.sh
[5.743s] -- Up-to-date: /home/tian/ROS_ws/install/robot_control/share/robot_control/environment/ament_prefix_path.dsv
[5.743s] -- Up-to-date: /home/tian/ROS_ws/install/robot_control/share/robot_control/environment/path.sh
[5.743s] -- Up-to-date: /home/tian/ROS_ws/install/robot_control/share/robot_control/environment/path.dsv
[5.743s] -- Up-to-date: /home/tian/ROS_ws/install/robot_control/share/robot_control/local_setup.bash
[5.743s] -- Up-to-date: /home/tian/ROS_ws/install/robot_control/share/robot_control/local_setup.sh
[5.743s] -- Up-to-date: /home/tian/ROS_ws/install/robot_control/share/robot_control/local_setup.zsh
[5.743s] -- Up-to-date: /home/tian/ROS_ws/install/robot_control/share/robot_control/local_setup.dsv
[5.743s] -- Installing: /home/tian/ROS_ws/install/robot_control/share/robot_control/package.dsv
[5.743s] -- Up-to-date: /home/tian/ROS_ws/install/robot_control/share/ament_index/resource_index/packages/robot_control
[5.743s] -- Up-to-date: /home/tian/ROS_ws/install/robot_control/share/robot_control/cmake/robot_controlConfig.cmake
[5.743s] -- Up-to-date: /home/tian/ROS_ws/install/robot_control/share/robot_control/cmake/robot_controlConfig-version.cmake
[5.743s] -- Up-to-date: /home/tian/ROS_ws/install/robot_control/share/robot_control/package.xml
[5.747s] Invoked command in '/home/tian/ROS_ws/build/robot_control' returned '0': CMAKE_PREFIX_PATH=/home/tian/ROS_ws/install/interfaces:/home/tian/ROS_ws/install/topic_cpp:/home/tian/ROS_ws/install/service_cpp:/home/tian/ROS_ws/install/robot_control:/home/tian/ROS_ws/install/demo1_cpp:/opt/ros/jazzy/opt/gz_math_vendor:/opt/ros/jazzy/opt/gz_utils_vendor:/opt/ros/jazzy/opt/gz_cmake_vendor:/opt/ros/jazzy DEBUGINFOD_URLS=https://debuginfod.ubuntu.com /usr/bin/cmake --install /home/tian/ROS_ws/build/robot_control
