[0.017s] Invoking command in '/home/tian/ROS_ws/build/topic_cpp': CMAKE_PREFIX_PATH=${CMAKE_PREFIX_PATH}:/opt/ros/jazzy DEBUGINFOD_URLS=https://debuginfod.ubuntu.com /usr/bin/cmake --build /home/tian/ROS_ws/build/topic_cpp -- -j16 -l16
[0.076s] [ 50%] Built target topic_publisher_01
[0.081s] [100%] Built target topic_subscriber
[0.101s] Invoked command in '/home/tian/ROS_ws/build/topic_cpp' returned '0': CMAKE_PREFIX_PATH=${CMAKE_PREFIX_PATH}:/opt/ros/jazzy DEBUGINFOD_URLS=https://debuginfod.ubuntu.com /usr/bin/cmake --build /home/tian/ROS_ws/build/topic_cpp -- -j16 -l16
[0.102s] Invoking command in '/home/tian/ROS_ws/build/topic_cpp': CMAKE_PREFIX_PATH=${CMAKE_PREFIX_PATH}:/opt/ros/jazzy DEBUGINFOD_URLS=https://debuginfod.ubuntu.com /usr/bin/cmake --install /home/tian/ROS_ws/build/topic_cpp
[0.113s] -- Install configuration: ""
[0.113s] -- Up-to-date: /home/tian/ROS_ws/install/topic_cpp/share/ament_index/resource_index/package_run_dependencies/topic_cpp
[0.113s] -- Up-to-date: /home/tian/ROS_ws/install/topic_cpp/share/ament_index/resource_index/parent_prefix_path/topic_cpp
[0.113s] -- Up-to-date: /home/tian/ROS_ws/install/topic_cpp/share/topic_cpp/environment/ament_prefix_path.sh
[0.113s] -- Up-to-date: /home/tian/ROS_ws/install/topic_cpp/share/topic_cpp/environment/ament_prefix_path.dsv
[0.113s] -- Up-to-date: /home/tian/ROS_ws/install/topic_cpp/share/topic_cpp/environment/path.sh
[0.113s] -- Up-to-date: /home/tian/ROS_ws/install/topic_cpp/share/topic_cpp/environment/path.dsv
[0.113s] -- Up-to-date: /home/tian/ROS_ws/install/topic_cpp/share/topic_cpp/local_setup.bash
[0.113s] -- Up-to-date: /home/tian/ROS_ws/install/topic_cpp/share/topic_cpp/local_setup.sh
[0.113s] -- Up-to-date: /home/tian/ROS_ws/install/topic_cpp/share/topic_cpp/local_setup.zsh
[0.114s] -- Up-to-date: /home/tian/ROS_ws/install/topic_cpp/share/topic_cpp/local_setup.dsv
[0.114s] -- Installing: /home/tian/ROS_ws/install/topic_cpp/share/topic_cpp/package.dsv
[0.114s] -- Up-to-date: /home/tian/ROS_ws/install/topic_cpp/share/ament_index/resource_index/packages/topic_cpp
[0.114s] -- Up-to-date: /home/tian/ROS_ws/install/topic_cpp/share/topic_cpp/cmake/topic_cppConfig.cmake
[0.114s] -- Up-to-date: /home/tian/ROS_ws/install/topic_cpp/share/topic_cpp/cmake/topic_cppConfig-version.cmake
[0.114s] -- Up-to-date: /home/tian/ROS_ws/install/topic_cpp/share/topic_cpp/package.xml
[0.114s] -- Up-to-date: /home/tian/ROS_ws/install/topic_cpp/lib/topic_cpp/topic_publisher_01
[0.114s] -- Up-to-date: /home/tian/ROS_ws/install/topic_cpp/lib/topic_cpp/topic_subscriber
[0.118s] Invoked command in '/home/tian/ROS_ws/build/topic_cpp' returned '0': CMAKE_PREFIX_PATH=${CMAKE_PREFIX_PATH}:/opt/ros/jazzy DEBUGINFOD_URLS=https://debuginfod.ubuntu.com /usr/bin/cmake --install /home/tian/ROS_ws/build/topic_cpp
