[0.009s] Invoking command in '/home/tian/ROS_ws/build/cpp_parameters': CMAKE_PREFIX_PATH=${CMAKE_PREFIX_PATH}:/opt/ros/jazzy DEBUGINFOD_URLS=https://debuginfod.ubuntu.com /usr/bin/cmake /home/tian/ROS_ws/src/cpp_parameters -DCMAKE_INSTALL_PREFIX=/home/tian/ROS_ws/install/cpp_parameters
[0.023s] -- Found ament_cmake: 2.5.4 (/opt/ros/jazzy/share/ament_cmake/cmake)
[0.195s] -- Found rclcpp: 28.1.12 (/opt/ros/jazzy/share/rclcpp/cmake)
[0.229s] -- Found rosidl_generator_c: 4.6.6 (/opt/ros/jazzy/share/rosidl_generator_c/cmake)
[0.239s] -- Found rosidl_generator_cpp: 4.6.6 (/opt/ros/jazzy/share/rosidl_generator_cpp/cmake)
[0.252s] -- Using all available rosidl_typesupport_c: rosidl_typesupport_fastrtps_c;rosidl_typesupport_introspection_c
[0.266s] -- Using all available rosidl_typesupport_cpp: rosidl_typesupport_fastrtps_cpp;rosidl_typesupport_introspection_cpp
[0.328s] -- Found rmw_implementation_cmake: 7.3.2 (/opt/ros/jazzy/share/rmw_implementation_cmake/cmake)
[0.330s] -- Found rmw_fastrtps_cpp: 8.4.3 (/opt/ros/jazzy/share/rmw_fastrtps_cpp/cmake)
[0.408s] -- Found OpenSSL: /usr/lib/x86_64-linux-gnu/libcrypto.so (found version "3.0.13")  
[0.431s] -- Found FastRTPS: /opt/ros/jazzy/include (Required is at least version "2.13") 
[0.451s] -- Using RMW implementation 'rmw_fastrtps_cpp' as default
[0.520s] [31mCMake Error at CMakeLists.txt:14 (install):
[0.520s]   install does not recognize sub-command TARGET
[0.520s] 
[0.520s] [0m
[0.521s] -- Found ament_lint_auto: 0.17.3 (/opt/ros/jazzy/share/ament_lint_auto/cmake)
[0.606s] -- Added test 'cppcheck' to perform static code analysis on C / C++ code
[0.606s] -- Configured cppcheck include dirs: 
[0.606s] -- Configured cppcheck exclude dirs and/or files: 
[0.607s] -- Added test 'lint_cmake' to check CMake code style
[0.608s] -- Added test 'uncrustify' to check C / C++ code style
[0.608s] -- Configured uncrustify additional arguments: 
[0.608s] -- Added test 'xmllint' to check XML markup files
[0.610s] -- Configuring incomplete, errors occurred!
[0.624s] Invoked command in '/home/tian/ROS_ws/build/cpp_parameters' returned '1': CMAKE_PREFIX_PATH=${CMAKE_PREFIX_PATH}:/opt/ros/jazzy DEBUGINFOD_URLS=https://debuginfod.ubuntu.com /usr/bin/cmake /home/tian/ROS_ws/src/cpp_parameters -DCMAKE_INSTALL_PREFIX=/home/tian/ROS_ws/install/cpp_parameters
