[  1%] Built target interfaces__rosidl_generator_type_description
[  1%] Built target ament_cmake_python_copy_interfaces
[  3%] Built target interfaces__cpp
[ 24%] Built target interfaces__rosidl_generator_c
[ 33%] Built target interfaces__rosidl_typesupport_c
[ 42%] Built target interfaces__rosidl_typesupport_introspection_c
[ 51%] Built target interfaces__rosidl_typesupport_cpp
[ 61%] Built target interfaces__rosidl_typesupport_introspection_cpp
[ 70%] Built target interfaces__rosidl_typesupport_fastrtps_c
[ 79%] Built target interfaces__rosidl_typesupport_fastrtps_cpp
[ 79%] Built target interfaces
[ 81%] Built target interfaces__py
[ 88%] Built target interfaces__rosidl_generator_py
[ 96%] Built target interfaces_s__rosidl_typesupport_introspection_c
[ 96%] Built target interfaces_s__rosidl_typesupport_c
[100%] Built target interfaces_s__rosidl_typesupport_fastrtps_c
running egg_info
writing interfaces.egg-info/PKG-INFO
writing dependency_links to interfaces.egg-info/dependency_links.txt
writing top-level names to interfaces.egg-info/top_level.txt
reading manifest file 'interfaces.egg-info/SOURCES.txt'
writing manifest file 'interfaces.egg-info/SOURCES.txt'
[100%] Built target ament_cmake_python_build_interfaces_egg
-- Install configuration: ""
-- Up-to-date: /home/tian/ROS_ws/install/interfaces/share/ament_index/resource_index/rosidl_interfaces/interfaces
-- Up-to-date: /home/tian/ROS_ws/install/interfaces/share/interfaces/msg/RobotPose.json
-- Up-to-date: /home/tian/ROS_ws/install/interfaces/share/interfaces/msg/RobotStatus.json
-- Up-to-date: /home/tian/ROS_ws/install/interfaces/share/interfaces/srv/MoveRobot.json
-- Up-to-date: /home/tian/ROS_ws/install/interfaces/include/interfaces/interfaces
-- Up-to-date: /home/tian/ROS_ws/install/interfaces/include/interfaces/interfaces/msg
-- Up-to-date: /home/tian/ROS_ws/install/interfaces/include/interfaces/interfaces/msg/robot_status.h
-- Up-to-date: /home/tian/ROS_ws/install/interfaces/include/interfaces/interfaces/msg/detail
-- Up-to-date: /home/tian/ROS_ws/install/interfaces/include/interfaces/interfaces/msg/detail/robot_status__type_support.c
-- Up-to-date: /home/tian/ROS_ws/install/interfaces/include/interfaces/interfaces/msg/detail/robot_pose__struct.h
-- Up-to-date: /home/tian/ROS_ws/install/interfaces/include/interfaces/interfaces/msg/detail/robot_status__type_support.h
-- Up-to-date: /home/tian/ROS_ws/install/interfaces/include/interfaces/interfaces/msg/detail/robot_status__functions.h
-- Up-to-date: /home/tian/ROS_ws/install/interfaces/include/interfaces/interfaces/msg/detail/robot_pose__type_support.h
-- Up-to-date: /home/tian/ROS_ws/install/interfaces/include/interfaces/interfaces/msg/detail/robot_status__description.c
-- Up-to-date: /home/tian/ROS_ws/install/interfaces/include/interfaces/interfaces/msg/detail/robot_pose__functions.c
-- Up-to-date: /home/tian/ROS_ws/install/interfaces/include/interfaces/interfaces/msg/detail/robot_pose__functions.h
-- Up-to-date: /home/tian/ROS_ws/install/interfaces/include/interfaces/interfaces/msg/detail/robot_status__struct.h
-- Up-to-date: /home/tian/ROS_ws/install/interfaces/include/interfaces/interfaces/msg/detail/robot_pose__type_support.c
-- Up-to-date: /home/tian/ROS_ws/install/interfaces/include/interfaces/interfaces/msg/detail/robot_status__functions.c
-- Up-to-date: /home/tian/ROS_ws/install/interfaces/include/interfaces/interfaces/msg/detail/robot_pose__description.c
-- Up-to-date: /home/tian/ROS_ws/install/interfaces/include/interfaces/interfaces/msg/rosidl_generator_c__visibility_control.h
-- Up-to-date: /home/tian/ROS_ws/install/interfaces/include/interfaces/interfaces/msg/robot_pose.h
-- Up-to-date: /home/tian/ROS_ws/install/interfaces/include/interfaces/interfaces/srv
-- Up-to-date: /home/tian/ROS_ws/install/interfaces/include/interfaces/interfaces/srv/move_robot.h
-- Up-to-date: /home/tian/ROS_ws/install/interfaces/include/interfaces/interfaces/srv/detail
-- Up-to-date: /home/tian/ROS_ws/install/interfaces/include/interfaces/interfaces/srv/detail/move_robot__functions.c
-- Up-to-date: /home/tian/ROS_ws/install/interfaces/include/interfaces/interfaces/srv/detail/move_robot__functions.h
-- Up-to-date: /home/tian/ROS_ws/install/interfaces/include/interfaces/interfaces/srv/detail/move_robot__struct.h
-- Up-to-date: /home/tian/ROS_ws/install/interfaces/include/interfaces/interfaces/srv/detail/move_robot__description.c
-- Up-to-date: /home/tian/ROS_ws/install/interfaces/include/interfaces/interfaces/srv/detail/move_robot__type_support.c
-- Up-to-date: /home/tian/ROS_ws/install/interfaces/include/interfaces/interfaces/srv/detail/move_robot__type_support.h
-- Up-to-date: /home/tian/ROS_ws/install/interfaces/share/interfaces/environment/library_path.sh
-- Up-to-date: /home/tian/ROS_ws/install/interfaces/share/interfaces/environment/library_path.dsv
-- Up-to-date: /home/tian/ROS_ws/install/interfaces/lib/libinterfaces__rosidl_generator_c.so
-- Up-to-date: /home/tian/ROS_ws/install/interfaces/include/interfaces/interfaces
-- Up-to-date: /home/tian/ROS_ws/install/interfaces/include/interfaces/interfaces/msg
-- Up-to-date: /home/tian/ROS_ws/install/interfaces/include/interfaces/interfaces/msg/rosidl_typesupport_fastrtps_c__visibility_control.h
-- Up-to-date: /home/tian/ROS_ws/install/interfaces/include/interfaces/interfaces/msg/detail
-- Up-to-date: /home/tian/ROS_ws/install/interfaces/include/interfaces/interfaces/msg/detail/robot_status__rosidl_typesupport_fastrtps_c.h
-- Up-to-date: /home/tian/ROS_ws/install/interfaces/include/interfaces/interfaces/msg/detail/robot_pose__rosidl_typesupport_fastrtps_c.h
-- Up-to-date: /home/tian/ROS_ws/install/interfaces/include/interfaces/interfaces/srv
-- Up-to-date: /home/tian/ROS_ws/install/interfaces/include/interfaces/interfaces/srv/detail
-- Up-to-date: /home/tian/ROS_ws/install/interfaces/include/interfaces/interfaces/srv/detail/move_robot__rosidl_typesupport_fastrtps_c.h
-- Up-to-date: /home/tian/ROS_ws/install/interfaces/lib/libinterfaces__rosidl_typesupport_fastrtps_c.so
-- Up-to-date: /home/tian/ROS_ws/install/interfaces/include/interfaces/interfaces
-- Up-to-date: /home/tian/ROS_ws/install/interfaces/include/interfaces/interfaces/msg
-- Up-to-date: /home/tian/ROS_ws/install/interfaces/include/interfaces/interfaces/msg/detail
-- Up-to-date: /home/tian/ROS_ws/install/interfaces/include/interfaces/interfaces/msg/detail/robot_status__type_support.c
-- Up-to-date: /home/tian/ROS_ws/install/interfaces/include/interfaces/interfaces/msg/detail/robot_pose__rosidl_typesupport_introspection_c.h
-- Up-to-date: /home/tian/ROS_ws/install/interfaces/include/interfaces/interfaces/msg/detail/robot_status__rosidl_typesupport_introspection_c.h
-- Up-to-date: /home/tian/ROS_ws/install/interfaces/include/interfaces/interfaces/msg/detail/robot_pose__type_support.c
-- Up-to-date: /home/tian/ROS_ws/install/interfaces/include/interfaces/interfaces/msg/rosidl_typesupport_introspection_c__visibility_control.h
-- Up-to-date: /home/tian/ROS_ws/install/interfaces/include/interfaces/interfaces/srv
-- Up-to-date: /home/tian/ROS_ws/install/interfaces/include/interfaces/interfaces/srv/detail
-- Up-to-date: /home/tian/ROS_ws/install/interfaces/include/interfaces/interfaces/srv/detail/move_robot__rosidl_typesupport_introspection_c.h
-- Up-to-date: /home/tian/ROS_ws/install/interfaces/include/interfaces/interfaces/srv/detail/move_robot__type_support.c
-- Up-to-date: /home/tian/ROS_ws/install/interfaces/lib/libinterfaces__rosidl_typesupport_introspection_c.so
-- Up-to-date: /home/tian/ROS_ws/install/interfaces/lib/libinterfaces__rosidl_typesupport_c.so
-- Up-to-date: /home/tian/ROS_ws/install/interfaces/include/interfaces/interfaces
-- Up-to-date: /home/tian/ROS_ws/install/interfaces/include/interfaces/interfaces/msg
-- Up-to-date: /home/tian/ROS_ws/install/interfaces/include/interfaces/interfaces/msg/detail
-- Up-to-date: /home/tian/ROS_ws/install/interfaces/include/interfaces/interfaces/msg/detail/robot_pose__type_support.hpp
-- Up-to-date: /home/tian/ROS_ws/install/interfaces/include/interfaces/interfaces/msg/detail/robot_pose__traits.hpp
-- Up-to-date: /home/tian/ROS_ws/install/interfaces/include/interfaces/interfaces/msg/detail/robot_status__type_support.hpp
-- Up-to-date: /home/tian/ROS_ws/install/interfaces/include/interfaces/interfaces/msg/detail/robot_status__builder.hpp
-- Up-to-date: /home/tian/ROS_ws/install/interfaces/include/interfaces/interfaces/msg/detail/robot_pose__struct.hpp
-- Up-to-date: /home/tian/ROS_ws/install/interfaces/include/interfaces/interfaces/msg/detail/robot_pose__builder.hpp
-- Up-to-date: /home/tian/ROS_ws/install/interfaces/include/interfaces/interfaces/msg/detail/robot_status__struct.hpp
-- Up-to-date: /home/tian/ROS_ws/install/interfaces/include/interfaces/interfaces/msg/detail/robot_status__traits.hpp
-- Up-to-date: /home/tian/ROS_ws/install/interfaces/include/interfaces/interfaces/msg/rosidl_generator_cpp__visibility_control.hpp
-- Up-to-date: /home/tian/ROS_ws/install/interfaces/include/interfaces/interfaces/msg/robot_status.hpp
-- Up-to-date: /home/tian/ROS_ws/install/interfaces/include/interfaces/interfaces/msg/robot_pose.hpp
-- Up-to-date: /home/tian/ROS_ws/install/interfaces/include/interfaces/interfaces/srv
-- Up-to-date: /home/tian/ROS_ws/install/interfaces/include/interfaces/interfaces/srv/move_robot.hpp
-- Up-to-date: /home/tian/ROS_ws/install/interfaces/include/interfaces/interfaces/srv/detail
-- Up-to-date: /home/tian/ROS_ws/install/interfaces/include/interfaces/interfaces/srv/detail/move_robot__builder.hpp
-- Up-to-date: /home/tian/ROS_ws/install/interfaces/include/interfaces/interfaces/srv/detail/move_robot__type_support.hpp
-- Up-to-date: /home/tian/ROS_ws/install/interfaces/include/interfaces/interfaces/srv/detail/move_robot__traits.hpp
-- Up-to-date: /home/tian/ROS_ws/install/interfaces/include/interfaces/interfaces/srv/detail/move_robot__struct.hpp
-- Up-to-date: /home/tian/ROS_ws/install/interfaces/include/interfaces/interfaces
-- Up-to-date: /home/tian/ROS_ws/install/interfaces/include/interfaces/interfaces/msg
-- Up-to-date: /home/tian/ROS_ws/install/interfaces/include/interfaces/interfaces/msg/detail
-- Up-to-date: /home/tian/ROS_ws/install/interfaces/include/interfaces/interfaces/msg/detail/robot_pose__rosidl_typesupport_fastrtps_cpp.hpp
-- Up-to-date: /home/tian/ROS_ws/install/interfaces/include/interfaces/interfaces/msg/detail/robot_status__rosidl_typesupport_fastrtps_cpp.hpp
-- Up-to-date: /home/tian/ROS_ws/install/interfaces/include/interfaces/interfaces/msg/detail/dds_fastrtps
-- Up-to-date: /home/tian/ROS_ws/install/interfaces/include/interfaces/interfaces/msg/rosidl_typesupport_fastrtps_cpp__visibility_control.h
-- Up-to-date: /home/tian/ROS_ws/install/interfaces/include/interfaces/interfaces/srv
-- Up-to-date: /home/tian/ROS_ws/install/interfaces/include/interfaces/interfaces/srv/detail
-- Up-to-date: /home/tian/ROS_ws/install/interfaces/include/interfaces/interfaces/srv/detail/move_robot__rosidl_typesupport_fastrtps_cpp.hpp
-- Up-to-date: /home/tian/ROS_ws/install/interfaces/include/interfaces/interfaces/srv/detail/dds_fastrtps
-- Up-to-date: /home/tian/ROS_ws/install/interfaces/lib/libinterfaces__rosidl_typesupport_fastrtps_cpp.so
-- Up-to-date: /home/tian/ROS_ws/install/interfaces/include/interfaces/interfaces
-- Up-to-date: /home/tian/ROS_ws/install/interfaces/include/interfaces/interfaces/msg
-- Up-to-date: /home/tian/ROS_ws/install/interfaces/include/interfaces/interfaces/msg/detail
-- Up-to-date: /home/tian/ROS_ws/install/interfaces/include/interfaces/interfaces/msg/detail/robot_status__type_support.cpp
-- Up-to-date: /home/tian/ROS_ws/install/interfaces/include/interfaces/interfaces/msg/detail/robot_pose__type_support.cpp
-- Up-to-date: /home/tian/ROS_ws/install/interfaces/include/interfaces/interfaces/msg/detail/robot_pose__rosidl_typesupport_introspection_cpp.hpp
-- Up-to-date: /home/tian/ROS_ws/install/interfaces/include/interfaces/interfaces/msg/detail/robot_status__rosidl_typesupport_introspection_cpp.hpp
-- Up-to-date: /home/tian/ROS_ws/install/interfaces/include/interfaces/interfaces/srv
-- Up-to-date: /home/tian/ROS_ws/install/interfaces/include/interfaces/interfaces/srv/detail
-- Up-to-date: /home/tian/ROS_ws/install/interfaces/include/interfaces/interfaces/srv/detail/move_robot__rosidl_typesupport_introspection_cpp.hpp
-- Up-to-date: /home/tian/ROS_ws/install/interfaces/include/interfaces/interfaces/srv/detail/move_robot__type_support.cpp
-- Up-to-date: /home/tian/ROS_ws/install/interfaces/lib/libinterfaces__rosidl_typesupport_introspection_cpp.so
-- Up-to-date: /home/tian/ROS_ws/install/interfaces/lib/libinterfaces__rosidl_typesupport_cpp.so
-- Up-to-date: /home/tian/ROS_ws/install/interfaces/share/interfaces/environment/pythonpath.sh
-- Up-to-date: /home/tian/ROS_ws/install/interfaces/share/interfaces/environment/pythonpath.dsv
-- Up-to-date: /home/tian/ROS_ws/install/interfaces/lib/python3.12/site-packages/interfaces-0.0.0-py3.12.egg-info
-- Installing: /home/tian/ROS_ws/install/interfaces/lib/python3.12/site-packages/interfaces-0.0.0-py3.12.egg-info/dependency_links.txt
-- Installing: /home/tian/ROS_ws/install/interfaces/lib/python3.12/site-packages/interfaces-0.0.0-py3.12.egg-info/SOURCES.txt
-- Installing: /home/tian/ROS_ws/install/interfaces/lib/python3.12/site-packages/interfaces-0.0.0-py3.12.egg-info/top_level.txt
-- Installing: /home/tian/ROS_ws/install/interfaces/lib/python3.12/site-packages/interfaces-0.0.0-py3.12.egg-info/PKG-INFO
-- Up-to-date: /home/tian/ROS_ws/install/interfaces/lib/python3.12/site-packages/interfaces
-- Up-to-date: /home/tian/ROS_ws/install/interfaces/lib/python3.12/site-packages/interfaces/_interfaces_s.ep.rosidl_typesupport_fastrtps_c.c
-- Up-to-date: /home/tian/ROS_ws/install/interfaces/lib/python3.12/site-packages/interfaces/msg
-- Up-to-date: /home/tian/ROS_ws/install/interfaces/lib/python3.12/site-packages/interfaces/msg/_robot_pose.py
-- Up-to-date: /home/tian/ROS_ws/install/interfaces/lib/python3.12/site-packages/interfaces/msg/_robot_status.py
-- Up-to-date: /home/tian/ROS_ws/install/interfaces/lib/python3.12/site-packages/interfaces/msg/_robot_status_s.c
-- Up-to-date: /home/tian/ROS_ws/install/interfaces/lib/python3.12/site-packages/interfaces/msg/__init__.py
-- Up-to-date: /home/tian/ROS_ws/install/interfaces/lib/python3.12/site-packages/interfaces/msg/_robot_pose_s.c
-- Up-to-date: /home/tian/ROS_ws/install/interfaces/lib/python3.12/site-packages/interfaces/interfaces_s__rosidl_typesupport_c.so
-- Up-to-date: /home/tian/ROS_ws/install/interfaces/lib/python3.12/site-packages/interfaces/interfaces_s__rosidl_typesupport_introspection_c.so
-- Up-to-date: /home/tian/ROS_ws/install/interfaces/lib/python3.12/site-packages/interfaces/srv
-- Up-to-date: /home/tian/ROS_ws/install/interfaces/lib/python3.12/site-packages/interfaces/srv/_move_robot_s.c
-- Up-to-date: /home/tian/ROS_ws/install/interfaces/lib/python3.12/site-packages/interfaces/srv/__init__.py
-- Up-to-date: /home/tian/ROS_ws/install/interfaces/lib/python3.12/site-packages/interfaces/srv/_move_robot.py
-- Up-to-date: /home/tian/ROS_ws/install/interfaces/lib/python3.12/site-packages/interfaces/__init__.py
-- Up-to-date: /home/tian/ROS_ws/install/interfaces/lib/python3.12/site-packages/interfaces/_interfaces_s.ep.rosidl_typesupport_c.c
-- Up-to-date: /home/tian/ROS_ws/install/interfaces/lib/python3.12/site-packages/interfaces/interfaces_s__rosidl_typesupport_fastrtps_c.so
-- Up-to-date: /home/tian/ROS_ws/install/interfaces/lib/python3.12/site-packages/interfaces/_interfaces_s.ep.rosidl_typesupport_introspection_c.c
Listing '/home/tian/ROS_ws/install/interfaces/lib/python3.12/site-packages/interfaces'...
Listing '/home/tian/ROS_ws/install/interfaces/lib/python3.12/site-packages/interfaces/msg'...
Listing '/home/tian/ROS_ws/install/interfaces/lib/python3.12/site-packages/interfaces/srv'...
-- Up-to-date: /home/tian/ROS_ws/install/interfaces/lib/python3.12/site-packages/interfaces/interfaces_s__rosidl_typesupport_fastrtps_c.so
-- Up-to-date: /home/tian/ROS_ws/install/interfaces/lib/python3.12/site-packages/interfaces/interfaces_s__rosidl_typesupport_introspection_c.so
-- Up-to-date: /home/tian/ROS_ws/install/interfaces/lib/python3.12/site-packages/interfaces/interfaces_s__rosidl_typesupport_c.so
-- Up-to-date: /home/tian/ROS_ws/install/interfaces/lib/libinterfaces__rosidl_generator_py.so
-- Up-to-date: /home/tian/ROS_ws/install/interfaces/share/interfaces/msg/RobotPose.idl
-- Up-to-date: /home/tian/ROS_ws/install/interfaces/share/interfaces/msg/RobotStatus.idl
-- Up-to-date: /home/tian/ROS_ws/install/interfaces/share/interfaces/srv/MoveRobot.idl
-- Up-to-date: /home/tian/ROS_ws/install/interfaces/share/interfaces/msg/RobotPose.msg
-- Up-to-date: /home/tian/ROS_ws/install/interfaces/share/interfaces/msg/RobotStatus.msg
-- Up-to-date: /home/tian/ROS_ws/install/interfaces/share/interfaces/srv/MoveRobot.srv
-- Up-to-date: /home/tian/ROS_ws/install/interfaces/share/ament_index/resource_index/package_run_dependencies/interfaces
-- Up-to-date: /home/tian/ROS_ws/install/interfaces/share/ament_index/resource_index/parent_prefix_path/interfaces
-- Up-to-date: /home/tian/ROS_ws/install/interfaces/share/interfaces/environment/ament_prefix_path.sh
-- Up-to-date: /home/tian/ROS_ws/install/interfaces/share/interfaces/environment/ament_prefix_path.dsv
-- Up-to-date: /home/tian/ROS_ws/install/interfaces/share/interfaces/environment/path.sh
-- Up-to-date: /home/tian/ROS_ws/install/interfaces/share/interfaces/environment/path.dsv
-- Up-to-date: /home/tian/ROS_ws/install/interfaces/share/interfaces/local_setup.bash
-- Up-to-date: /home/tian/ROS_ws/install/interfaces/share/interfaces/local_setup.sh
-- Up-to-date: /home/tian/ROS_ws/install/interfaces/share/interfaces/local_setup.zsh
-- Up-to-date: /home/tian/ROS_ws/install/interfaces/share/interfaces/local_setup.dsv
-- Installing: /home/tian/ROS_ws/install/interfaces/share/interfaces/package.dsv
-- Up-to-date: /home/tian/ROS_ws/install/interfaces/share/ament_index/resource_index/packages/interfaces
-- Up-to-date: /home/tian/ROS_ws/install/interfaces/share/interfaces/cmake/export_interfaces__rosidl_generator_cExport.cmake
-- Up-to-date: /home/tian/ROS_ws/install/interfaces/share/interfaces/cmake/export_interfaces__rosidl_generator_cExport-noconfig.cmake
-- Up-to-date: /home/tian/ROS_ws/install/interfaces/share/interfaces/cmake/export_interfaces__rosidl_typesupport_fastrtps_cExport.cmake
-- Up-to-date: /home/tian/ROS_ws/install/interfaces/share/interfaces/cmake/export_interfaces__rosidl_typesupport_fastrtps_cExport-noconfig.cmake
-- Up-to-date: /home/tian/ROS_ws/install/interfaces/share/interfaces/cmake/interfaces__rosidl_typesupport_introspection_cExport.cmake
-- Up-to-date: /home/tian/ROS_ws/install/interfaces/share/interfaces/cmake/interfaces__rosidl_typesupport_introspection_cExport-noconfig.cmake
-- Up-to-date: /home/tian/ROS_ws/install/interfaces/share/interfaces/cmake/interfaces__rosidl_typesupport_cExport.cmake
-- Up-to-date: /home/tian/ROS_ws/install/interfaces/share/interfaces/cmake/interfaces__rosidl_typesupport_cExport-noconfig.cmake
-- Up-to-date: /home/tian/ROS_ws/install/interfaces/share/interfaces/cmake/export_interfaces__rosidl_generator_cppExport.cmake
-- Up-to-date: /home/tian/ROS_ws/install/interfaces/share/interfaces/cmake/export_interfaces__rosidl_typesupport_fastrtps_cppExport.cmake
-- Up-to-date: /home/tian/ROS_ws/install/interfaces/share/interfaces/cmake/export_interfaces__rosidl_typesupport_fastrtps_cppExport-noconfig.cmake
-- Up-to-date: /home/tian/ROS_ws/install/interfaces/share/interfaces/cmake/interfaces__rosidl_typesupport_introspection_cppExport.cmake
-- Up-to-date: /home/tian/ROS_ws/install/interfaces/share/interfaces/cmake/interfaces__rosidl_typesupport_introspection_cppExport-noconfig.cmake
-- Up-to-date: /home/tian/ROS_ws/install/interfaces/share/interfaces/cmake/interfaces__rosidl_typesupport_cppExport.cmake
-- Up-to-date: /home/tian/ROS_ws/install/interfaces/share/interfaces/cmake/interfaces__rosidl_typesupport_cppExport-noconfig.cmake
-- Up-to-date: /home/tian/ROS_ws/install/interfaces/share/interfaces/cmake/export_interfaces__rosidl_generator_pyExport.cmake
-- Up-to-date: /home/tian/ROS_ws/install/interfaces/share/interfaces/cmake/export_interfaces__rosidl_generator_pyExport-noconfig.cmake
-- Up-to-date: /home/tian/ROS_ws/install/interfaces/share/interfaces/cmake/rosidl_cmake-extras.cmake
-- Up-to-date: /home/tian/ROS_ws/install/interfaces/share/interfaces/cmake/ament_cmake_export_dependencies-extras.cmake
-- Up-to-date: /home/tian/ROS_ws/install/interfaces/share/interfaces/cmake/ament_cmake_export_include_directories-extras.cmake
-- Up-to-date: /home/tian/ROS_ws/install/interfaces/share/interfaces/cmake/ament_cmake_export_libraries-extras.cmake
-- Up-to-date: /home/tian/ROS_ws/install/interfaces/share/interfaces/cmake/ament_cmake_export_targets-extras.cmake
-- Up-to-date: /home/tian/ROS_ws/install/interfaces/share/interfaces/cmake/rosidl_cmake_export_typesupport_targets-extras.cmake
-- Up-to-date: /home/tian/ROS_ws/install/interfaces/share/interfaces/cmake/rosidl_cmake_export_typesupport_libraries-extras.cmake
-- Up-to-date: /home/tian/ROS_ws/install/interfaces/share/interfaces/cmake/interfacesConfig.cmake
-- Up-to-date: /home/tian/ROS_ws/install/interfaces/share/interfaces/cmake/interfacesConfig-version.cmake
-- Up-to-date: /home/tian/ROS_ws/install/interfaces/share/interfaces/package.xml
