[0.018s] Invoking command in '/home/tian/ROS_ws/build/demo1_cpp': CMAKE_PREFIX_PATH=${CMAKE_PREFIX_PATH}:/opt/ros/jazzy DEBUGINFOD_URLS=https://debuginfod.ubuntu.com /usr/bin/cmake --build /home/tian/ROS_ws/build/demo1_cpp -- -j16 -l16
[0.078s] [100%] Built target node_oop_01
[0.078s] [100%] Built target node_01
[0.100s] Invoked command in '/home/tian/ROS_ws/build/demo1_cpp' returned '0': CMAKE_PREFIX_PATH=${CMAKE_PREFIX_PATH}:/opt/ros/jazzy DEBUGINFOD_URLS=https://debuginfod.ubuntu.com /usr/bin/cmake --build /home/tian/ROS_ws/build/demo1_cpp -- -j16 -l16
[0.101s] Invoking command in '/home/tian/ROS_ws/build/demo1_cpp': CMAKE_PREFIX_PATH=${CMAKE_PREFIX_PATH}:/opt/ros/jazzy DEBUGINFOD_URLS=https://debuginfod.ubuntu.com /usr/bin/cmake --install /home/tian/ROS_ws/build/demo1_cpp
[0.108s] -- Install configuration: ""
[0.108s] -- Up-to-date: /home/tian/ROS_ws/install/demo1_cpp/share/ament_index/resource_index/package_run_dependencies/demo1_cpp
[0.108s] -- Up-to-date: /home/tian/ROS_ws/install/demo1_cpp/share/ament_index/resource_index/parent_prefix_path/demo1_cpp
[0.108s] -- Up-to-date: /home/tian/ROS_ws/install/demo1_cpp/share/demo1_cpp/environment/ament_prefix_path.sh
[0.108s] -- Up-to-date: /home/tian/ROS_ws/install/demo1_cpp/share/demo1_cpp/environment/ament_prefix_path.dsv
[0.108s] -- Up-to-date: /home/tian/ROS_ws/install/demo1_cpp/share/demo1_cpp/environment/path.sh
[0.109s] -- Up-to-date: /home/tian/ROS_ws/install/demo1_cpp/share/demo1_cpp/environment/path.dsv
[0.109s] -- Up-to-date: /home/tian/ROS_ws/install/demo1_cpp/share/demo1_cpp/local_setup.bash
[0.109s] -- Up-to-date: /home/tian/ROS_ws/install/demo1_cpp/share/demo1_cpp/local_setup.sh
[0.109s] -- Up-to-date: /home/tian/ROS_ws/install/demo1_cpp/share/demo1_cpp/local_setup.zsh
[0.109s] -- Up-to-date: /home/tian/ROS_ws/install/demo1_cpp/share/demo1_cpp/local_setup.dsv
[0.109s] -- Installing: /home/tian/ROS_ws/install/demo1_cpp/share/demo1_cpp/package.dsv
[0.109s] -- Up-to-date: /home/tian/ROS_ws/install/demo1_cpp/share/ament_index/resource_index/packages/demo1_cpp
[0.109s] -- Up-to-date: /home/tian/ROS_ws/install/demo1_cpp/share/demo1_cpp/cmake/demo1_cppConfig.cmake
[0.109s] -- Up-to-date: /home/tian/ROS_ws/install/demo1_cpp/share/demo1_cpp/cmake/demo1_cppConfig-version.cmake
[0.109s] -- Up-to-date: /home/tian/ROS_ws/install/demo1_cpp/share/demo1_cpp/package.xml
[0.109s] -- Up-to-date: /home/tian/ROS_ws/install/demo1_cpp/lib/demo1_cpp/node_01
[0.109s] -- Up-to-date: /home/tian/ROS_ws/install/demo1_cpp/lib/demo1_cpp/node_oop_01
[0.126s] Invoked command in '/home/tian/ROS_ws/build/demo1_cpp' returned '0': CMAKE_PREFIX_PATH=${CMAKE_PREFIX_PATH}:/opt/ros/jazzy DEBUGINFOD_URLS=https://debuginfod.ubuntu.com /usr/bin/cmake --install /home/tian/ROS_ws/build/demo1_cpp
