[0.076s] DEBUG:colcon:Command line arguments: ['/usr/bin/colcon', 'build']
[0.076s] DEBUG:colcon:Parsed command line arguments: Namespace(log_base=None, log_level=None, verb_name='build', build_base='build', install_base='install', merge_install=False, symlink_install=False, test_result_base=None, continue_on_error=False, executor='parallel', parallel_workers=16, event_handlers=None, ignore_user_meta=False, metas=['./colcon.meta'], base_paths=['.'], packages_ignore=None, packages_ignore_regex=None, paths=None, packages_up_to=None, packages_up_to_regex=None, packages_above=None, packages_above_and_dependencies=None, packages_above_depth=None, packages_select_by_dep=None, packages_skip_by_dep=None, packages_skip_up_to=None, packages_select_build_failed=False, packages_skip_build_finished=False, packages_select_test_failures=False, packages_skip_test_passed=False, packages_select=None, packages_skip=None, packages_select_regex=None, packages_skip_regex=None, packages_start=None, packages_end=None, allow_overriding=[], cmake_args=None, cmake_target=None, cmake_target_skip_unavailable=False, cmake_clean_cache=False, cmake_clean_first=False, cmake_force_configure=False, ament_cmake_args=None, catkin_cmake_args=None, catkin_skip_building_tests=False, verb_parser=<colcon_defaults.argument_parser.defaults.DefaultArgumentsDecorator object at 0x7d161d6797f0>, verb_extension=<colcon_core.verb.build.BuildVerb object at 0x7d161d7fb710>, main=<bound method BuildVerb.main of <colcon_core.verb.build.BuildVerb object at 0x7d161d7fb710>>)
[0.112s] Level 1:colcon.colcon_core.package_discovery:discover_packages(colcon_meta) check parameters
[0.112s] Level 1:colcon.colcon_core.package_discovery:discover_packages(recursive) check parameters
[0.112s] Level 1:colcon.colcon_core.package_discovery:discover_packages(ignore) check parameters
[0.112s] Level 1:colcon.colcon_core.package_discovery:discover_packages(path) check parameters
[0.112s] Level 1:colcon.colcon_core.package_discovery:discover_packages(colcon_meta) discover
[0.112s] Level 1:colcon.colcon_core.package_discovery:discover_packages(recursive) discover
[0.112s] INFO:colcon.colcon_core.package_discovery:Crawling recursively for packages in '/home/tian/ROS_ws'
[0.112s] Level 1:colcon.colcon_core.package_identification:_identify(.) by extensions ['ignore', 'ignore_ament_install']
[0.113s] Level 1:colcon.colcon_core.package_identification:_identify(.) by extension 'ignore'
[0.113s] Level 1:colcon.colcon_core.package_identification:_identify(.) by extension 'ignore_ament_install'
[0.113s] Level 1:colcon.colcon_core.package_identification:_identify(.) by extensions ['colcon_pkg']
[0.113s] Level 1:colcon.colcon_core.package_identification:_identify(.) by extension 'colcon_pkg'
[0.113s] Level 1:colcon.colcon_core.package_identification:_identify(.) by extensions ['colcon_meta']
[0.113s] Level 1:colcon.colcon_core.package_identification:_identify(.) by extension 'colcon_meta'
[0.113s] Level 1:colcon.colcon_core.package_identification:_identify(.) by extensions ['ros']
[0.113s] Level 1:colcon.colcon_core.package_identification:_identify(.) by extension 'ros'
[0.134s] Level 1:colcon.colcon_core.package_identification:_identify(.) by extensions ['cmake', 'python']
[0.134s] Level 1:colcon.colcon_core.package_identification:_identify(.) by extension 'cmake'
[0.134s] Level 1:colcon.colcon_core.package_identification:_identify(.) by extension 'python'
[0.134s] Level 1:colcon.colcon_core.package_identification:_identify(.) by extensions ['python_setup_py']
[0.134s] Level 1:colcon.colcon_core.package_identification:_identify(.) by extension 'python_setup_py'
[0.134s] Level 1:colcon.colcon_core.package_identification:_identify(build) by extensions ['ignore', 'ignore_ament_install']
[0.134s] Level 1:colcon.colcon_core.package_identification:_identify(build) by extension 'ignore'
[0.134s] Level 1:colcon.colcon_core.package_identification:_identify(build) ignored
[0.134s] Level 1:colcon.colcon_core.package_identification:_identify(install) by extensions ['ignore', 'ignore_ament_install']
[0.134s] Level 1:colcon.colcon_core.package_identification:_identify(install) by extension 'ignore'
[0.134s] Level 1:colcon.colcon_core.package_identification:_identify(install) ignored
[0.134s] Level 1:colcon.colcon_core.package_identification:_identify(log) by extensions ['ignore', 'ignore_ament_install']
[0.134s] Level 1:colcon.colcon_core.package_identification:_identify(log) by extension 'ignore'
[0.134s] Level 1:colcon.colcon_core.package_identification:_identify(log) ignored
[0.135s] Level 1:colcon.colcon_core.package_identification:_identify(src) by extensions ['ignore', 'ignore_ament_install']
[0.135s] Level 1:colcon.colcon_core.package_identification:_identify(src) by extension 'ignore'
[0.135s] Level 1:colcon.colcon_core.package_identification:_identify(src) by extension 'ignore_ament_install'
[0.135s] Level 1:colcon.colcon_core.package_identification:_identify(src) by extensions ['colcon_pkg']
[0.135s] Level 1:colcon.colcon_core.package_identification:_identify(src) by extension 'colcon_pkg'
[0.135s] Level 1:colcon.colcon_core.package_identification:_identify(src) by extensions ['colcon_meta']
[0.135s] Level 1:colcon.colcon_core.package_identification:_identify(src) by extension 'colcon_meta'
[0.135s] Level 1:colcon.colcon_core.package_identification:_identify(src) by extensions ['ros']
[0.135s] Level 1:colcon.colcon_core.package_identification:_identify(src) by extension 'ros'
[0.135s] Level 1:colcon.colcon_core.package_identification:_identify(src) by extensions ['cmake', 'python']
[0.135s] Level 1:colcon.colcon_core.package_identification:_identify(src) by extension 'cmake'
[0.135s] Level 1:colcon.colcon_core.package_identification:_identify(src) by extension 'python'
[0.135s] Level 1:colcon.colcon_core.package_identification:_identify(src) by extensions ['python_setup_py']
[0.135s] Level 1:colcon.colcon_core.package_identification:_identify(src) by extension 'python_setup_py'
[0.135s] Level 1:colcon.colcon_core.package_identification:_identify(src/demo1_cpp) by extensions ['ignore', 'ignore_ament_install']
[0.135s] Level 1:colcon.colcon_core.package_identification:_identify(src/demo1_cpp) by extension 'ignore'
[0.135s] Level 1:colcon.colcon_core.package_identification:_identify(src/demo1_cpp) by extension 'ignore_ament_install'
[0.135s] Level 1:colcon.colcon_core.package_identification:_identify(src/demo1_cpp) by extensions ['colcon_pkg']
[0.135s] Level 1:colcon.colcon_core.package_identification:_identify(src/demo1_cpp) by extension 'colcon_pkg'
[0.135s] Level 1:colcon.colcon_core.package_identification:_identify(src/demo1_cpp) by extensions ['colcon_meta']
[0.135s] Level 1:colcon.colcon_core.package_identification:_identify(src/demo1_cpp) by extension 'colcon_meta'
[0.135s] Level 1:colcon.colcon_core.package_identification:_identify(src/demo1_cpp) by extensions ['ros']
[0.135s] Level 1:colcon.colcon_core.package_identification:_identify(src/demo1_cpp) by extension 'ros'
[0.140s] DEBUG:colcon.colcon_core.package_identification:Package 'src/demo1_cpp' with type 'ros.ament_cmake' and name 'demo1_cpp'
[0.140s] Level 1:colcon.colcon_core.package_identification:_identify(src/interfaces) by extensions ['ignore', 'ignore_ament_install']
[0.140s] Level 1:colcon.colcon_core.package_identification:_identify(src/interfaces) by extension 'ignore'
[0.140s] Level 1:colcon.colcon_core.package_identification:_identify(src/interfaces) by extension 'ignore_ament_install'
[0.140s] Level 1:colcon.colcon_core.package_identification:_identify(src/interfaces) by extensions ['colcon_pkg']
[0.140s] Level 1:colcon.colcon_core.package_identification:_identify(src/interfaces) by extension 'colcon_pkg'
[0.140s] Level 1:colcon.colcon_core.package_identification:_identify(src/interfaces) by extensions ['colcon_meta']
[0.140s] Level 1:colcon.colcon_core.package_identification:_identify(src/interfaces) by extension 'colcon_meta'
[0.140s] Level 1:colcon.colcon_core.package_identification:_identify(src/interfaces) by extensions ['ros']
[0.140s] Level 1:colcon.colcon_core.package_identification:_identify(src/interfaces) by extension 'ros'
[0.141s] DEBUG:colcon.colcon_core.package_identification:Package 'src/interfaces' with type 'ros.ament_cmake' and name 'interfaces'
[0.141s] Level 1:colcon.colcon_core.package_identification:_identify(src/robot_control) by extensions ['ignore', 'ignore_ament_install']
[0.141s] Level 1:colcon.colcon_core.package_identification:_identify(src/robot_control) by extension 'ignore'
[0.141s] Level 1:colcon.colcon_core.package_identification:_identify(src/robot_control) by extension 'ignore_ament_install'
[0.141s] Level 1:colcon.colcon_core.package_identification:_identify(src/robot_control) by extensions ['colcon_pkg']
[0.141s] Level 1:colcon.colcon_core.package_identification:_identify(src/robot_control) by extension 'colcon_pkg'
[0.141s] Level 1:colcon.colcon_core.package_identification:_identify(src/robot_control) by extensions ['colcon_meta']
[0.141s] Level 1:colcon.colcon_core.package_identification:_identify(src/robot_control) by extension 'colcon_meta'
[0.141s] Level 1:colcon.colcon_core.package_identification:_identify(src/robot_control) by extensions ['ros']
[0.141s] Level 1:colcon.colcon_core.package_identification:_identify(src/robot_control) by extension 'ros'
[0.141s] DEBUG:colcon.colcon_core.package_identification:Package 'src/robot_control' with type 'ros.ament_cmake' and name 'robot_control'
[0.141s] Level 1:colcon.colcon_core.package_identification:_identify(src/service_cpp) by extensions ['ignore', 'ignore_ament_install']
[0.141s] Level 1:colcon.colcon_core.package_identification:_identify(src/service_cpp) by extension 'ignore'
[0.141s] Level 1:colcon.colcon_core.package_identification:_identify(src/service_cpp) by extension 'ignore_ament_install'
[0.141s] Level 1:colcon.colcon_core.package_identification:_identify(src/service_cpp) by extensions ['colcon_pkg']
[0.141s] Level 1:colcon.colcon_core.package_identification:_identify(src/service_cpp) by extension 'colcon_pkg'
[0.141s] Level 1:colcon.colcon_core.package_identification:_identify(src/service_cpp) by extensions ['colcon_meta']
[0.141s] Level 1:colcon.colcon_core.package_identification:_identify(src/service_cpp) by extension 'colcon_meta'
[0.141s] Level 1:colcon.colcon_core.package_identification:_identify(src/service_cpp) by extensions ['ros']
[0.141s] Level 1:colcon.colcon_core.package_identification:_identify(src/service_cpp) by extension 'ros'
[0.142s] DEBUG:colcon.colcon_core.package_identification:Package 'src/service_cpp' with type 'ros.ament_cmake' and name 'service_cpp'
[0.142s] Level 1:colcon.colcon_core.package_identification:_identify(src/topic_cpp) by extensions ['ignore', 'ignore_ament_install']
[0.142s] Level 1:colcon.colcon_core.package_identification:_identify(src/topic_cpp) by extension 'ignore'
[0.142s] Level 1:colcon.colcon_core.package_identification:_identify(src/topic_cpp) by extension 'ignore_ament_install'
[0.142s] Level 1:colcon.colcon_core.package_identification:_identify(src/topic_cpp) by extensions ['colcon_pkg']
[0.142s] Level 1:colcon.colcon_core.package_identification:_identify(src/topic_cpp) by extension 'colcon_pkg'
[0.142s] Level 1:colcon.colcon_core.package_identification:_identify(src/topic_cpp) by extensions ['colcon_meta']
[0.142s] Level 1:colcon.colcon_core.package_identification:_identify(src/topic_cpp) by extension 'colcon_meta'
[0.142s] Level 1:colcon.colcon_core.package_identification:_identify(src/topic_cpp) by extensions ['ros']
[0.142s] Level 1:colcon.colcon_core.package_identification:_identify(src/topic_cpp) by extension 'ros'
[0.142s] DEBUG:colcon.colcon_core.package_identification:Package 'src/topic_cpp' with type 'ros.ament_cmake' and name 'topic_cpp'
[0.142s] Level 1:colcon.colcon_core.package_discovery:discover_packages(recursive) using defaults
[0.142s] Level 1:colcon.colcon_core.package_discovery:discover_packages(ignore) discover
[0.142s] Level 1:colcon.colcon_core.package_discovery:discover_packages(ignore) using defaults
[0.142s] Level 1:colcon.colcon_core.package_discovery:discover_packages(path) discover
[0.142s] Level 1:colcon.colcon_core.package_discovery:discover_packages(path) using defaults
[0.158s] Level 1:colcon.colcon_core.package_discovery:discover_packages(prefix_path) check parameters
[0.158s] Level 1:colcon.colcon_core.package_discovery:discover_packages(prefix_path) discover
[0.160s] DEBUG:colcon.colcon_installed_package_information.package_discovery:Found 285 installed packages in /opt/ros/jazzy
[0.161s] Level 1:colcon.colcon_core.package_discovery:discover_packages(prefix_path) using defaults
[0.184s] Level 5:colcon.colcon_core.verb:set package 'demo1_cpp' build argument 'cmake_args' from command line to 'None'
[0.184s] Level 5:colcon.colcon_core.verb:set package 'demo1_cpp' build argument 'cmake_target' from command line to 'None'
[0.184s] Level 5:colcon.colcon_core.verb:set package 'demo1_cpp' build argument 'cmake_target_skip_unavailable' from command line to 'False'
[0.184s] Level 5:colcon.colcon_core.verb:set package 'demo1_cpp' build argument 'cmake_clean_cache' from command line to 'False'
[0.184s] Level 5:colcon.colcon_core.verb:set package 'demo1_cpp' build argument 'cmake_clean_first' from command line to 'False'
[0.184s] Level 5:colcon.colcon_core.verb:set package 'demo1_cpp' build argument 'cmake_force_configure' from command line to 'False'
[0.184s] Level 5:colcon.colcon_core.verb:set package 'demo1_cpp' build argument 'ament_cmake_args' from command line to 'None'
[0.184s] Level 5:colcon.colcon_core.verb:set package 'demo1_cpp' build argument 'catkin_cmake_args' from command line to 'None'
[0.184s] Level 5:colcon.colcon_core.verb:set package 'demo1_cpp' build argument 'catkin_skip_building_tests' from command line to 'False'
[0.184s] DEBUG:colcon.colcon_core.verb:Building package 'demo1_cpp' with the following arguments: {'ament_cmake_args': None, 'build_base': '/home/tian/ROS_ws/build/demo1_cpp', 'catkin_cmake_args': None, 'catkin_skip_building_tests': False, 'cmake_args': None, 'cmake_clean_cache': False, 'cmake_clean_first': False, 'cmake_force_configure': False, 'cmake_target': None, 'cmake_target_skip_unavailable': False, 'install_base': '/home/tian/ROS_ws/install/demo1_cpp', 'merge_install': False, 'path': '/home/tian/ROS_ws/src/demo1_cpp', 'symlink_install': False, 'test_result_base': None}
[0.184s] Level 5:colcon.colcon_core.verb:set package 'interfaces' build argument 'cmake_args' from command line to 'None'
[0.184s] Level 5:colcon.colcon_core.verb:set package 'interfaces' build argument 'cmake_target' from command line to 'None'
[0.184s] Level 5:colcon.colcon_core.verb:set package 'interfaces' build argument 'cmake_target_skip_unavailable' from command line to 'False'
[0.184s] Level 5:colcon.colcon_core.verb:set package 'interfaces' build argument 'cmake_clean_cache' from command line to 'False'
[0.184s] Level 5:colcon.colcon_core.verb:set package 'interfaces' build argument 'cmake_clean_first' from command line to 'False'
[0.184s] Level 5:colcon.colcon_core.verb:set package 'interfaces' build argument 'cmake_force_configure' from command line to 'False'
[0.184s] Level 5:colcon.colcon_core.verb:set package 'interfaces' build argument 'ament_cmake_args' from command line to 'None'
[0.184s] Level 5:colcon.colcon_core.verb:set package 'interfaces' build argument 'catkin_cmake_args' from command line to 'None'
[0.184s] Level 5:colcon.colcon_core.verb:set package 'interfaces' build argument 'catkin_skip_building_tests' from command line to 'False'
[0.184s] DEBUG:colcon.colcon_core.verb:Building package 'interfaces' with the following arguments: {'ament_cmake_args': None, 'build_base': '/home/tian/ROS_ws/build/interfaces', 'catkin_cmake_args': None, 'catkin_skip_building_tests': False, 'cmake_args': None, 'cmake_clean_cache': False, 'cmake_clean_first': False, 'cmake_force_configure': False, 'cmake_target': None, 'cmake_target_skip_unavailable': False, 'install_base': '/home/tian/ROS_ws/install/interfaces', 'merge_install': False, 'path': '/home/tian/ROS_ws/src/interfaces', 'symlink_install': False, 'test_result_base': None}
[0.184s] Level 5:colcon.colcon_core.verb:set package 'service_cpp' build argument 'cmake_args' from command line to 'None'
[0.184s] Level 5:colcon.colcon_core.verb:set package 'service_cpp' build argument 'cmake_target' from command line to 'None'
[0.184s] Level 5:colcon.colcon_core.verb:set package 'service_cpp' build argument 'cmake_target_skip_unavailable' from command line to 'False'
[0.184s] Level 5:colcon.colcon_core.verb:set package 'service_cpp' build argument 'cmake_clean_cache' from command line to 'False'
[0.184s] Level 5:colcon.colcon_core.verb:set package 'service_cpp' build argument 'cmake_clean_first' from command line to 'False'
[0.184s] Level 5:colcon.colcon_core.verb:set package 'service_cpp' build argument 'cmake_force_configure' from command line to 'False'
[0.184s] Level 5:colcon.colcon_core.verb:set package 'service_cpp' build argument 'ament_cmake_args' from command line to 'None'
[0.184s] Level 5:colcon.colcon_core.verb:set package 'service_cpp' build argument 'catkin_cmake_args' from command line to 'None'
[0.184s] Level 5:colcon.colcon_core.verb:set package 'service_cpp' build argument 'catkin_skip_building_tests' from command line to 'False'
[0.184s] DEBUG:colcon.colcon_core.verb:Building package 'service_cpp' with the following arguments: {'ament_cmake_args': None, 'build_base': '/home/tian/ROS_ws/build/service_cpp', 'catkin_cmake_args': None, 'catkin_skip_building_tests': False, 'cmake_args': None, 'cmake_clean_cache': False, 'cmake_clean_first': False, 'cmake_force_configure': False, 'cmake_target': None, 'cmake_target_skip_unavailable': False, 'install_base': '/home/tian/ROS_ws/install/service_cpp', 'merge_install': False, 'path': '/home/tian/ROS_ws/src/service_cpp', 'symlink_install': False, 'test_result_base': None}
[0.185s] Level 5:colcon.colcon_core.verb:set package 'topic_cpp' build argument 'cmake_args' from command line to 'None'
[0.185s] Level 5:colcon.colcon_core.verb:set package 'topic_cpp' build argument 'cmake_target' from command line to 'None'
[0.185s] Level 5:colcon.colcon_core.verb:set package 'topic_cpp' build argument 'cmake_target_skip_unavailable' from command line to 'False'
[0.185s] Level 5:colcon.colcon_core.verb:set package 'topic_cpp' build argument 'cmake_clean_cache' from command line to 'False'
[0.185s] Level 5:colcon.colcon_core.verb:set package 'topic_cpp' build argument 'cmake_clean_first' from command line to 'False'
[0.185s] Level 5:colcon.colcon_core.verb:set package 'topic_cpp' build argument 'cmake_force_configure' from command line to 'False'
[0.185s] Level 5:colcon.colcon_core.verb:set package 'topic_cpp' build argument 'ament_cmake_args' from command line to 'None'
[0.185s] Level 5:colcon.colcon_core.verb:set package 'topic_cpp' build argument 'catkin_cmake_args' from command line to 'None'
[0.185s] Level 5:colcon.colcon_core.verb:set package 'topic_cpp' build argument 'catkin_skip_building_tests' from command line to 'False'
[0.185s] DEBUG:colcon.colcon_core.verb:Building package 'topic_cpp' with the following arguments: {'ament_cmake_args': None, 'build_base': '/home/tian/ROS_ws/build/topic_cpp', 'catkin_cmake_args': None, 'catkin_skip_building_tests': False, 'cmake_args': None, 'cmake_clean_cache': False, 'cmake_clean_first': False, 'cmake_force_configure': False, 'cmake_target': None, 'cmake_target_skip_unavailable': False, 'install_base': '/home/tian/ROS_ws/install/topic_cpp', 'merge_install': False, 'path': '/home/tian/ROS_ws/src/topic_cpp', 'symlink_install': False, 'test_result_base': None}
[0.185s] Level 5:colcon.colcon_core.verb:set package 'robot_control' build argument 'cmake_args' from command line to 'None'
[0.185s] Level 5:colcon.colcon_core.verb:set package 'robot_control' build argument 'cmake_target' from command line to 'None'
[0.185s] Level 5:colcon.colcon_core.verb:set package 'robot_control' build argument 'cmake_target_skip_unavailable' from command line to 'False'
[0.185s] Level 5:colcon.colcon_core.verb:set package 'robot_control' build argument 'cmake_clean_cache' from command line to 'False'
[0.185s] Level 5:colcon.colcon_core.verb:set package 'robot_control' build argument 'cmake_clean_first' from command line to 'False'
[0.185s] Level 5:colcon.colcon_core.verb:set package 'robot_control' build argument 'cmake_force_configure' from command line to 'False'
[0.185s] Level 5:colcon.colcon_core.verb:set package 'robot_control' build argument 'ament_cmake_args' from command line to 'None'
[0.185s] Level 5:colcon.colcon_core.verb:set package 'robot_control' build argument 'catkin_cmake_args' from command line to 'None'
[0.185s] Level 5:colcon.colcon_core.verb:set package 'robot_control' build argument 'catkin_skip_building_tests' from command line to 'False'
[0.185s] DEBUG:colcon.colcon_core.verb:Building package 'robot_control' with the following arguments: {'ament_cmake_args': None, 'build_base': '/home/tian/ROS_ws/build/robot_control', 'catkin_cmake_args': None, 'catkin_skip_building_tests': False, 'cmake_args': None, 'cmake_clean_cache': False, 'cmake_clean_first': False, 'cmake_force_configure': False, 'cmake_target': None, 'cmake_target_skip_unavailable': False, 'install_base': '/home/tian/ROS_ws/install/robot_control', 'merge_install': False, 'path': '/home/tian/ROS_ws/src/robot_control', 'symlink_install': False, 'test_result_base': None}
[0.185s] INFO:colcon.colcon_core.executor:Executing jobs using 'parallel' executor
[0.186s] DEBUG:colcon.colcon_parallel_executor.executor.parallel:run_until_complete
[0.186s] INFO:colcon.colcon_ros.task.ament_cmake.build:Building ROS package in '/home/tian/ROS_ws/src/interfaces' with build type 'ament_cmake'
[0.186s] INFO:colcon.colcon_cmake.task.cmake.build:Building CMake package in '/home/tian/ROS_ws/src/interfaces'
[0.187s] INFO:colcon.colcon_core.plugin_system:Skipping extension 'colcon_core.shell.bat': Not used on non-Windows systems
[0.187s] INFO:colcon.colcon_core.shell:Skip shell extension 'powershell' for command environment: Not usable outside of PowerShell
[0.187s] DEBUG:colcon.colcon_core.shell:Skip shell extension 'dsv' for command environment
[0.189s] INFO:colcon.colcon_ros.task.ament_cmake.build:Building ROS package in '/home/tian/ROS_ws/src/demo1_cpp' with build type 'ament_cmake'
[0.189s] INFO:colcon.colcon_cmake.task.cmake.build:Building CMake package in '/home/tian/ROS_ws/src/demo1_cpp'
[0.189s] INFO:colcon.colcon_core.shell:Skip shell extension 'powershell' for command environment: Not usable outside of PowerShell
[0.189s] DEBUG:colcon.colcon_core.shell:Skip shell extension 'dsv' for command environment
[0.191s] INFO:colcon.colcon_ros.task.ament_cmake.build:Building ROS package in '/home/tian/ROS_ws/src/service_cpp' with build type 'ament_cmake'
[0.191s] INFO:colcon.colcon_cmake.task.cmake.build:Building CMake package in '/home/tian/ROS_ws/src/service_cpp'
[0.191s] INFO:colcon.colcon_core.shell:Skip shell extension 'powershell' for command environment: Not usable outside of PowerShell
[0.191s] DEBUG:colcon.colcon_core.shell:Skip shell extension 'dsv' for command environment
[0.192s] INFO:colcon.colcon_ros.task.ament_cmake.build:Building ROS package in '/home/tian/ROS_ws/src/topic_cpp' with build type 'ament_cmake'
[0.192s] INFO:colcon.colcon_cmake.task.cmake.build:Building CMake package in '/home/tian/ROS_ws/src/topic_cpp'
[0.193s] INFO:colcon.colcon_core.shell:Skip shell extension 'powershell' for command environment: Not usable outside of PowerShell
[0.193s] DEBUG:colcon.colcon_core.shell:Skip shell extension 'dsv' for command environment
[0.196s] DEBUG:colcon.colcon_core.event_handler.log_command:Invoking command in '/home/tian/ROS_ws/build/interfaces': CMAKE_PREFIX_PATH=${CMAKE_PREFIX_PATH}:/opt/ros/jazzy DEBUGINFOD_URLS=https://debuginfod.ubuntu.com /usr/bin/cmake /home/tian/ROS_ws/src/interfaces -DCMAKE_INSTALL_PREFIX=/home/tian/ROS_ws/install/interfaces
[0.198s] DEBUG:colcon.colcon_core.event_handler.log_command:Invoking command in '/home/tian/ROS_ws/build/demo1_cpp': CMAKE_PREFIX_PATH=${CMAKE_PREFIX_PATH}:/opt/ros/jazzy DEBUGINFOD_URLS=https://debuginfod.ubuntu.com /usr/bin/cmake /home/tian/ROS_ws/src/demo1_cpp -DCMAKE_INSTALL_PREFIX=/home/tian/ROS_ws/install/demo1_cpp
[0.199s] DEBUG:colcon.colcon_core.event_handler.log_command:Invoking command in '/home/tian/ROS_ws/build/service_cpp': CMAKE_PREFIX_PATH=${CMAKE_PREFIX_PATH}:/opt/ros/jazzy DEBUGINFOD_URLS=https://debuginfod.ubuntu.com /usr/bin/cmake /home/tian/ROS_ws/src/service_cpp -DCMAKE_INSTALL_PREFIX=/home/tian/ROS_ws/install/service_cpp
[0.203s] DEBUG:colcon.colcon_core.event_handler.log_command:Invoking command in '/home/tian/ROS_ws/build/topic_cpp': CMAKE_PREFIX_PATH=${CMAKE_PREFIX_PATH}:/opt/ros/jazzy DEBUGINFOD_URLS=https://debuginfod.ubuntu.com /usr/bin/cmake /home/tian/ROS_ws/src/topic_cpp -DCMAKE_INSTALL_PREFIX=/home/tian/ROS_ws/install/topic_cpp
[1.026s] DEBUG:colcon.colcon_core.event_handler.log_command:Invoked command in '/home/tian/ROS_ws/build/demo1_cpp' returned '0': CMAKE_PREFIX_PATH=${CMAKE_PREFIX_PATH}:/opt/ros/jazzy DEBUGINFOD_URLS=https://debuginfod.ubuntu.com /usr/bin/cmake /home/tian/ROS_ws/src/demo1_cpp -DCMAKE_INSTALL_PREFIX=/home/tian/ROS_ws/install/demo1_cpp
[1.027s] DEBUG:colcon.colcon_core.event_handler.log_command:Invoking command in '/home/tian/ROS_ws/build/demo1_cpp': CMAKE_PREFIX_PATH=${CMAKE_PREFIX_PATH}:/opt/ros/jazzy DEBUGINFOD_URLS=https://debuginfod.ubuntu.com /usr/bin/cmake --build /home/tian/ROS_ws/build/demo1_cpp -- -j16 -l16
[1.055s] DEBUG:colcon.colcon_core.event_handler.log_command:Invoked command in '/home/tian/ROS_ws/build/topic_cpp' returned '0': CMAKE_PREFIX_PATH=${CMAKE_PREFIX_PATH}:/opt/ros/jazzy DEBUGINFOD_URLS=https://debuginfod.ubuntu.com /usr/bin/cmake /home/tian/ROS_ws/src/topic_cpp -DCMAKE_INSTALL_PREFIX=/home/tian/ROS_ws/install/topic_cpp
[1.056s] DEBUG:colcon.colcon_core.event_handler.log_command:Invoking command in '/home/tian/ROS_ws/build/topic_cpp': CMAKE_PREFIX_PATH=${CMAKE_PREFIX_PATH}:/opt/ros/jazzy DEBUGINFOD_URLS=https://debuginfod.ubuntu.com /usr/bin/cmake --build /home/tian/ROS_ws/build/topic_cpp -- -j16 -l16
[1.063s] DEBUG:colcon.colcon_core.event_handler.log_command:Invoked command in '/home/tian/ROS_ws/build/service_cpp' returned '0': CMAKE_PREFIX_PATH=${CMAKE_PREFIX_PATH}:/opt/ros/jazzy DEBUGINFOD_URLS=https://debuginfod.ubuntu.com /usr/bin/cmake /home/tian/ROS_ws/src/service_cpp -DCMAKE_INSTALL_PREFIX=/home/tian/ROS_ws/install/service_cpp
[1.064s] DEBUG:colcon.colcon_core.event_handler.log_command:Invoking command in '/home/tian/ROS_ws/build/service_cpp': CMAKE_PREFIX_PATH=${CMAKE_PREFIX_PATH}:/opt/ros/jazzy DEBUGINFOD_URLS=https://debuginfod.ubuntu.com /usr/bin/cmake --build /home/tian/ROS_ws/build/service_cpp -- -j16 -l16
[3.249s] DEBUG:colcon.colcon_core.event_handler.log_command:Invoked command in '/home/tian/ROS_ws/build/interfaces' returned '0': CMAKE_PREFIX_PATH=${CMAKE_PREFIX_PATH}:/opt/ros/jazzy DEBUGINFOD_URLS=https://debuginfod.ubuntu.com /usr/bin/cmake /home/tian/ROS_ws/src/interfaces -DCMAKE_INSTALL_PREFIX=/home/tian/ROS_ws/install/interfaces
[3.250s] DEBUG:colcon.colcon_core.event_handler.log_command:Invoking command in '/home/tian/ROS_ws/build/interfaces': CMAKE_PREFIX_PATH=${CMAKE_PREFIX_PATH}:/opt/ros/jazzy DEBUGINFOD_URLS=https://debuginfod.ubuntu.com /usr/bin/cmake --build /home/tian/ROS_ws/build/interfaces -- -j16 -l16
[4.189s] DEBUG:colcon.colcon_core.event_handler.log_command:Invoked command in '/home/tian/ROS_ws/build/demo1_cpp' returned '0': CMAKE_PREFIX_PATH=${CMAKE_PREFIX_PATH}:/opt/ros/jazzy DEBUGINFOD_URLS=https://debuginfod.ubuntu.com /usr/bin/cmake --build /home/tian/ROS_ws/build/demo1_cpp -- -j16 -l16
[4.203s] DEBUG:colcon.colcon_core.event_handler.log_command:Invoking command in '/home/tian/ROS_ws/build/demo1_cpp': CMAKE_PREFIX_PATH=${CMAKE_PREFIX_PATH}:/opt/ros/jazzy DEBUGINFOD_URLS=https://debuginfod.ubuntu.com /usr/bin/cmake --install /home/tian/ROS_ws/build/demo1_cpp
[4.223s] Level 1:colcon.colcon_core.environment:create_environment_scripts_only(demo1_cpp)
[4.224s] DEBUG:colcon.colcon_core.event_handler.log_command:Invoked command in '/home/tian/ROS_ws/build/demo1_cpp' returned '0': CMAKE_PREFIX_PATH=${CMAKE_PREFIX_PATH}:/opt/ros/jazzy DEBUGINFOD_URLS=https://debuginfod.ubuntu.com /usr/bin/cmake --install /home/tian/ROS_ws/build/demo1_cpp
[4.225s] Level 1:colcon.colcon_core.environment:checking '/home/tian/ROS_ws/install/demo1_cpp' for CMake module files
[4.226s] Level 1:colcon.colcon_core.environment:checking '/home/tian/ROS_ws/install/demo1_cpp' for CMake config files
[4.226s] Level 1:colcon.colcon_core.shell:create_environment_hook('demo1_cpp', 'cmake_prefix_path')
[4.226s] INFO:colcon.colcon_core.shell:Creating environment hook '/home/tian/ROS_ws/install/demo1_cpp/share/demo1_cpp/hook/cmake_prefix_path.ps1'
[4.227s] INFO:colcon.colcon_core.shell:Creating environment descriptor '/home/tian/ROS_ws/install/demo1_cpp/share/demo1_cpp/hook/cmake_prefix_path.dsv'
[4.227s] INFO:colcon.colcon_core.shell:Creating environment hook '/home/tian/ROS_ws/install/demo1_cpp/share/demo1_cpp/hook/cmake_prefix_path.sh'
[4.228s] Level 1:colcon.colcon_core.environment:checking '/home/tian/ROS_ws/install/demo1_cpp/lib'
[4.228s] Level 1:colcon.colcon_core.environment:checking '/home/tian/ROS_ws/install/demo1_cpp/bin'
[4.228s] Level 1:colcon.colcon_core.environment:checking '/home/tian/ROS_ws/install/demo1_cpp/lib/pkgconfig/demo1_cpp.pc'
[4.228s] Level 1:colcon.colcon_core.environment:checking '/home/tian/ROS_ws/install/demo1_cpp/lib/python3.12/site-packages'
[4.228s] Level 1:colcon.colcon_core.environment:checking '/home/tian/ROS_ws/install/demo1_cpp/bin'
[4.229s] INFO:colcon.colcon_core.shell:Creating package script '/home/tian/ROS_ws/install/demo1_cpp/share/demo1_cpp/package.ps1'
[4.229s] INFO:colcon.colcon_core.shell:Creating package descriptor '/home/tian/ROS_ws/install/demo1_cpp/share/demo1_cpp/package.dsv'
[4.230s] INFO:colcon.colcon_core.shell:Creating package script '/home/tian/ROS_ws/install/demo1_cpp/share/demo1_cpp/package.sh'
[4.230s] INFO:colcon.colcon_core.shell:Creating package script '/home/tian/ROS_ws/install/demo1_cpp/share/demo1_cpp/package.bash'
[4.231s] INFO:colcon.colcon_core.shell:Creating package script '/home/tian/ROS_ws/install/demo1_cpp/share/demo1_cpp/package.zsh'
[4.231s] Level 1:colcon.colcon_core.environment:create_file_with_runtime_dependencies(/home/tian/ROS_ws/install/demo1_cpp/share/colcon-core/packages/demo1_cpp)
[4.232s] Level 1:colcon.colcon_core.environment:create_environment_scripts_only(demo1_cpp)
[4.232s] Level 1:colcon.colcon_core.environment:checking '/home/tian/ROS_ws/install/demo1_cpp' for CMake module files
[4.232s] Level 1:colcon.colcon_core.environment:checking '/home/tian/ROS_ws/install/demo1_cpp' for CMake config files
[4.232s] Level 1:colcon.colcon_core.shell:create_environment_hook('demo1_cpp', 'cmake_prefix_path')
[4.232s] INFO:colcon.colcon_core.shell:Creating environment hook '/home/tian/ROS_ws/install/demo1_cpp/share/demo1_cpp/hook/cmake_prefix_path.ps1'
[4.233s] INFO:colcon.colcon_core.shell:Creating environment descriptor '/home/tian/ROS_ws/install/demo1_cpp/share/demo1_cpp/hook/cmake_prefix_path.dsv'
[4.233s] INFO:colcon.colcon_core.shell:Creating environment hook '/home/tian/ROS_ws/install/demo1_cpp/share/demo1_cpp/hook/cmake_prefix_path.sh'
[4.234s] Level 1:colcon.colcon_core.environment:checking '/home/tian/ROS_ws/install/demo1_cpp/lib'
[4.234s] Level 1:colcon.colcon_core.environment:checking '/home/tian/ROS_ws/install/demo1_cpp/bin'
[4.234s] Level 1:colcon.colcon_core.environment:checking '/home/tian/ROS_ws/install/demo1_cpp/lib/pkgconfig/demo1_cpp.pc'
[4.234s] Level 1:colcon.colcon_core.environment:checking '/home/tian/ROS_ws/install/demo1_cpp/lib/python3.12/site-packages'
[4.234s] Level 1:colcon.colcon_core.environment:checking '/home/tian/ROS_ws/install/demo1_cpp/bin'
[4.234s] INFO:colcon.colcon_core.shell:Creating package script '/home/tian/ROS_ws/install/demo1_cpp/share/demo1_cpp/package.ps1'
[4.235s] INFO:colcon.colcon_core.shell:Creating package descriptor '/home/tian/ROS_ws/install/demo1_cpp/share/demo1_cpp/package.dsv'
[4.235s] INFO:colcon.colcon_core.shell:Creating package script '/home/tian/ROS_ws/install/demo1_cpp/share/demo1_cpp/package.sh'
[4.236s] INFO:colcon.colcon_core.shell:Creating package script '/home/tian/ROS_ws/install/demo1_cpp/share/demo1_cpp/package.bash'
[4.236s] INFO:colcon.colcon_core.shell:Creating package script '/home/tian/ROS_ws/install/demo1_cpp/share/demo1_cpp/package.zsh'
[4.236s] Level 1:colcon.colcon_core.environment:create_file_with_runtime_dependencies(/home/tian/ROS_ws/install/demo1_cpp/share/colcon-core/packages/demo1_cpp)
[5.035s] DEBUG:colcon.colcon_core.event_handler.log_command:Invoked command in '/home/tian/ROS_ws/build/service_cpp' returned '0': CMAKE_PREFIX_PATH=${CMAKE_PREFIX_PATH}:/opt/ros/jazzy DEBUGINFOD_URLS=https://debuginfod.ubuntu.com /usr/bin/cmake --build /home/tian/ROS_ws/build/service_cpp -- -j16 -l16
[5.036s] DEBUG:colcon.colcon_core.event_handler.log_command:Invoking command in '/home/tian/ROS_ws/build/service_cpp': CMAKE_PREFIX_PATH=${CMAKE_PREFIX_PATH}:/opt/ros/jazzy DEBUGINFOD_URLS=https://debuginfod.ubuntu.com /usr/bin/cmake --install /home/tian/ROS_ws/build/service_cpp
[5.048s] Level 1:colcon.colcon_core.environment:create_environment_scripts_only(service_cpp)
[5.048s] Level 1:colcon.colcon_core.environment:checking '/home/tian/ROS_ws/install/service_cpp' for CMake module files
[5.049s] Level 1:colcon.colcon_core.environment:checking '/home/tian/ROS_ws/install/service_cpp' for CMake config files
[5.049s] Level 1:colcon.colcon_core.shell:create_environment_hook('service_cpp', 'cmake_prefix_path')
[5.048s] DEBUG:colcon.colcon_core.event_handler.log_command:Invoked command in '/home/tian/ROS_ws/build/service_cpp' returned '0': CMAKE_PREFIX_PATH=${CMAKE_PREFIX_PATH}:/opt/ros/jazzy DEBUGINFOD_URLS=https://debuginfod.ubuntu.com /usr/bin/cmake --install /home/tian/ROS_ws/build/service_cpp
[5.049s] INFO:colcon.colcon_core.shell:Creating environment hook '/home/tian/ROS_ws/install/service_cpp/share/service_cpp/hook/cmake_prefix_path.ps1'
[5.049s] INFO:colcon.colcon_core.shell:Creating environment descriptor '/home/tian/ROS_ws/install/service_cpp/share/service_cpp/hook/cmake_prefix_path.dsv'
[5.049s] INFO:colcon.colcon_core.shell:Creating environment hook '/home/tian/ROS_ws/install/service_cpp/share/service_cpp/hook/cmake_prefix_path.sh'
[5.050s] Level 1:colcon.colcon_core.environment:checking '/home/tian/ROS_ws/install/service_cpp/lib'
[5.050s] Level 1:colcon.colcon_core.environment:checking '/home/tian/ROS_ws/install/service_cpp/bin'
[5.050s] Level 1:colcon.colcon_core.environment:checking '/home/tian/ROS_ws/install/service_cpp/lib/pkgconfig/service_cpp.pc'
[5.050s] Level 1:colcon.colcon_core.environment:checking '/home/tian/ROS_ws/install/service_cpp/lib/python3.12/site-packages'
[5.050s] Level 1:colcon.colcon_core.environment:checking '/home/tian/ROS_ws/install/service_cpp/bin'
[5.050s] INFO:colcon.colcon_core.shell:Creating package script '/home/tian/ROS_ws/install/service_cpp/share/service_cpp/package.ps1'
[5.050s] INFO:colcon.colcon_core.shell:Creating package descriptor '/home/tian/ROS_ws/install/service_cpp/share/service_cpp/package.dsv'
[5.050s] INFO:colcon.colcon_core.shell:Creating package script '/home/tian/ROS_ws/install/service_cpp/share/service_cpp/package.sh'
[5.051s] INFO:colcon.colcon_core.shell:Creating package script '/home/tian/ROS_ws/install/service_cpp/share/service_cpp/package.bash'
[5.051s] INFO:colcon.colcon_core.shell:Creating package script '/home/tian/ROS_ws/install/service_cpp/share/service_cpp/package.zsh'
[5.051s] Level 1:colcon.colcon_core.environment:create_file_with_runtime_dependencies(/home/tian/ROS_ws/install/service_cpp/share/colcon-core/packages/service_cpp)
[5.051s] Level 1:colcon.colcon_core.environment:create_environment_scripts_only(service_cpp)
[5.051s] Level 1:colcon.colcon_core.environment:checking '/home/tian/ROS_ws/install/service_cpp' for CMake module files
[5.052s] Level 1:colcon.colcon_core.environment:checking '/home/tian/ROS_ws/install/service_cpp' for CMake config files
[5.052s] Level 1:colcon.colcon_core.shell:create_environment_hook('service_cpp', 'cmake_prefix_path')
[5.052s] INFO:colcon.colcon_core.shell:Creating environment hook '/home/tian/ROS_ws/install/service_cpp/share/service_cpp/hook/cmake_prefix_path.ps1'
[5.052s] INFO:colcon.colcon_core.shell:Creating environment descriptor '/home/tian/ROS_ws/install/service_cpp/share/service_cpp/hook/cmake_prefix_path.dsv'
[5.052s] INFO:colcon.colcon_core.shell:Creating environment hook '/home/tian/ROS_ws/install/service_cpp/share/service_cpp/hook/cmake_prefix_path.sh'
[5.052s] Level 1:colcon.colcon_core.environment:checking '/home/tian/ROS_ws/install/service_cpp/lib'
[5.053s] Level 1:colcon.colcon_core.environment:checking '/home/tian/ROS_ws/install/service_cpp/bin'
[5.053s] Level 1:colcon.colcon_core.environment:checking '/home/tian/ROS_ws/install/service_cpp/lib/pkgconfig/service_cpp.pc'
[5.053s] Level 1:colcon.colcon_core.environment:checking '/home/tian/ROS_ws/install/service_cpp/lib/python3.12/site-packages'
[5.053s] Level 1:colcon.colcon_core.environment:checking '/home/tian/ROS_ws/install/service_cpp/bin'
[5.053s] INFO:colcon.colcon_core.shell:Creating package script '/home/tian/ROS_ws/install/service_cpp/share/service_cpp/package.ps1'
[5.053s] INFO:colcon.colcon_core.shell:Creating package descriptor '/home/tian/ROS_ws/install/service_cpp/share/service_cpp/package.dsv'
[5.054s] INFO:colcon.colcon_core.shell:Creating package script '/home/tian/ROS_ws/install/service_cpp/share/service_cpp/package.sh'
[5.054s] INFO:colcon.colcon_core.shell:Creating package script '/home/tian/ROS_ws/install/service_cpp/share/service_cpp/package.bash'
[5.055s] INFO:colcon.colcon_core.shell:Creating package script '/home/tian/ROS_ws/install/service_cpp/share/service_cpp/package.zsh'
[5.055s] Level 1:colcon.colcon_core.environment:create_file_with_runtime_dependencies(/home/tian/ROS_ws/install/service_cpp/share/colcon-core/packages/service_cpp)
[5.894s] DEBUG:colcon.colcon_core.event_handler.log_command:Invoked command in '/home/tian/ROS_ws/build/interfaces' returned '0': CMAKE_PREFIX_PATH=${CMAKE_PREFIX_PATH}:/opt/ros/jazzy DEBUGINFOD_URLS=https://debuginfod.ubuntu.com /usr/bin/cmake --build /home/tian/ROS_ws/build/interfaces -- -j16 -l16
[5.895s] DEBUG:colcon.colcon_core.event_handler.log_command:Invoking command in '/home/tian/ROS_ws/build/interfaces': CMAKE_PREFIX_PATH=${CMAKE_PREFIX_PATH}:/opt/ros/jazzy DEBUGINFOD_URLS=https://debuginfod.ubuntu.com /usr/bin/cmake --install /home/tian/ROS_ws/build/interfaces
[5.956s] Level 1:colcon.colcon_core.environment:create_environment_scripts_only(interfaces)
[5.957s] Level 1:colcon.colcon_core.environment:checking '/home/tian/ROS_ws/install/interfaces' for CMake module files
[5.957s] DEBUG:colcon.colcon_core.event_handler.log_command:Invoked command in '/home/tian/ROS_ws/build/interfaces' returned '0': CMAKE_PREFIX_PATH=${CMAKE_PREFIX_PATH}:/opt/ros/jazzy DEBUGINFOD_URLS=https://debuginfod.ubuntu.com /usr/bin/cmake --install /home/tian/ROS_ws/build/interfaces
[5.957s] Level 1:colcon.colcon_core.environment:checking '/home/tian/ROS_ws/install/interfaces' for CMake config files
[5.958s] Level 1:colcon.colcon_core.shell:create_environment_hook('interfaces', 'cmake_prefix_path')
[5.958s] INFO:colcon.colcon_core.shell:Creating environment hook '/home/tian/ROS_ws/install/interfaces/share/interfaces/hook/cmake_prefix_path.ps1'
[5.958s] INFO:colcon.colcon_core.shell:Creating environment descriptor '/home/tian/ROS_ws/install/interfaces/share/interfaces/hook/cmake_prefix_path.dsv'
[5.958s] INFO:colcon.colcon_core.shell:Creating environment hook '/home/tian/ROS_ws/install/interfaces/share/interfaces/hook/cmake_prefix_path.sh'
[5.958s] Level 1:colcon.colcon_core.environment:checking '/home/tian/ROS_ws/install/interfaces/lib'
[5.959s] Level 1:colcon.colcon_core.shell:create_environment_hook('interfaces', 'ld_library_path_lib')
[5.959s] INFO:colcon.colcon_core.shell:Creating environment hook '/home/tian/ROS_ws/install/interfaces/share/interfaces/hook/ld_library_path_lib.ps1'
[5.959s] INFO:colcon.colcon_core.shell:Creating environment descriptor '/home/tian/ROS_ws/install/interfaces/share/interfaces/hook/ld_library_path_lib.dsv'
[5.959s] INFO:colcon.colcon_core.shell:Creating environment hook '/home/tian/ROS_ws/install/interfaces/share/interfaces/hook/ld_library_path_lib.sh'
[5.959s] Level 1:colcon.colcon_core.environment:checking '/home/tian/ROS_ws/install/interfaces/bin'
[5.959s] Level 1:colcon.colcon_core.environment:checking '/home/tian/ROS_ws/install/interfaces/lib/pkgconfig/interfaces.pc'
[5.959s] Level 1:colcon.colcon_core.environment:checking '/home/tian/ROS_ws/install/interfaces/lib/python3.12/site-packages'
[5.959s] Level 1:colcon.colcon_core.shell:create_environment_hook('interfaces', 'pythonpath')
[5.959s] INFO:colcon.colcon_core.shell:Creating environment hook '/home/tian/ROS_ws/install/interfaces/share/interfaces/hook/pythonpath.ps1'
[5.960s] INFO:colcon.colcon_core.shell:Creating environment descriptor '/home/tian/ROS_ws/install/interfaces/share/interfaces/hook/pythonpath.dsv'
[5.960s] INFO:colcon.colcon_core.shell:Creating environment hook '/home/tian/ROS_ws/install/interfaces/share/interfaces/hook/pythonpath.sh'
[5.960s] Level 1:colcon.colcon_core.environment:checking '/home/tian/ROS_ws/install/interfaces/bin'
[5.960s] INFO:colcon.colcon_core.shell:Creating package script '/home/tian/ROS_ws/install/interfaces/share/interfaces/package.ps1'
[5.960s] INFO:colcon.colcon_core.shell:Creating package descriptor '/home/tian/ROS_ws/install/interfaces/share/interfaces/package.dsv'
[5.961s] INFO:colcon.colcon_core.shell:Creating package script '/home/tian/ROS_ws/install/interfaces/share/interfaces/package.sh'
[5.961s] INFO:colcon.colcon_core.shell:Creating package script '/home/tian/ROS_ws/install/interfaces/share/interfaces/package.bash'
[5.961s] INFO:colcon.colcon_core.shell:Creating package script '/home/tian/ROS_ws/install/interfaces/share/interfaces/package.zsh'
[5.961s] Level 1:colcon.colcon_core.environment:create_file_with_runtime_dependencies(/home/tian/ROS_ws/install/interfaces/share/colcon-core/packages/interfaces)
[5.961s] Level 1:colcon.colcon_core.environment:create_environment_scripts_only(interfaces)
[5.961s] Level 1:colcon.colcon_core.environment:checking '/home/tian/ROS_ws/install/interfaces' for CMake module files
[5.962s] Level 1:colcon.colcon_core.environment:checking '/home/tian/ROS_ws/install/interfaces' for CMake config files
[5.962s] Level 1:colcon.colcon_core.shell:create_environment_hook('interfaces', 'cmake_prefix_path')
[5.962s] INFO:colcon.colcon_core.shell:Creating environment hook '/home/tian/ROS_ws/install/interfaces/share/interfaces/hook/cmake_prefix_path.ps1'
[5.963s] INFO:colcon.colcon_core.shell:Creating environment descriptor '/home/tian/ROS_ws/install/interfaces/share/interfaces/hook/cmake_prefix_path.dsv'
[5.963s] INFO:colcon.colcon_core.shell:Creating environment hook '/home/tian/ROS_ws/install/interfaces/share/interfaces/hook/cmake_prefix_path.sh'
[5.964s] Level 1:colcon.colcon_core.environment:checking '/home/tian/ROS_ws/install/interfaces/lib'
[5.964s] Level 1:colcon.colcon_core.shell:create_environment_hook('interfaces', 'ld_library_path_lib')
[5.964s] INFO:colcon.colcon_core.shell:Creating environment hook '/home/tian/ROS_ws/install/interfaces/share/interfaces/hook/ld_library_path_lib.ps1'
[5.964s] INFO:colcon.colcon_core.shell:Creating environment descriptor '/home/tian/ROS_ws/install/interfaces/share/interfaces/hook/ld_library_path_lib.dsv'
[5.964s] INFO:colcon.colcon_core.shell:Creating environment hook '/home/tian/ROS_ws/install/interfaces/share/interfaces/hook/ld_library_path_lib.sh'
[5.964s] Level 1:colcon.colcon_core.environment:checking '/home/tian/ROS_ws/install/interfaces/bin'
[5.964s] Level 1:colcon.colcon_core.environment:checking '/home/tian/ROS_ws/install/interfaces/lib/pkgconfig/interfaces.pc'
[5.964s] Level 1:colcon.colcon_core.environment:checking '/home/tian/ROS_ws/install/interfaces/lib/python3.12/site-packages'
[5.964s] Level 1:colcon.colcon_core.shell:create_environment_hook('interfaces', 'pythonpath')
[5.964s] INFO:colcon.colcon_core.shell:Creating environment hook '/home/tian/ROS_ws/install/interfaces/share/interfaces/hook/pythonpath.ps1'
[5.965s] INFO:colcon.colcon_core.shell:Creating environment descriptor '/home/tian/ROS_ws/install/interfaces/share/interfaces/hook/pythonpath.dsv'
[5.965s] INFO:colcon.colcon_core.shell:Creating environment hook '/home/tian/ROS_ws/install/interfaces/share/interfaces/hook/pythonpath.sh'
[5.965s] Level 1:colcon.colcon_core.environment:checking '/home/tian/ROS_ws/install/interfaces/bin'
[5.965s] INFO:colcon.colcon_core.shell:Creating package script '/home/tian/ROS_ws/install/interfaces/share/interfaces/package.ps1'
[5.966s] INFO:colcon.colcon_core.shell:Creating package descriptor '/home/tian/ROS_ws/install/interfaces/share/interfaces/package.dsv'
[5.966s] INFO:colcon.colcon_core.shell:Creating package script '/home/tian/ROS_ws/install/interfaces/share/interfaces/package.sh'
[5.966s] INFO:colcon.colcon_core.shell:Creating package script '/home/tian/ROS_ws/install/interfaces/share/interfaces/package.bash'
[5.966s] INFO:colcon.colcon_core.shell:Creating package script '/home/tian/ROS_ws/install/interfaces/share/interfaces/package.zsh'
[5.967s] Level 1:colcon.colcon_core.environment:create_file_with_runtime_dependencies(/home/tian/ROS_ws/install/interfaces/share/colcon-core/packages/interfaces)
[5.967s] INFO:colcon.colcon_ros.task.ament_cmake.build:Building ROS package in '/home/tian/ROS_ws/src/robot_control' with build type 'ament_cmake'
[5.967s] INFO:colcon.colcon_cmake.task.cmake.build:Building CMake package in '/home/tian/ROS_ws/src/robot_control'
[5.967s] INFO:colcon.colcon_core.shell:Skip shell extension 'powershell' for command environment: Not usable outside of PowerShell
[5.967s] DEBUG:colcon.colcon_core.shell:Skip shell extension 'dsv' for command environment
[5.975s] DEBUG:colcon.colcon_core.event_handler.log_command:Invoking command in '/home/tian/ROS_ws/build/robot_control': AMENT_PREFIX_PATH=/home/tian/ROS_ws/install/interfaces:${AMENT_PREFIX_PATH} CMAKE_PREFIX_PATH=/home/tian/ROS_ws/install/interfaces:/opt/ros/jazzy/opt/gz_math_vendor:/opt/ros/jazzy/opt/gz_utils_vendor:/opt/ros/jazzy/opt/gz_cmake_vendor:/opt/ros/jazzy DEBUGINFOD_URLS=https://debuginfod.ubuntu.com LD_LIBRARY_PATH=/home/tian/ROS_ws/install/interfaces/lib:${LD_LIBRARY_PATH} PYTHONPATH=/home/tian/ROS_ws/install/interfaces/lib/python3.12/site-packages:${PYTHONPATH} /usr/bin/cmake /home/tian/ROS_ws/src/robot_control -DCMAKE_INSTALL_PREFIX=/home/tian/ROS_ws/install/robot_control
[6.900s] DEBUG:colcon.colcon_core.event_handler.log_command:Invoked command in '/home/tian/ROS_ws/build/robot_control' returned '0': AMENT_PREFIX_PATH=/home/tian/ROS_ws/install/interfaces:${AMENT_PREFIX_PATH} CMAKE_PREFIX_PATH=/home/tian/ROS_ws/install/interfaces:/opt/ros/jazzy/opt/gz_math_vendor:/opt/ros/jazzy/opt/gz_utils_vendor:/opt/ros/jazzy/opt/gz_cmake_vendor:/opt/ros/jazzy DEBUGINFOD_URLS=https://debuginfod.ubuntu.com LD_LIBRARY_PATH=/home/tian/ROS_ws/install/interfaces/lib:${LD_LIBRARY_PATH} PYTHONPATH=/home/tian/ROS_ws/install/interfaces/lib/python3.12/site-packages:${PYTHONPATH} /usr/bin/cmake /home/tian/ROS_ws/src/robot_control -DCMAKE_INSTALL_PREFIX=/home/tian/ROS_ws/install/robot_control
[6.901s] DEBUG:colcon.colcon_core.event_handler.log_command:Invoking command in '/home/tian/ROS_ws/build/robot_control': AMENT_PREFIX_PATH=/home/tian/ROS_ws/install/interfaces:${AMENT_PREFIX_PATH} CMAKE_PREFIX_PATH=/home/tian/ROS_ws/install/interfaces:/opt/ros/jazzy/opt/gz_math_vendor:/opt/ros/jazzy/opt/gz_utils_vendor:/opt/ros/jazzy/opt/gz_cmake_vendor:/opt/ros/jazzy DEBUGINFOD_URLS=https://debuginfod.ubuntu.com LD_LIBRARY_PATH=/home/tian/ROS_ws/install/interfaces/lib:${LD_LIBRARY_PATH} PYTHONPATH=/home/tian/ROS_ws/install/interfaces/lib/python3.12/site-packages:${PYTHONPATH} /usr/bin/cmake --build /home/tian/ROS_ws/build/robot_control -- -j16 -l16
[7.957s] DEBUG:colcon.colcon_core.event_handler.log_command:Invoked command in '/home/tian/ROS_ws/build/topic_cpp' returned '0': CMAKE_PREFIX_PATH=${CMAKE_PREFIX_PATH}:/opt/ros/jazzy DEBUGINFOD_URLS=https://debuginfod.ubuntu.com /usr/bin/cmake --build /home/tian/ROS_ws/build/topic_cpp -- -j16 -l16
[7.958s] DEBUG:colcon.colcon_core.event_handler.log_command:Invoking command in '/home/tian/ROS_ws/build/topic_cpp': CMAKE_PREFIX_PATH=${CMAKE_PREFIX_PATH}:/opt/ros/jazzy DEBUGINFOD_URLS=https://debuginfod.ubuntu.com /usr/bin/cmake --install /home/tian/ROS_ws/build/topic_cpp
[7.972s] Level 1:colcon.colcon_core.environment:create_environment_scripts_only(topic_cpp)
[7.972s] Level 1:colcon.colcon_core.environment:checking '/home/tian/ROS_ws/install/topic_cpp' for CMake module files
[7.973s] DEBUG:colcon.colcon_core.event_handler.log_command:Invoked command in '/home/tian/ROS_ws/build/topic_cpp' returned '0': CMAKE_PREFIX_PATH=${CMAKE_PREFIX_PATH}:/opt/ros/jazzy DEBUGINFOD_URLS=https://debuginfod.ubuntu.com /usr/bin/cmake --install /home/tian/ROS_ws/build/topic_cpp
[7.973s] Level 1:colcon.colcon_core.environment:checking '/home/tian/ROS_ws/install/topic_cpp' for CMake config files
[7.973s] Level 1:colcon.colcon_core.shell:create_environment_hook('topic_cpp', 'cmake_prefix_path')
[7.973s] INFO:colcon.colcon_core.shell:Creating environment hook '/home/tian/ROS_ws/install/topic_cpp/share/topic_cpp/hook/cmake_prefix_path.ps1'
[7.973s] INFO:colcon.colcon_core.shell:Creating environment descriptor '/home/tian/ROS_ws/install/topic_cpp/share/topic_cpp/hook/cmake_prefix_path.dsv'
[7.973s] INFO:colcon.colcon_core.shell:Creating environment hook '/home/tian/ROS_ws/install/topic_cpp/share/topic_cpp/hook/cmake_prefix_path.sh'
[7.974s] Level 1:colcon.colcon_core.environment:checking '/home/tian/ROS_ws/install/topic_cpp/lib'
[7.974s] Level 1:colcon.colcon_core.environment:checking '/home/tian/ROS_ws/install/topic_cpp/bin'
[7.974s] Level 1:colcon.colcon_core.environment:checking '/home/tian/ROS_ws/install/topic_cpp/lib/pkgconfig/topic_cpp.pc'
[7.974s] Level 1:colcon.colcon_core.environment:checking '/home/tian/ROS_ws/install/topic_cpp/lib/python3.12/site-packages'
[7.974s] Level 1:colcon.colcon_core.environment:checking '/home/tian/ROS_ws/install/topic_cpp/bin'
[7.974s] INFO:colcon.colcon_core.shell:Creating package script '/home/tian/ROS_ws/install/topic_cpp/share/topic_cpp/package.ps1'
[7.974s] INFO:colcon.colcon_core.shell:Creating package descriptor '/home/tian/ROS_ws/install/topic_cpp/share/topic_cpp/package.dsv'
[7.975s] INFO:colcon.colcon_core.shell:Creating package script '/home/tian/ROS_ws/install/topic_cpp/share/topic_cpp/package.sh'
[7.975s] INFO:colcon.colcon_core.shell:Creating package script '/home/tian/ROS_ws/install/topic_cpp/share/topic_cpp/package.bash'
[7.975s] INFO:colcon.colcon_core.shell:Creating package script '/home/tian/ROS_ws/install/topic_cpp/share/topic_cpp/package.zsh'
[7.975s] Level 1:colcon.colcon_core.environment:create_file_with_runtime_dependencies(/home/tian/ROS_ws/install/topic_cpp/share/colcon-core/packages/topic_cpp)
[7.975s] Level 1:colcon.colcon_core.environment:create_environment_scripts_only(topic_cpp)
[7.975s] Level 1:colcon.colcon_core.environment:checking '/home/tian/ROS_ws/install/topic_cpp' for CMake module files
[7.976s] Level 1:colcon.colcon_core.environment:checking '/home/tian/ROS_ws/install/topic_cpp' for CMake config files
[7.976s] Level 1:colcon.colcon_core.shell:create_environment_hook('topic_cpp', 'cmake_prefix_path')
[7.976s] INFO:colcon.colcon_core.shell:Creating environment hook '/home/tian/ROS_ws/install/topic_cpp/share/topic_cpp/hook/cmake_prefix_path.ps1'
[7.976s] INFO:colcon.colcon_core.shell:Creating environment descriptor '/home/tian/ROS_ws/install/topic_cpp/share/topic_cpp/hook/cmake_prefix_path.dsv'
[7.976s] INFO:colcon.colcon_core.shell:Creating environment hook '/home/tian/ROS_ws/install/topic_cpp/share/topic_cpp/hook/cmake_prefix_path.sh'
[7.976s] Level 1:colcon.colcon_core.environment:checking '/home/tian/ROS_ws/install/topic_cpp/lib'
[7.976s] Level 1:colcon.colcon_core.environment:checking '/home/tian/ROS_ws/install/topic_cpp/bin'
[7.977s] Level 1:colcon.colcon_core.environment:checking '/home/tian/ROS_ws/install/topic_cpp/lib/pkgconfig/topic_cpp.pc'
[7.977s] Level 1:colcon.colcon_core.environment:checking '/home/tian/ROS_ws/install/topic_cpp/lib/python3.12/site-packages'
[7.977s] Level 1:colcon.colcon_core.environment:checking '/home/tian/ROS_ws/install/topic_cpp/bin'
[7.977s] INFO:colcon.colcon_core.shell:Creating package script '/home/tian/ROS_ws/install/topic_cpp/share/topic_cpp/package.ps1'
[7.977s] INFO:colcon.colcon_core.shell:Creating package descriptor '/home/tian/ROS_ws/install/topic_cpp/share/topic_cpp/package.dsv'
[7.978s] INFO:colcon.colcon_core.shell:Creating package script '/home/tian/ROS_ws/install/topic_cpp/share/topic_cpp/package.sh'
[7.978s] INFO:colcon.colcon_core.shell:Creating package script '/home/tian/ROS_ws/install/topic_cpp/share/topic_cpp/package.bash'
[7.978s] INFO:colcon.colcon_core.shell:Creating package script '/home/tian/ROS_ws/install/topic_cpp/share/topic_cpp/package.zsh'
[7.978s] Level 1:colcon.colcon_core.environment:create_file_with_runtime_dependencies(/home/tian/ROS_ws/install/topic_cpp/share/colcon-core/packages/topic_cpp)
[12.770s] DEBUG:colcon.colcon_core.event_handler.log_command:Invoked command in '/home/tian/ROS_ws/build/robot_control' returned '0': AMENT_PREFIX_PATH=/home/tian/ROS_ws/install/interfaces:${AMENT_PREFIX_PATH} CMAKE_PREFIX_PATH=/home/tian/ROS_ws/install/interfaces:/opt/ros/jazzy/opt/gz_math_vendor:/opt/ros/jazzy/opt/gz_utils_vendor:/opt/ros/jazzy/opt/gz_cmake_vendor:/opt/ros/jazzy DEBUGINFOD_URLS=https://debuginfod.ubuntu.com LD_LIBRARY_PATH=/home/tian/ROS_ws/install/interfaces/lib:${LD_LIBRARY_PATH} PYTHONPATH=/home/tian/ROS_ws/install/interfaces/lib/python3.12/site-packages:${PYTHONPATH} /usr/bin/cmake --build /home/tian/ROS_ws/build/robot_control -- -j16 -l16
[12.770s] DEBUG:colcon.colcon_core.event_handler.log_command:Invoking command in '/home/tian/ROS_ws/build/robot_control': AMENT_PREFIX_PATH=/home/tian/ROS_ws/install/interfaces:${AMENT_PREFIX_PATH} CMAKE_PREFIX_PATH=/home/tian/ROS_ws/install/interfaces:/opt/ros/jazzy/opt/gz_math_vendor:/opt/ros/jazzy/opt/gz_utils_vendor:/opt/ros/jazzy/opt/gz_cmake_vendor:/opt/ros/jazzy DEBUGINFOD_URLS=https://debuginfod.ubuntu.com LD_LIBRARY_PATH=/home/tian/ROS_ws/install/interfaces/lib:${LD_LIBRARY_PATH} PYTHONPATH=/home/tian/ROS_ws/install/interfaces/lib/python3.12/site-packages:${PYTHONPATH} /usr/bin/cmake --install /home/tian/ROS_ws/build/robot_control
[12.785s] Level 1:colcon.colcon_core.environment:create_environment_scripts_only(robot_control)
[12.785s] DEBUG:colcon.colcon_core.event_handler.log_command:Invoked command in '/home/tian/ROS_ws/build/robot_control' returned '0': AMENT_PREFIX_PATH=/home/tian/ROS_ws/install/interfaces:${AMENT_PREFIX_PATH} CMAKE_PREFIX_PATH=/home/tian/ROS_ws/install/interfaces:/opt/ros/jazzy/opt/gz_math_vendor:/opt/ros/jazzy/opt/gz_utils_vendor:/opt/ros/jazzy/opt/gz_cmake_vendor:/opt/ros/jazzy DEBUGINFOD_URLS=https://debuginfod.ubuntu.com LD_LIBRARY_PATH=/home/tian/ROS_ws/install/interfaces/lib:${LD_LIBRARY_PATH} PYTHONPATH=/home/tian/ROS_ws/install/interfaces/lib/python3.12/site-packages:${PYTHONPATH} /usr/bin/cmake --install /home/tian/ROS_ws/build/robot_control
[12.785s] Level 1:colcon.colcon_core.environment:checking '/home/tian/ROS_ws/install/robot_control' for CMake module files
[12.785s] Level 1:colcon.colcon_core.environment:checking '/home/tian/ROS_ws/install/robot_control' for CMake config files
[12.786s] Level 1:colcon.colcon_core.shell:create_environment_hook('robot_control', 'cmake_prefix_path')
[12.786s] INFO:colcon.colcon_core.shell:Creating environment hook '/home/tian/ROS_ws/install/robot_control/share/robot_control/hook/cmake_prefix_path.ps1'
[12.786s] INFO:colcon.colcon_core.shell:Creating environment descriptor '/home/tian/ROS_ws/install/robot_control/share/robot_control/hook/cmake_prefix_path.dsv'
[12.786s] INFO:colcon.colcon_core.shell:Creating environment hook '/home/tian/ROS_ws/install/robot_control/share/robot_control/hook/cmake_prefix_path.sh'
[12.786s] Level 1:colcon.colcon_core.environment:checking '/home/tian/ROS_ws/install/robot_control/lib'
[12.786s] Level 1:colcon.colcon_core.environment:checking '/home/tian/ROS_ws/install/robot_control/bin'
[12.786s] Level 1:colcon.colcon_core.environment:checking '/home/tian/ROS_ws/install/robot_control/lib/pkgconfig/robot_control.pc'
[12.787s] Level 1:colcon.colcon_core.environment:checking '/home/tian/ROS_ws/install/robot_control/lib/python3.12/site-packages'
[12.787s] Level 1:colcon.colcon_core.environment:checking '/home/tian/ROS_ws/install/robot_control/bin'
[12.787s] INFO:colcon.colcon_core.shell:Creating package script '/home/tian/ROS_ws/install/robot_control/share/robot_control/package.ps1'
[12.787s] INFO:colcon.colcon_core.shell:Creating package descriptor '/home/tian/ROS_ws/install/robot_control/share/robot_control/package.dsv'
[12.787s] INFO:colcon.colcon_core.shell:Creating package script '/home/tian/ROS_ws/install/robot_control/share/robot_control/package.sh'
[12.787s] INFO:colcon.colcon_core.shell:Creating package script '/home/tian/ROS_ws/install/robot_control/share/robot_control/package.bash'
[12.787s] INFO:colcon.colcon_core.shell:Creating package script '/home/tian/ROS_ws/install/robot_control/share/robot_control/package.zsh'
[12.788s] Level 1:colcon.colcon_core.environment:create_file_with_runtime_dependencies(/home/tian/ROS_ws/install/robot_control/share/colcon-core/packages/robot_control)
[12.788s] Level 1:colcon.colcon_core.environment:create_environment_scripts_only(robot_control)
[12.788s] Level 1:colcon.colcon_core.environment:checking '/home/tian/ROS_ws/install/robot_control' for CMake module files
[12.788s] Level 1:colcon.colcon_core.environment:checking '/home/tian/ROS_ws/install/robot_control' for CMake config files
[12.788s] Level 1:colcon.colcon_core.shell:create_environment_hook('robot_control', 'cmake_prefix_path')
[12.788s] INFO:colcon.colcon_core.shell:Creating environment hook '/home/tian/ROS_ws/install/robot_control/share/robot_control/hook/cmake_prefix_path.ps1'
[12.788s] INFO:colcon.colcon_core.shell:Creating environment descriptor '/home/tian/ROS_ws/install/robot_control/share/robot_control/hook/cmake_prefix_path.dsv'
[12.789s] INFO:colcon.colcon_core.shell:Creating environment hook '/home/tian/ROS_ws/install/robot_control/share/robot_control/hook/cmake_prefix_path.sh'
[12.789s] Level 1:colcon.colcon_core.environment:checking '/home/tian/ROS_ws/install/robot_control/lib'
[12.789s] Level 1:colcon.colcon_core.environment:checking '/home/tian/ROS_ws/install/robot_control/bin'
[12.789s] Level 1:colcon.colcon_core.environment:checking '/home/tian/ROS_ws/install/robot_control/lib/pkgconfig/robot_control.pc'
[12.789s] Level 1:colcon.colcon_core.environment:checking '/home/tian/ROS_ws/install/robot_control/lib/python3.12/site-packages'
[12.789s] Level 1:colcon.colcon_core.environment:checking '/home/tian/ROS_ws/install/robot_control/bin'
[12.789s] INFO:colcon.colcon_core.shell:Creating package script '/home/tian/ROS_ws/install/robot_control/share/robot_control/package.ps1'
[12.790s] INFO:colcon.colcon_core.shell:Creating package descriptor '/home/tian/ROS_ws/install/robot_control/share/robot_control/package.dsv'
[12.790s] INFO:colcon.colcon_core.shell:Creating package script '/home/tian/ROS_ws/install/robot_control/share/robot_control/package.sh'
[12.791s] INFO:colcon.colcon_core.shell:Creating package script '/home/tian/ROS_ws/install/robot_control/share/robot_control/package.bash'
[12.791s] INFO:colcon.colcon_core.shell:Creating package script '/home/tian/ROS_ws/install/robot_control/share/robot_control/package.zsh'
[12.791s] Level 1:colcon.colcon_core.environment:create_file_with_runtime_dependencies(/home/tian/ROS_ws/install/robot_control/share/colcon-core/packages/robot_control)
[12.791s] DEBUG:colcon.colcon_parallel_executor.executor.parallel:closing loop
[12.792s] DEBUG:colcon.colcon_parallel_executor.executor.parallel:loop closed
[12.792s] DEBUG:colcon.colcon_parallel_executor.executor.parallel:run_until_complete finished with '0'
[12.792s] DEBUG:colcon.colcon_core.event_reactor:joining thread
[12.796s] INFO:colcon.colcon_core.plugin_system:Skipping extension 'colcon_notification.desktop_notification.terminal_notifier': Not used on non-Darwin systems
[12.796s] INFO:colcon.colcon_core.plugin_system:Skipping extension 'colcon_notification.desktop_notification.win32': Not used on non-Windows systems
[12.796s] INFO:colcon.colcon_notification.desktop_notification:Sending desktop notification using 'notify2'
[12.808s] DEBUG:colcon.colcon_core.event_reactor:joined thread
[12.809s] INFO:colcon.colcon_core.shell:Creating prefix script '/home/tian/ROS_ws/install/local_setup.ps1'
[12.810s] INFO:colcon.colcon_core.shell:Creating prefix util module '/home/tian/ROS_ws/install/_local_setup_util_ps1.py'
[12.810s] INFO:colcon.colcon_core.shell:Creating prefix chain script '/home/tian/ROS_ws/install/setup.ps1'
[12.811s] INFO:colcon.colcon_core.shell:Creating prefix script '/home/tian/ROS_ws/install/local_setup.sh'
[12.811s] INFO:colcon.colcon_core.shell:Creating prefix util module '/home/tian/ROS_ws/install/_local_setup_util_sh.py'
[12.811s] INFO:colcon.colcon_core.shell:Creating prefix chain script '/home/tian/ROS_ws/install/setup.sh'
[12.812s] INFO:colcon.colcon_core.shell:Creating prefix script '/home/tian/ROS_ws/install/local_setup.bash'
[12.812s] INFO:colcon.colcon_core.shell:Creating prefix chain script '/home/tian/ROS_ws/install/setup.bash'
[12.812s] INFO:colcon.colcon_core.shell:Creating prefix script '/home/tian/ROS_ws/install/local_setup.zsh'
[12.812s] INFO:colcon.colcon_core.shell:Creating prefix chain script '/home/tian/ROS_ws/install/setup.zsh'
