[0.010s] Invoking command in '/home/tian/ROS_ws/build/interfaces': CMAKE_PREFIX_PATH=${CMAKE_PREFIX_PATH}:/opt/ros/jazzy DEBUGINFOD_URLS=https://debuginfod.ubuntu.com /usr/bin/cmake /home/tian/ROS_ws/src/interfaces -DCMAKE_INSTALL_PREFIX=/home/tian/ROS_ws/install/interfaces
[0.058s] -- The C compiler identification is GNU 13.3.0
[0.098s] -- The CXX compiler identification is GNU 13.3.0
[0.113s] -- Detecting C compiler ABI info
[0.183s] -- Detecting C compiler ABI info - done
[0.189s] -- Check for working C compiler: /usr/bin/cc - skipped
[0.190s] -- Detecting C compile features
[0.190s] -- Detecting C compile features - done
[0.198s] -- Detecting CXX compiler ABI info
[0.279s] -- Detecting CXX compiler ABI info - done
[0.285s] -- Check for working CXX compiler: /usr/bin/c++ - skipped
[0.285s] -- Detecting CXX compile features
[0.285s] -- Detecting CXX compile features - done
[0.287s] -- Found ament_cmake: 2.5.4 (/opt/ros/jazzy/share/ament_cmake/cmake)
[0.390s] -- Found Python3: /usr/bin/python3 (found version "3.12.3") found components: Interpreter 
[0.466s] -- Found rosidl_default_generators: 1.6.0 (/opt/ros/jazzy/share/rosidl_default_generators/cmake)
[0.469s] -- Using all available rosidl_typesupport_c: rosidl_typesupport_fastrtps_c;rosidl_typesupport_introspection_c
[0.501s] -- Using all available rosidl_typesupport_cpp: rosidl_typesupport_fastrtps_cpp;rosidl_typesupport_introspection_cpp
[0.529s] -- Found rosidl_adapter: 4.6.6 (/opt/ros/jazzy/share/rosidl_adapter/cmake)
[0.531s] -- Found geometry_msgs: 5.3.6 (/opt/ros/jazzy/share/geometry_msgs/cmake)
[1.132s] -- Found ament_cmake_ros: 0.12.0 (/opt/ros/jazzy/share/ament_cmake_ros/cmake)
[1.886s] -- Using all available rosidl_typesupport_c: rosidl_typesupport_fastrtps_c;rosidl_typesupport_introspection_c
[2.404s] -- Using all available rosidl_typesupport_cpp: rosidl_typesupport_fastrtps_cpp;rosidl_typesupport_introspection_cpp
[2.406s] -- Found python_cmake_module: 0.11.1 (/opt/ros/jazzy/share/python_cmake_module/cmake)
[2.536s] -- Found PythonExtra: /usr/bin/python3  
[2.940s] -- Found Python3: /usr/bin/python3 (found version "3.12.3") found components: Interpreter Development NumPy Development.Module Development.Embed 
[2.988s] -- Found ament_lint_auto: 0.17.3 (/opt/ros/jazzy/share/ament_lint_auto/cmake)
[3.002s] -- Added test 'lint_cmake' to check CMake code style
[3.003s] -- Added test 'xmllint' to check XML markup files
[3.005s] -- Configuring done (3.0s)
[3.042s] -- Generating done (0.0s)
[3.051s] -- Build files have been written to: /home/tian/ROS_ws/build/interfaces
[3.063s] Invoked command in '/home/tian/ROS_ws/build/interfaces' returned '0': CMAKE_PREFIX_PATH=${CMAKE_PREFIX_PATH}:/opt/ros/jazzy DEBUGINFOD_URLS=https://debuginfod.ubuntu.com /usr/bin/cmake /home/tian/ROS_ws/src/interfaces -DCMAKE_INSTALL_PREFIX=/home/tian/ROS_ws/install/interfaces
[3.064s] Invoking command in '/home/tian/ROS_ws/build/interfaces': CMAKE_PREFIX_PATH=${CMAKE_PREFIX_PATH}:/opt/ros/jazzy DEBUGINFOD_URLS=https://debuginfod.ubuntu.com /usr/bin/cmake --build /home/tian/ROS_ws/build/interfaces -- -j16 -l16
[3.113s] [  1%] [34m[1mGenerating type hashes for ROS interfaces[0m
[3.125s] [  1%] Built target ament_cmake_python_copy_interfaces
[3.274s] running egg_info
[3.275s] creating interfaces.egg-info
[3.287s] writing interfaces.egg-info/PKG-INFO
[3.287s] writing dependency_links to interfaces.egg-info/dependency_links.txt
[3.287s] writing top-level names to interfaces.egg-info/top_level.txt
[3.287s] writing manifest file 'interfaces.egg-info/SOURCES.txt'
[3.303s] [  1%] Built target interfaces__rosidl_generator_type_description
[3.314s] [  3%] [34m[1mGenerating C code for ROS interfaces[0m
[3.321s] reading manifest file 'interfaces.egg-info/SOURCES.txt'
[3.322s] writing manifest file 'interfaces.egg-info/SOURCES.txt'
[3.333s] [  5%] [34m[1mGenerating C++ code for ROS interfaces[0m
[3.359s] [  5%] Built target ament_cmake_python_build_interfaces_egg
[3.611s] [  5%] Built target interfaces__cpp
[3.659s] [ 20%] [32mBuilding C object CMakeFiles/interfaces__rosidl_generator_c.dir/rosidl_generator_c/interfaces/msg/detail/robot_pose__functions.c.o[0m
[3.659s] [ 20%] [32mBuilding C object CMakeFiles/interfaces__rosidl_generator_c.dir/rosidl_generator_c/interfaces/srv/detail/move_robot__description.c.o[0m
[3.659s] [ 20%] [32mBuilding C object CMakeFiles/interfaces__rosidl_generator_c.dir/rosidl_generator_c/interfaces/msg/detail/robot_pose__description.c.o[0m
[3.659s] [ 20%] [32mBuilding C object CMakeFiles/interfaces__rosidl_generator_c.dir/rosidl_generator_c/interfaces/msg/detail/robot_status__functions.c.o[0m
[3.659s] [ 20%] [32mBuilding C object CMakeFiles/interfaces__rosidl_generator_c.dir/rosidl_generator_c/interfaces/msg/detail/robot_status__type_support.c.o[0m
[3.659s] [ 20%] [32mBuilding C object CMakeFiles/interfaces__rosidl_generator_c.dir/rosidl_generator_c/interfaces/msg/detail/robot_status__description.c.o[0m
[3.659s] [ 20%] [32mBuilding C object CMakeFiles/interfaces__rosidl_generator_c.dir/rosidl_generator_c/interfaces/srv/detail/move_robot__type_support.c.o[0m
[3.659s] [ 20%] [32mBuilding C object CMakeFiles/interfaces__rosidl_generator_c.dir/rosidl_generator_c/interfaces/msg/detail/robot_pose__type_support.c.o[0m
[3.659s] [ 22%] [32mBuilding C object CMakeFiles/interfaces__rosidl_generator_c.dir/rosidl_generator_c/interfaces/srv/detail/move_robot__functions.c.o[0m
[3.719s] [ 24%] [32m[1mLinking C shared library libinterfaces__rosidl_generator_c.so[0m
[3.758s] [ 24%] Built target interfaces__rosidl_generator_c
[3.770s] [ 35%] [34m[1mGenerating C++ type support dispatch for ROS interfaces[0m
[3.770s] [ 35%] [34m[1mGenerating C++ introspection for ROS interfaces[0m
[3.770s] [ 35%] [34m[1mGenerating C++ type support for eProsima Fast-RTPS[0m
[3.770s] [ 35%] [34m[1mGenerating C type support for eProsima Fast-RTPS[0m
[3.770s] [ 35%] [34m[1mGenerating C type support dispatch for ROS interfaces[0m
[3.770s] [ 35%] [34m[1mGenerating C introspection for ROS interfaces[0m
[4.062s] [ 40%] [32mBuilding CXX object CMakeFiles/interfaces__rosidl_typesupport_introspection_cpp.dir/rosidl_typesupport_introspection_cpp/interfaces/msg/detail/robot_status__type_support.cpp.o[0m
[4.063s] [ 40%] [32mBuilding CXX object CMakeFiles/interfaces__rosidl_typesupport_introspection_cpp.dir/rosidl_typesupport_introspection_cpp/interfaces/srv/detail/move_robot__type_support.cpp.o[0m
[4.063s] [ 40%] [32mBuilding CXX object CMakeFiles/interfaces__rosidl_typesupport_introspection_cpp.dir/rosidl_typesupport_introspection_cpp/interfaces/msg/detail/robot_pose__type_support.cpp.o[0m
[4.094s] [ 42%] [32mBuilding CXX object CMakeFiles/interfaces__rosidl_typesupport_cpp.dir/rosidl_typesupport_cpp/interfaces/msg/robot_status__type_support.cpp.o[0m
[4.095s] [ 46%] [32mBuilding CXX object CMakeFiles/interfaces__rosidl_typesupport_cpp.dir/rosidl_typesupport_cpp/interfaces/srv/move_robot__type_support.cpp.o[0m
[4.095s] [ 46%] [32mBuilding CXX object CMakeFiles/interfaces__rosidl_typesupport_cpp.dir/rosidl_typesupport_cpp/interfaces/msg/robot_pose__type_support.cpp.o[0m
[4.112s] [ 48%] [32mBuilding CXX object CMakeFiles/interfaces__rosidl_typesupport_c.dir/rosidl_typesupport_c/interfaces/msg/robot_status__type_support.cpp.o[0m
[4.115s] [ 50%] [32mBuilding C object CMakeFiles/interfaces__rosidl_typesupport_introspection_c.dir/rosidl_typesupport_introspection_c/interfaces/msg/detail/robot_pose__type_support.c.o[0m
[4.122s] [ 51%] [32mBuilding CXX object CMakeFiles/interfaces__rosidl_typesupport_c.dir/rosidl_typesupport_c/interfaces/srv/move_robot__type_support.cpp.o[0m
[4.122s] [ 53%] [32mBuilding C object CMakeFiles/interfaces__rosidl_typesupport_introspection_c.dir/rosidl_typesupport_introspection_c/interfaces/srv/detail/move_robot__type_support.c.o[0m
[4.123s] [ 55%] [32mBuilding CXX object CMakeFiles/interfaces__rosidl_typesupport_c.dir/rosidl_typesupport_c/interfaces/msg/robot_pose__type_support.cpp.o[0m
[4.124s] [ 57%] [32mBuilding C object CMakeFiles/interfaces__rosidl_typesupport_introspection_c.dir/rosidl_typesupport_introspection_c/interfaces/msg/detail/robot_status__type_support.c.o[0m
[4.208s] [ 59%] [32m[1mLinking C shared library libinterfaces__rosidl_typesupport_introspection_c.so[0m
[4.208s] [ 61%] [32m[1mLinking CXX shared library libinterfaces__rosidl_typesupport_c.so[0m
[4.222s] [ 62%] [32mBuilding CXX object CMakeFiles/interfaces__rosidl_typesupport_fastrtps_c.dir/rosidl_typesupport_fastrtps_c/interfaces/msg/detail/robot_status__type_support_c.cpp.o[0m
[4.229s] [ 64%] [32mBuilding CXX object CMakeFiles/interfaces__rosidl_typesupport_fastrtps_c.dir/rosidl_typesupport_fastrtps_c/interfaces/msg/detail/robot_pose__type_support_c.cpp.o[0m
[4.237s] [ 66%] [32mBuilding CXX object CMakeFiles/interfaces__rosidl_typesupport_fastrtps_c.dir/rosidl_typesupport_fastrtps_c/interfaces/srv/detail/move_robot__type_support_c.cpp.o[0m
[4.255s] [ 66%] Built target interfaces__rosidl_typesupport_introspection_c
[4.282s] [ 68%] [32mBuilding CXX object CMakeFiles/interfaces__rosidl_typesupport_fastrtps_cpp.dir/rosidl_typesupport_fastrtps_cpp/interfaces/msg/detail/dds_fastrtps/robot_pose__type_support.cpp.o[0m
[4.285s] [ 70%] [32mBuilding CXX object CMakeFiles/interfaces__rosidl_typesupport_fastrtps_cpp.dir/rosidl_typesupport_fastrtps_cpp/interfaces/msg/detail/dds_fastrtps/robot_status__type_support.cpp.o[0m
[4.288s] [ 72%] [32mBuilding CXX object CMakeFiles/interfaces__rosidl_typesupport_fastrtps_cpp.dir/rosidl_typesupport_fastrtps_cpp/interfaces/srv/detail/dds_fastrtps/move_robot__type_support.cpp.o[0m
[4.309s] [ 72%] Built target interfaces__rosidl_typesupport_c
[4.524s] [ 74%] [32m[1mLinking CXX shared library libinterfaces__rosidl_typesupport_introspection_cpp.so[0m
[4.630s] [ 75%] [32m[1mLinking CXX shared library libinterfaces__rosidl_typesupport_cpp.so[0m
[4.714s] [ 75%] Built target interfaces__rosidl_typesupport_introspection_cpp
[4.759s] [ 75%] Built target interfaces__rosidl_typesupport_cpp
[4.804s] [ 77%] [32m[1mLinking CXX shared library libinterfaces__rosidl_typesupport_fastrtps_c.so[0m
[4.851s] [ 77%] Built target interfaces__rosidl_typesupport_fastrtps_c
[4.943s] [ 79%] [32m[1mLinking CXX shared library libinterfaces__rosidl_typesupport_fastrtps_cpp.so[0m
[5.004s] [ 79%] Built target interfaces__rosidl_typesupport_fastrtps_cpp
[5.022s] [ 79%] Built target interfaces
[5.047s] [ 81%] [34m[1mGenerating Python code for ROS interfaces[0m
[5.400s] [ 81%] Built target interfaces__py
[5.420s] [ 85%] [32mBuilding C object CMakeFiles/interfaces__rosidl_generator_py.dir/rosidl_generator_py/interfaces/srv/_move_robot_s.c.o[0m
[5.421s] [ 85%] [32mBuilding C object CMakeFiles/interfaces__rosidl_generator_py.dir/rosidl_generator_py/interfaces/msg/_robot_pose_s.c.o[0m
[5.421s] [ 87%] [32mBuilding C object CMakeFiles/interfaces__rosidl_generator_py.dir/rosidl_generator_py/interfaces/msg/_robot_status_s.c.o[0m
[5.521s] [ 88%] [32m[1mLinking C shared library libinterfaces__rosidl_generator_py.so[0m
[5.564s] [ 88%] Built target interfaces__rosidl_generator_py
[5.581s] [ 92%] [32mBuilding C object CMakeFiles/interfaces_s__rosidl_typesupport_introspection_c.dir/rosidl_generator_py/interfaces/_interfaces_s.ep.rosidl_typesupport_introspection_c.c.o[0m
[5.581s] [ 92%] [32mBuilding C object CMakeFiles/interfaces_s__rosidl_typesupport_fastrtps_c.dir/rosidl_generator_py/interfaces/_interfaces_s.ep.rosidl_typesupport_fastrtps_c.c.o[0m
[5.581s] [ 94%] [32mBuilding C object CMakeFiles/interfaces_s__rosidl_typesupport_c.dir/rosidl_generator_py/interfaces/_interfaces_s.ep.rosidl_typesupport_c.c.o[0m
[5.664s] [ 98%] [32m[1mLinking C shared module rosidl_generator_py/interfaces/interfaces_s__rosidl_typesupport_introspection_c.so[0m
[5.665s] [ 98%] [32m[1mLinking C shared module rosidl_generator_py/interfaces/interfaces_s__rosidl_typesupport_c.so[0m
[5.669s] [100%] [32m[1mLinking C shared module rosidl_generator_py/interfaces/interfaces_s__rosidl_typesupport_fastrtps_c.so[0m
[5.689s] [100%] Built target interfaces_s__rosidl_typesupport_c
[5.689s] [100%] Built target interfaces_s__rosidl_typesupport_introspection_c
[5.697s] [100%] Built target interfaces_s__rosidl_typesupport_fastrtps_c
[5.708s] Invoked command in '/home/tian/ROS_ws/build/interfaces' returned '0': CMAKE_PREFIX_PATH=${CMAKE_PREFIX_PATH}:/opt/ros/jazzy DEBUGINFOD_URLS=https://debuginfod.ubuntu.com /usr/bin/cmake --build /home/tian/ROS_ws/build/interfaces -- -j16 -l16
[5.709s] Invoking command in '/home/tian/ROS_ws/build/interfaces': CMAKE_PREFIX_PATH=${CMAKE_PREFIX_PATH}:/opt/ros/jazzy DEBUGINFOD_URLS=https://debuginfod.ubuntu.com /usr/bin/cmake --install /home/tian/ROS_ws/build/interfaces
[5.716s] -- Install configuration: ""
[5.716s] -- Installing: /home/tian/ROS_ws/install/interfaces/share/ament_index/resource_index/rosidl_interfaces/interfaces
[5.716s] -- Installing: /home/tian/ROS_ws/install/interfaces/share/interfaces/msg/RobotPose.json
[5.716s] -- Installing: /home/tian/ROS_ws/install/interfaces/share/interfaces/msg/RobotStatus.json
[5.716s] -- Installing: /home/tian/ROS_ws/install/interfaces/share/interfaces/srv/MoveRobot.json
[5.716s] -- Installing: /home/tian/ROS_ws/install/interfaces/include/interfaces/interfaces
[5.716s] -- Installing: /home/tian/ROS_ws/install/interfaces/include/interfaces/interfaces/msg
[5.717s] -- Installing: /home/tian/ROS_ws/install/interfaces/include/interfaces/interfaces/msg/robot_status.h
[5.717s] -- Installing: /home/tian/ROS_ws/install/interfaces/include/interfaces/interfaces/msg/detail
[5.717s] -- Installing: /home/tian/ROS_ws/install/interfaces/include/interfaces/interfaces/msg/detail/robot_status__type_support.c
[5.717s] -- Installing: /home/tian/ROS_ws/install/interfaces/include/interfaces/interfaces/msg/detail/robot_pose__struct.h
[5.717s] -- Installing: /home/tian/ROS_ws/install/interfaces/include/interfaces/interfaces/msg/detail/robot_status__type_support.h
[5.717s] -- Installing: /home/tian/ROS_ws/install/interfaces/include/interfaces/interfaces/msg/detail/robot_status__functions.h
[5.717s] -- Installing: /home/tian/ROS_ws/install/interfaces/include/interfaces/interfaces/msg/detail/robot_pose__type_support.h
[5.717s] -- Installing: /home/tian/ROS_ws/install/interfaces/include/interfaces/interfaces/msg/detail/robot_status__description.c
[5.717s] -- Installing: /home/tian/ROS_ws/install/interfaces/include/interfaces/interfaces/msg/detail/robot_pose__functions.c
[5.717s] -- Installing: /home/tian/ROS_ws/install/interfaces/include/interfaces/interfaces/msg/detail/robot_pose__functions.h
[5.717s] -- Installing: /home/tian/ROS_ws/install/interfaces/include/interfaces/interfaces/msg/detail/robot_status__struct.h
[5.717s] -- Installing: /home/tian/ROS_ws/install/interfaces/include/interfaces/interfaces/msg/detail/robot_pose__type_support.c
[5.717s] -- Installing: /home/tian/ROS_ws/install/interfaces/include/interfaces/interfaces/msg/detail/robot_status__functions.c
[5.717s] -- Installing: /home/tian/ROS_ws/install/interfaces/include/interfaces/interfaces/msg/detail/robot_pose__description.c
[5.718s] -- Installing: /home/tian/ROS_ws/install/interfaces/include/interfaces/interfaces/msg/rosidl_generator_c__visibility_control.h
[5.718s] -- Installing: /home/tian/ROS_ws/install/interfaces/include/interfaces/interfaces/msg/robot_pose.h
[5.718s] -- Installing: /home/tian/ROS_ws/install/interfaces/include/interfaces/interfaces/srv
[5.718s] -- Installing: /home/tian/ROS_ws/install/interfaces/include/interfaces/interfaces/srv/move_robot.h
[5.718s] -- Installing: /home/tian/ROS_ws/install/interfaces/include/interfaces/interfaces/srv/detail
[5.718s] -- Installing: /home/tian/ROS_ws/install/interfaces/include/interfaces/interfaces/srv/detail/move_robot__functions.c
[5.718s] -- Installing: /home/tian/ROS_ws/install/interfaces/include/interfaces/interfaces/srv/detail/move_robot__functions.h
[5.718s] -- Installing: /home/tian/ROS_ws/install/interfaces/include/interfaces/interfaces/srv/detail/move_robot__struct.h
[5.718s] -- Installing: /home/tian/ROS_ws/install/interfaces/include/interfaces/interfaces/srv/detail/move_robot__description.c
[5.718s] -- Installing: /home/tian/ROS_ws/install/interfaces/include/interfaces/interfaces/srv/detail/move_robot__type_support.c
[5.718s] -- Installing: /home/tian/ROS_ws/install/interfaces/include/interfaces/interfaces/srv/detail/move_robot__type_support.h
[5.719s] -- Installing: /home/tian/ROS_ws/install/interfaces/share/interfaces/environment/library_path.sh
[5.719s] -- Installing: /home/tian/ROS_ws/install/interfaces/share/interfaces/environment/library_path.dsv
[5.719s] -- Installing: /home/tian/ROS_ws/install/interfaces/lib/libinterfaces__rosidl_generator_c.so
[5.719s] -- Set non-toolchain portion of runtime path of "/home/tian/ROS_ws/install/interfaces/lib/libinterfaces__rosidl_generator_c.so" to ""
[5.719s] -- Up-to-date: /home/tian/ROS_ws/install/interfaces/include/interfaces/interfaces
[5.719s] -- Up-to-date: /home/tian/ROS_ws/install/interfaces/include/interfaces/interfaces/msg
[5.719s] -- Installing: /home/tian/ROS_ws/install/interfaces/include/interfaces/interfaces/msg/rosidl_typesupport_fastrtps_c__visibility_control.h
[5.719s] -- Up-to-date: /home/tian/ROS_ws/install/interfaces/include/interfaces/interfaces/msg/detail
[5.720s] -- Installing: /home/tian/ROS_ws/install/interfaces/include/interfaces/interfaces/msg/detail/robot_status__rosidl_typesupport_fastrtps_c.h
[5.720s] -- Installing: /home/tian/ROS_ws/install/interfaces/include/interfaces/interfaces/msg/detail/robot_pose__rosidl_typesupport_fastrtps_c.h
[5.720s] -- Up-to-date: /home/tian/ROS_ws/install/interfaces/include/interfaces/interfaces/srv
[5.720s] -- Up-to-date: /home/tian/ROS_ws/install/interfaces/include/interfaces/interfaces/srv/detail
[5.720s] -- Installing: /home/tian/ROS_ws/install/interfaces/include/interfaces/interfaces/srv/detail/move_robot__rosidl_typesupport_fastrtps_c.h
[5.720s] -- Installing: /home/tian/ROS_ws/install/interfaces/lib/libinterfaces__rosidl_typesupport_fastrtps_c.so
[5.721s] -- Set non-toolchain portion of runtime path of "/home/tian/ROS_ws/install/interfaces/lib/libinterfaces__rosidl_typesupport_fastrtps_c.so" to ""
[5.721s] -- Up-to-date: /home/tian/ROS_ws/install/interfaces/include/interfaces/interfaces
[5.721s] -- Up-to-date: /home/tian/ROS_ws/install/interfaces/include/interfaces/interfaces/msg
[5.721s] -- Up-to-date: /home/tian/ROS_ws/install/interfaces/include/interfaces/interfaces/msg/detail
[5.721s] -- Installing: /home/tian/ROS_ws/install/interfaces/include/interfaces/interfaces/msg/detail/robot_status__type_support.c
[5.721s] -- Installing: /home/tian/ROS_ws/install/interfaces/include/interfaces/interfaces/msg/detail/robot_pose__rosidl_typesupport_introspection_c.h
[5.721s] -- Installing: /home/tian/ROS_ws/install/interfaces/include/interfaces/interfaces/msg/detail/robot_status__rosidl_typesupport_introspection_c.h
[5.721s] -- Installing: /home/tian/ROS_ws/install/interfaces/include/interfaces/interfaces/msg/detail/robot_pose__type_support.c
[5.721s] -- Installing: /home/tian/ROS_ws/install/interfaces/include/interfaces/interfaces/msg/rosidl_typesupport_introspection_c__visibility_control.h
[5.721s] -- Up-to-date: /home/tian/ROS_ws/install/interfaces/include/interfaces/interfaces/srv
[5.721s] -- Up-to-date: /home/tian/ROS_ws/install/interfaces/include/interfaces/interfaces/srv/detail
[5.721s] -- Installing: /home/tian/ROS_ws/install/interfaces/include/interfaces/interfaces/srv/detail/move_robot__rosidl_typesupport_introspection_c.h
[5.721s] -- Installing: /home/tian/ROS_ws/install/interfaces/include/interfaces/interfaces/srv/detail/move_robot__type_support.c
[5.722s] -- Installing: /home/tian/ROS_ws/install/interfaces/lib/libinterfaces__rosidl_typesupport_introspection_c.so
[5.722s] -- Set non-toolchain portion of runtime path of "/home/tian/ROS_ws/install/interfaces/lib/libinterfaces__rosidl_typesupport_introspection_c.so" to ""
[5.724s] -- Installing: /home/tian/ROS_ws/install/interfaces/lib/libinterfaces__rosidl_typesupport_c.so
[5.724s] -- Set non-toolchain portion of runtime path of "/home/tian/ROS_ws/install/interfaces/lib/libinterfaces__rosidl_typesupport_c.so" to ""
[5.724s] -- Up-to-date: /home/tian/ROS_ws/install/interfaces/include/interfaces/interfaces
[5.724s] -- Up-to-date: /home/tian/ROS_ws/install/interfaces/include/interfaces/interfaces/msg
[5.724s] -- Up-to-date: /home/tian/ROS_ws/install/interfaces/include/interfaces/interfaces/msg/detail
[5.724s] -- Installing: /home/tian/ROS_ws/install/interfaces/include/interfaces/interfaces/msg/detail/robot_pose__type_support.hpp
[5.724s] -- Installing: /home/tian/ROS_ws/install/interfaces/include/interfaces/interfaces/msg/detail/robot_pose__traits.hpp
[5.724s] -- Installing: /home/tian/ROS_ws/install/interfaces/include/interfaces/interfaces/msg/detail/robot_status__type_support.hpp
[5.724s] -- Installing: /home/tian/ROS_ws/install/interfaces/include/interfaces/interfaces/msg/detail/robot_status__builder.hpp
[5.724s] -- Installing: /home/tian/ROS_ws/install/interfaces/include/interfaces/interfaces/msg/detail/robot_pose__struct.hpp
[5.724s] -- Installing: /home/tian/ROS_ws/install/interfaces/include/interfaces/interfaces/msg/detail/robot_pose__builder.hpp
[5.724s] -- Installing: /home/tian/ROS_ws/install/interfaces/include/interfaces/interfaces/msg/detail/robot_status__struct.hpp
[5.724s] -- Installing: /home/tian/ROS_ws/install/interfaces/include/interfaces/interfaces/msg/detail/robot_status__traits.hpp
[5.724s] -- Installing: /home/tian/ROS_ws/install/interfaces/include/interfaces/interfaces/msg/rosidl_generator_cpp__visibility_control.hpp
[5.724s] -- Installing: /home/tian/ROS_ws/install/interfaces/include/interfaces/interfaces/msg/robot_status.hpp
[5.724s] -- Installing: /home/tian/ROS_ws/install/interfaces/include/interfaces/interfaces/msg/robot_pose.hpp
[5.724s] -- Up-to-date: /home/tian/ROS_ws/install/interfaces/include/interfaces/interfaces/srv
[5.724s] -- Installing: /home/tian/ROS_ws/install/interfaces/include/interfaces/interfaces/srv/move_robot.hpp
[5.724s] -- Up-to-date: /home/tian/ROS_ws/install/interfaces/include/interfaces/interfaces/srv/detail
[5.724s] -- Installing: /home/tian/ROS_ws/install/interfaces/include/interfaces/interfaces/srv/detail/move_robot__builder.hpp
[5.724s] -- Installing: /home/tian/ROS_ws/install/interfaces/include/interfaces/interfaces/srv/detail/move_robot__type_support.hpp
[5.725s] -- Installing: /home/tian/ROS_ws/install/interfaces/include/interfaces/interfaces/srv/detail/move_robot__traits.hpp
[5.725s] -- Installing: /home/tian/ROS_ws/install/interfaces/include/interfaces/interfaces/srv/detail/move_robot__struct.hpp
[5.725s] -- Up-to-date: /home/tian/ROS_ws/install/interfaces/include/interfaces/interfaces
[5.725s] -- Up-to-date: /home/tian/ROS_ws/install/interfaces/include/interfaces/interfaces/msg
[5.725s] -- Up-to-date: /home/tian/ROS_ws/install/interfaces/include/interfaces/interfaces/msg/detail
[5.725s] -- Installing: /home/tian/ROS_ws/install/interfaces/include/interfaces/interfaces/msg/detail/robot_pose__rosidl_typesupport_fastrtps_cpp.hpp
[5.725s] -- Installing: /home/tian/ROS_ws/install/interfaces/include/interfaces/interfaces/msg/detail/robot_status__rosidl_typesupport_fastrtps_cpp.hpp
[5.725s] -- Installing: /home/tian/ROS_ws/install/interfaces/include/interfaces/interfaces/msg/detail/dds_fastrtps
[5.725s] -- Installing: /home/tian/ROS_ws/install/interfaces/include/interfaces/interfaces/msg/rosidl_typesupport_fastrtps_cpp__visibility_control.h
[5.725s] -- Up-to-date: /home/tian/ROS_ws/install/interfaces/include/interfaces/interfaces/srv
[5.725s] -- Up-to-date: /home/tian/ROS_ws/install/interfaces/include/interfaces/interfaces/srv/detail
[5.725s] -- Installing: /home/tian/ROS_ws/install/interfaces/include/interfaces/interfaces/srv/detail/move_robot__rosidl_typesupport_fastrtps_cpp.hpp
[5.725s] -- Installing: /home/tian/ROS_ws/install/interfaces/include/interfaces/interfaces/srv/detail/dds_fastrtps
[5.725s] -- Installing: /home/tian/ROS_ws/install/interfaces/lib/libinterfaces__rosidl_typesupport_fastrtps_cpp.so
[5.725s] -- Set non-toolchain portion of runtime path of "/home/tian/ROS_ws/install/interfaces/lib/libinterfaces__rosidl_typesupport_fastrtps_cpp.so" to ""
[5.725s] -- Up-to-date: /home/tian/ROS_ws/install/interfaces/include/interfaces/interfaces
[5.725s] -- Up-to-date: /home/tian/ROS_ws/install/interfaces/include/interfaces/interfaces/msg
[5.725s] -- Up-to-date: /home/tian/ROS_ws/install/interfaces/include/interfaces/interfaces/msg/detail
[5.725s] -- Installing: /home/tian/ROS_ws/install/interfaces/include/interfaces/interfaces/msg/detail/robot_status__type_support.cpp
[5.725s] -- Installing: /home/tian/ROS_ws/install/interfaces/include/interfaces/interfaces/msg/detail/robot_pose__type_support.cpp
[5.725s] -- Installing: /home/tian/ROS_ws/install/interfaces/include/interfaces/interfaces/msg/detail/robot_pose__rosidl_typesupport_introspection_cpp.hpp
[5.725s] -- Installing: /home/tian/ROS_ws/install/interfaces/include/interfaces/interfaces/msg/detail/robot_status__rosidl_typesupport_introspection_cpp.hpp
[5.725s] -- Up-to-date: /home/tian/ROS_ws/install/interfaces/include/interfaces/interfaces/srv
[5.726s] -- Up-to-date: /home/tian/ROS_ws/install/interfaces/include/interfaces/interfaces/srv/detail
[5.726s] -- Installing: /home/tian/ROS_ws/install/interfaces/include/interfaces/interfaces/srv/detail/move_robot__rosidl_typesupport_introspection_cpp.hpp
[5.726s] -- Installing: /home/tian/ROS_ws/install/interfaces/include/interfaces/interfaces/srv/detail/move_robot__type_support.cpp
[5.726s] -- Installing: /home/tian/ROS_ws/install/interfaces/lib/libinterfaces__rosidl_typesupport_introspection_cpp.so
[5.727s] -- Set non-toolchain portion of runtime path of "/home/tian/ROS_ws/install/interfaces/lib/libinterfaces__rosidl_typesupport_introspection_cpp.so" to ""
[5.727s] -- Installing: /home/tian/ROS_ws/install/interfaces/lib/libinterfaces__rosidl_typesupport_cpp.so
[5.727s] -- Set non-toolchain portion of runtime path of "/home/tian/ROS_ws/install/interfaces/lib/libinterfaces__rosidl_typesupport_cpp.so" to ""
[5.727s] -- Installing: /home/tian/ROS_ws/install/interfaces/share/interfaces/environment/pythonpath.sh
[5.727s] -- Installing: /home/tian/ROS_ws/install/interfaces/share/interfaces/environment/pythonpath.dsv
[5.727s] -- Installing: /home/tian/ROS_ws/install/interfaces/lib/python3.12/site-packages/interfaces-0.0.0-py3.12.egg-info
[5.727s] -- Installing: /home/tian/ROS_ws/install/interfaces/lib/python3.12/site-packages/interfaces-0.0.0-py3.12.egg-info/dependency_links.txt
[5.728s] -- Installing: /home/tian/ROS_ws/install/interfaces/lib/python3.12/site-packages/interfaces-0.0.0-py3.12.egg-info/SOURCES.txt
[5.728s] -- Installing: /home/tian/ROS_ws/install/interfaces/lib/python3.12/site-packages/interfaces-0.0.0-py3.12.egg-info/top_level.txt
[5.728s] -- Installing: /home/tian/ROS_ws/install/interfaces/lib/python3.12/site-packages/interfaces-0.0.0-py3.12.egg-info/PKG-INFO
[5.728s] -- Installing: /home/tian/ROS_ws/install/interfaces/lib/python3.12/site-packages/interfaces
[5.728s] -- Installing: /home/tian/ROS_ws/install/interfaces/lib/python3.12/site-packages/interfaces/_interfaces_s.ep.rosidl_typesupport_fastrtps_c.c
[5.728s] -- Installing: /home/tian/ROS_ws/install/interfaces/lib/python3.12/site-packages/interfaces/msg
[5.728s] -- Installing: /home/tian/ROS_ws/install/interfaces/lib/python3.12/site-packages/interfaces/msg/_robot_pose.py
[5.728s] -- Installing: /home/tian/ROS_ws/install/interfaces/lib/python3.12/site-packages/interfaces/msg/_robot_status.py
[5.728s] -- Installing: /home/tian/ROS_ws/install/interfaces/lib/python3.12/site-packages/interfaces/msg/_robot_status_s.c
[5.728s] -- Installing: /home/tian/ROS_ws/install/interfaces/lib/python3.12/site-packages/interfaces/msg/__init__.py
[5.728s] -- Installing: /home/tian/ROS_ws/install/interfaces/lib/python3.12/site-packages/interfaces/msg/_robot_pose_s.c
[5.728s] -- Installing: /home/tian/ROS_ws/install/interfaces/lib/python3.12/site-packages/interfaces/interfaces_s__rosidl_typesupport_c.so
[5.729s] -- Installing: /home/tian/ROS_ws/install/interfaces/lib/python3.12/site-packages/interfaces/interfaces_s__rosidl_typesupport_introspection_c.so
[5.729s] -- Installing: /home/tian/ROS_ws/install/interfaces/lib/python3.12/site-packages/interfaces/srv
[5.729s] -- Installing: /home/tian/ROS_ws/install/interfaces/lib/python3.12/site-packages/interfaces/srv/_move_robot_s.c
[5.729s] -- Installing: /home/tian/ROS_ws/install/interfaces/lib/python3.12/site-packages/interfaces/srv/__init__.py
[5.729s] -- Installing: /home/tian/ROS_ws/install/interfaces/lib/python3.12/site-packages/interfaces/srv/_move_robot.py
[5.729s] -- Installing: /home/tian/ROS_ws/install/interfaces/lib/python3.12/site-packages/interfaces/__init__.py
[5.729s] -- Installing: /home/tian/ROS_ws/install/interfaces/lib/python3.12/site-packages/interfaces/_interfaces_s.ep.rosidl_typesupport_c.c
[5.729s] -- Installing: /home/tian/ROS_ws/install/interfaces/lib/python3.12/site-packages/interfaces/interfaces_s__rosidl_typesupport_fastrtps_c.so
[5.730s] -- Installing: /home/tian/ROS_ws/install/interfaces/lib/python3.12/site-packages/interfaces/_interfaces_s.ep.rosidl_typesupport_introspection_c.c
[5.758s] Listing '/home/tian/ROS_ws/install/interfaces/lib/python3.12/site-packages/interfaces'...
[5.758s] Compiling '/home/tian/ROS_ws/install/interfaces/lib/python3.12/site-packages/interfaces/__init__.py'...
[5.759s] Listing '/home/tian/ROS_ws/install/interfaces/lib/python3.12/site-packages/interfaces/msg'...
[5.759s] Compiling '/home/tian/ROS_ws/install/interfaces/lib/python3.12/site-packages/interfaces/msg/__init__.py'...
[5.759s] Compiling '/home/tian/ROS_ws/install/interfaces/lib/python3.12/site-packages/interfaces/msg/_robot_pose.py'...
[5.759s] Compiling '/home/tian/ROS_ws/install/interfaces/lib/python3.12/site-packages/interfaces/msg/_robot_status.py'...
[5.759s] Listing '/home/tian/ROS_ws/install/interfaces/lib/python3.12/site-packages/interfaces/srv'...
[5.759s] Compiling '/home/tian/ROS_ws/install/interfaces/lib/python3.12/site-packages/interfaces/srv/__init__.py'...
[5.759s] Compiling '/home/tian/ROS_ws/install/interfaces/lib/python3.12/site-packages/interfaces/srv/_move_robot.py'...
[5.763s] -- Installing: /home/tian/ROS_ws/install/interfaces/lib/python3.12/site-packages/interfaces/interfaces_s__rosidl_typesupport_fastrtps_c.so
[5.763s] -- Set non-toolchain portion of runtime path of "/home/tian/ROS_ws/install/interfaces/lib/python3.12/site-packages/interfaces/interfaces_s__rosidl_typesupport_fastrtps_c.so" to ""
[5.763s] -- Installing: /home/tian/ROS_ws/install/interfaces/lib/python3.12/site-packages/interfaces/interfaces_s__rosidl_typesupport_introspection_c.so
[5.763s] -- Set non-toolchain portion of runtime path of "/home/tian/ROS_ws/install/interfaces/lib/python3.12/site-packages/interfaces/interfaces_s__rosidl_typesupport_introspection_c.so" to ""
[5.763s] -- Installing: /home/tian/ROS_ws/install/interfaces/lib/python3.12/site-packages/interfaces/interfaces_s__rosidl_typesupport_c.so
[5.764s] -- Set non-toolchain portion of runtime path of "/home/tian/ROS_ws/install/interfaces/lib/python3.12/site-packages/interfaces/interfaces_s__rosidl_typesupport_c.so" to ""
[5.764s] -- Installing: /home/tian/ROS_ws/install/interfaces/lib/libinterfaces__rosidl_generator_py.so
[5.764s] -- Set non-toolchain portion of runtime path of "/home/tian/ROS_ws/install/interfaces/lib/libinterfaces__rosidl_generator_py.so" to ""
[5.764s] -- Installing: /home/tian/ROS_ws/install/interfaces/share/interfaces/msg/RobotPose.idl
[5.764s] -- Installing: /home/tian/ROS_ws/install/interfaces/share/interfaces/msg/RobotStatus.idl
[5.764s] -- Installing: /home/tian/ROS_ws/install/interfaces/share/interfaces/srv/MoveRobot.idl
[5.765s] -- Installing: /home/tian/ROS_ws/install/interfaces/share/interfaces/msg/RobotPose.msg
[5.765s] -- Installing: /home/tian/ROS_ws/install/interfaces/share/interfaces/msg/RobotStatus.msg
[5.765s] -- Installing: /home/tian/ROS_ws/install/interfaces/share/interfaces/srv/MoveRobot.srv
[5.765s] -- Installing: /home/tian/ROS_ws/install/interfaces/share/ament_index/resource_index/package_run_dependencies/interfaces
[5.765s] -- Installing: /home/tian/ROS_ws/install/interfaces/share/ament_index/resource_index/parent_prefix_path/interfaces
[5.765s] -- Installing: /home/tian/ROS_ws/install/interfaces/share/interfaces/environment/ament_prefix_path.sh
[5.765s] -- Installing: /home/tian/ROS_ws/install/interfaces/share/interfaces/environment/ament_prefix_path.dsv
[5.765s] -- Installing: /home/tian/ROS_ws/install/interfaces/share/interfaces/environment/path.sh
[5.765s] -- Installing: /home/tian/ROS_ws/install/interfaces/share/interfaces/environment/path.dsv
[5.765s] -- Installing: /home/tian/ROS_ws/install/interfaces/share/interfaces/local_setup.bash
[5.765s] -- Installing: /home/tian/ROS_ws/install/interfaces/share/interfaces/local_setup.sh
[5.765s] -- Installing: /home/tian/ROS_ws/install/interfaces/share/interfaces/local_setup.zsh
[5.766s] -- Installing: /home/tian/ROS_ws/install/interfaces/share/interfaces/local_setup.dsv
[5.766s] -- Installing: /home/tian/ROS_ws/install/interfaces/share/interfaces/package.dsv
[5.766s] -- Installing: /home/tian/ROS_ws/install/interfaces/share/ament_index/resource_index/packages/interfaces
[5.766s] -- Installing: /home/tian/ROS_ws/install/interfaces/share/interfaces/cmake/export_interfaces__rosidl_generator_cExport.cmake
[5.766s] -- Installing: /home/tian/ROS_ws/install/interfaces/share/interfaces/cmake/export_interfaces__rosidl_generator_cExport-noconfig.cmake
[5.766s] -- Installing: /home/tian/ROS_ws/install/interfaces/share/interfaces/cmake/export_interfaces__rosidl_typesupport_fastrtps_cExport.cmake
[5.766s] -- Installing: /home/tian/ROS_ws/install/interfaces/share/interfaces/cmake/export_interfaces__rosidl_typesupport_fastrtps_cExport-noconfig.cmake
[5.766s] -- Installing: /home/tian/ROS_ws/install/interfaces/share/interfaces/cmake/interfaces__rosidl_typesupport_introspection_cExport.cmake
[5.766s] -- Installing: /home/tian/ROS_ws/install/interfaces/share/interfaces/cmake/interfaces__rosidl_typesupport_introspection_cExport-noconfig.cmake
[5.766s] -- Installing: /home/tian/ROS_ws/install/interfaces/share/interfaces/cmake/interfaces__rosidl_typesupport_cExport.cmake
[5.766s] -- Installing: /home/tian/ROS_ws/install/interfaces/share/interfaces/cmake/interfaces__rosidl_typesupport_cExport-noconfig.cmake
[5.767s] -- Installing: /home/tian/ROS_ws/install/interfaces/share/interfaces/cmake/export_interfaces__rosidl_generator_cppExport.cmake
[5.767s] -- Installing: /home/tian/ROS_ws/install/interfaces/share/interfaces/cmake/export_interfaces__rosidl_typesupport_fastrtps_cppExport.cmake
[5.767s] -- Installing: /home/tian/ROS_ws/install/interfaces/share/interfaces/cmake/export_interfaces__rosidl_typesupport_fastrtps_cppExport-noconfig.cmake
[5.767s] -- Installing: /home/tian/ROS_ws/install/interfaces/share/interfaces/cmake/interfaces__rosidl_typesupport_introspection_cppExport.cmake
[5.767s] -- Installing: /home/tian/ROS_ws/install/interfaces/share/interfaces/cmake/interfaces__rosidl_typesupport_introspection_cppExport-noconfig.cmake
[5.767s] -- Installing: /home/tian/ROS_ws/install/interfaces/share/interfaces/cmake/interfaces__rosidl_typesupport_cppExport.cmake
[5.767s] -- Installing: /home/tian/ROS_ws/install/interfaces/share/interfaces/cmake/interfaces__rosidl_typesupport_cppExport-noconfig.cmake
[5.767s] -- Installing: /home/tian/ROS_ws/install/interfaces/share/interfaces/cmake/export_interfaces__rosidl_generator_pyExport.cmake
[5.767s] -- Installing: /home/tian/ROS_ws/install/interfaces/share/interfaces/cmake/export_interfaces__rosidl_generator_pyExport-noconfig.cmake
[5.768s] -- Installing: /home/tian/ROS_ws/install/interfaces/share/interfaces/cmake/rosidl_cmake-extras.cmake
[5.768s] -- Installing: /home/tian/ROS_ws/install/interfaces/share/interfaces/cmake/ament_cmake_export_dependencies-extras.cmake
[5.768s] -- Installing: /home/tian/ROS_ws/install/interfaces/share/interfaces/cmake/ament_cmake_export_include_directories-extras.cmake
[5.768s] -- Installing: /home/tian/ROS_ws/install/interfaces/share/interfaces/cmake/ament_cmake_export_libraries-extras.cmake
[5.768s] -- Installing: /home/tian/ROS_ws/install/interfaces/share/interfaces/cmake/ament_cmake_export_targets-extras.cmake
[5.768s] -- Installing: /home/tian/ROS_ws/install/interfaces/share/interfaces/cmake/rosidl_cmake_export_typesupport_targets-extras.cmake
[5.768s] -- Installing: /home/tian/ROS_ws/install/interfaces/share/interfaces/cmake/rosidl_cmake_export_typesupport_libraries-extras.cmake
[5.768s] -- Installing: /home/tian/ROS_ws/install/interfaces/share/interfaces/cmake/interfacesConfig.cmake
[5.768s] -- Installing: /home/tian/ROS_ws/install/interfaces/share/interfaces/cmake/interfacesConfig-version.cmake
[5.768s] -- Installing: /home/tian/ROS_ws/install/interfaces/share/interfaces/package.xml
[5.771s] Invoked command in '/home/tian/ROS_ws/build/interfaces' returned '0': CMAKE_PREFIX_PATH=${CMAKE_PREFIX_PATH}:/opt/ros/jazzy DEBUGINFOD_URLS=https://debuginfod.ubuntu.com /usr/bin/cmake --install /home/tian/ROS_ws/build/interfaces
