[0.014s] Invoking command in '/home/tian/ROS_ws/build/service_cpp': CMAKE_PREFIX_PATH=${CMAKE_PREFIX_PATH}:/opt/ros/jazzy DEBUGINFOD_URLS=https://debuginfod.ubuntu.com /usr/bin/cmake /home/tian/ROS_ws/src/service_cpp -DCMAKE_INSTALL_PREFIX=/home/tian/ROS_ws/install/service_cpp
[0.067s] -- The C compiler identification is GNU 13.3.0
[0.115s] -- The CXX compiler identification is GNU 13.3.0
[0.135s] -- Detecting C compiler ABI info
[0.215s] -- Detecting C compiler ABI info - done
[0.221s] -- Check for working C compiler: /usr/bin/cc - skipped
[0.221s] -- Detecting C compile features
[0.222s] -- Detecting C compile features - done
[0.230s] -- Detecting CXX compiler ABI info
[0.311s] -- Detecting CXX compiler ABI info - done
[0.316s] -- Check for working CXX compiler: /usr/bin/c++ - skipped
[0.316s] -- Detecting CXX compile features
[0.317s] -- Detecting CXX compile features - done
[0.320s] -- Found ament_cmake: 2.5.4 (/opt/ros/jazzy/share/ament_cmake/cmake)
[0.426s] -- Found Python3: /usr/bin/python3 (found version "3.12.3") found components: Interpreter 
[0.505s] -- Found rclcpp: 28.1.11 (/opt/ros/jazzy/share/rclcpp/cmake)
[0.539s] -- Found rosidl_generator_c: 4.6.6 (/opt/ros/jazzy/share/rosidl_generator_c/cmake)
[0.549s] -- Found rosidl_generator_cpp: 4.6.6 (/opt/ros/jazzy/share/rosidl_generator_cpp/cmake)
[0.562s] -- Using all available rosidl_typesupport_c: rosidl_typesupport_fastrtps_c;rosidl_typesupport_introspection_c
[0.575s] -- Using all available rosidl_typesupport_cpp: rosidl_typesupport_fastrtps_cpp;rosidl_typesupport_introspection_cpp
[0.635s] -- Found rmw_implementation_cmake: 7.3.2 (/opt/ros/jazzy/share/rmw_implementation_cmake/cmake)
[0.637s] -- Found rmw_fastrtps_cpp: 8.4.3 (/opt/ros/jazzy/share/rmw_fastrtps_cpp/cmake)
[0.719s] -- Found OpenSSL: /usr/lib/x86_64-linux-gnu/libcrypto.so (found version "3.0.13")  
[0.734s] -- Found FastRTPS: /opt/ros/jazzy/include (Required is at least version "2.13") 
[0.753s] -- Using RMW implementation 'rmw_fastrtps_cpp' as default
[0.817s] -- Found example_interfaces: 0.12.0 (/opt/ros/jazzy/share/example_interfaces/cmake)
[0.863s] -- Found ament_lint_auto: 0.17.3 (/opt/ros/jazzy/share/ament_lint_auto/cmake)
[0.941s] -- Added test 'cppcheck' to perform static code analysis on C / C++ code
[0.941s] -- Configured cppcheck include dirs: 
[0.941s] -- Configured cppcheck exclude dirs and/or files: 
[0.942s] -- Added test 'lint_cmake' to check CMake code style
[0.943s] -- Added test 'uncrustify' to check C / C++ code style
[0.943s] -- Configured uncrustify additional arguments: 
[0.943s] -- Added test 'xmllint' to check XML markup files
[0.944s] -- Configuring done (0.9s)
[0.955s] -- Generating done (0.0s)
[0.958s] -- Build files have been written to: /home/tian/ROS_ws/build/service_cpp
[0.967s] Invoked command in '/home/tian/ROS_ws/build/service_cpp' returned '0': CMAKE_PREFIX_PATH=${CMAKE_PREFIX_PATH}:/opt/ros/jazzy DEBUGINFOD_URLS=https://debuginfod.ubuntu.com /usr/bin/cmake /home/tian/ROS_ws/src/service_cpp -DCMAKE_INSTALL_PREFIX=/home/tian/ROS_ws/install/service_cpp
[0.968s] Invoking command in '/home/tian/ROS_ws/build/service_cpp': CMAKE_PREFIX_PATH=${CMAKE_PREFIX_PATH}:/opt/ros/jazzy DEBUGINFOD_URLS=https://debuginfod.ubuntu.com /usr/bin/cmake --build /home/tian/ROS_ws/build/service_cpp -- -j16 -l16
[1.015s] [ 50%] [32mBuilding CXX object CMakeFiles/server01.dir/src/server.cpp.o[0m
[1.015s] [ 50%] [32mBuilding CXX object CMakeFiles/client01.dir/src/client.cpp.o[0m
[3.340s] [ 75%] [32m[1mLinking CXX executable server01[0m
[3.468s] [100%] [32m[1mLinking CXX executable client01[0m
[3.471s] [100%] Built target server01
[3.571s] [100%] Built target client01
[3.583s] Invoked command in '/home/tian/ROS_ws/build/service_cpp' returned '0': CMAKE_PREFIX_PATH=${CMAKE_PREFIX_PATH}:/opt/ros/jazzy DEBUGINFOD_URLS=https://debuginfod.ubuntu.com /usr/bin/cmake --build /home/tian/ROS_ws/build/service_cpp -- -j16 -l16
[3.584s] Invoking command in '/home/tian/ROS_ws/build/service_cpp': CMAKE_PREFIX_PATH=${CMAKE_PREFIX_PATH}:/opt/ros/jazzy DEBUGINFOD_URLS=https://debuginfod.ubuntu.com /usr/bin/cmake --install /home/tian/ROS_ws/build/service_cpp
[3.590s] -- Install configuration: ""
[3.590s] -- Installing: /home/tian/ROS_ws/install/service_cpp/lib/service_cpp/server01
[3.591s] -- Set non-toolchain portion of runtime path of "/home/tian/ROS_ws/install/service_cpp/lib/service_cpp/server01" to ""
[3.591s] -- Installing: /home/tian/ROS_ws/install/service_cpp/lib/service_cpp/client01
[3.592s] -- Set non-toolchain portion of runtime path of "/home/tian/ROS_ws/install/service_cpp/lib/service_cpp/client01" to ""
[3.592s] -- Installing: /home/tian/ROS_ws/install/service_cpp/share/ament_index/resource_index/package_run_dependencies/service_cpp
[3.592s] -- Installing: /home/tian/ROS_ws/install/service_cpp/share/ament_index/resource_index/parent_prefix_path/service_cpp
[3.592s] -- Installing: /home/tian/ROS_ws/install/service_cpp/share/service_cpp/environment/ament_prefix_path.sh
[3.592s] -- Installing: /home/tian/ROS_ws/install/service_cpp/share/service_cpp/environment/ament_prefix_path.dsv
[3.592s] -- Installing: /home/tian/ROS_ws/install/service_cpp/share/service_cpp/environment/path.sh
[3.592s] -- Installing: /home/tian/ROS_ws/install/service_cpp/share/service_cpp/environment/path.dsv
[3.593s] -- Installing: /home/tian/ROS_ws/install/service_cpp/share/service_cpp/local_setup.bash
[3.593s] -- Installing: /home/tian/ROS_ws/install/service_cpp/share/service_cpp/local_setup.sh
[3.593s] -- Installing: /home/tian/ROS_ws/install/service_cpp/share/service_cpp/local_setup.zsh
[3.593s] -- Installing: /home/tian/ROS_ws/install/service_cpp/share/service_cpp/local_setup.dsv
[3.593s] -- Installing: /home/tian/ROS_ws/install/service_cpp/share/service_cpp/package.dsv
[3.593s] -- Installing: /home/tian/ROS_ws/install/service_cpp/share/ament_index/resource_index/packages/service_cpp
[3.593s] -- Installing: /home/tian/ROS_ws/install/service_cpp/share/service_cpp/cmake/service_cppConfig.cmake
[3.593s] -- Installing: /home/tian/ROS_ws/install/service_cpp/share/service_cpp/cmake/service_cppConfig-version.cmake
[3.593s] -- Installing: /home/tian/ROS_ws/install/service_cpp/share/service_cpp/package.xml
[3.595s] Invoked command in '/home/tian/ROS_ws/build/service_cpp' returned '0': CMAKE_PREFIX_PATH=${CMAKE_PREFIX_PATH}:/opt/ros/jazzy DEBUGINFOD_URLS=https://debuginfod.ubuntu.com /usr/bin/cmake --install /home/tian/ROS_ws/build/service_cpp
