[0.008s] Invoking command in '/home/tian/ROS_ws/build/service_cpp': CMAKE_PREFIX_PATH=${CMAKE_PREFIX_PATH}:/opt/ros/jazzy DEBUGINFOD_URLS=https://debuginfod.ubuntu.com /usr/bin/cmake /home/tian/ROS_ws/src/service_cpp -DCMAKE_INSTALL_PREFIX=/home/tian/ROS_ws/install/service_cpp
[0.053s] -- The C compiler identification is GNU 13.3.0
[0.093s] -- The CXX compiler identification is GNU 13.3.0
[0.108s] -- Detecting C compiler ABI info
[0.179s] -- Detecting C compiler ABI info - done
[0.187s] -- Check for working C compiler: /usr/bin/cc - skipped
[0.188s] -- Detecting C compile features
[0.188s] -- Detecting C compile features - done
[0.195s] -- Detecting CXX compiler ABI info
[0.274s] -- Detecting CXX compiler ABI info - done
[0.280s] -- Check for working CXX compiler: /usr/bin/c++ - skipped
[0.280s] -- Detecting CXX compile features
[0.280s] -- Detecting CXX compile features - done
[0.282s] -- Found ament_cmake: 2.5.4 (/opt/ros/jazzy/share/ament_cmake/cmake)
[0.385s] -- Found Python3: /usr/bin/python3 (found version "3.12.3") found components: Interpreter 
[0.463s] -- Found rclcpp: 28.1.11 (/opt/ros/jazzy/share/rclcpp/cmake)
[0.489s] -- Found rosidl_generator_c: 4.6.6 (/opt/ros/jazzy/share/rosidl_generator_c/cmake)
[0.497s] -- Found rosidl_generator_cpp: 4.6.6 (/opt/ros/jazzy/share/rosidl_generator_cpp/cmake)
[0.508s] -- Using all available rosidl_typesupport_c: rosidl_typesupport_fastrtps_c;rosidl_typesupport_introspection_c
[0.520s] -- Using all available rosidl_typesupport_cpp: rosidl_typesupport_fastrtps_cpp;rosidl_typesupport_introspection_cpp
[0.573s] -- Found rmw_implementation_cmake: 7.3.2 (/opt/ros/jazzy/share/rmw_implementation_cmake/cmake)
[0.574s] -- Found rmw_fastrtps_cpp: 8.4.3 (/opt/ros/jazzy/share/rmw_fastrtps_cpp/cmake)
[0.646s] -- Found OpenSSL: /usr/lib/x86_64-linux-gnu/libcrypto.so (found version "3.0.13")  
[0.660s] -- Found FastRTPS: /opt/ros/jazzy/include (Required is at least version "2.13") 
[0.678s] -- Using RMW implementation 'rmw_fastrtps_cpp' as default
[0.730s] -- Found example_interfaces: 0.12.0 (/opt/ros/jazzy/share/example_interfaces/cmake)
[0.769s] -- Found ament_lint_auto: 0.17.3 (/opt/ros/jazzy/share/ament_lint_auto/cmake)
[0.848s] -- Added test 'cppcheck' to perform static code analysis on C / C++ code
[0.848s] -- Configured cppcheck include dirs: 
[0.848s] -- Configured cppcheck exclude dirs and/or files: 
[0.849s] -- Added test 'lint_cmake' to check CMake code style
[0.850s] -- Added test 'uncrustify' to check C / C++ code style
[0.850s] -- Configured uncrustify additional arguments: 
[0.850s] -- Added test 'xmllint' to check XML markup files
[0.851s] -- Configuring done (0.8s)
[0.861s] -- Generating done (0.0s)
[0.864s] -- Build files have been written to: /home/tian/ROS_ws/build/service_cpp
[0.872s] Invoked command in '/home/tian/ROS_ws/build/service_cpp' returned '0': CMAKE_PREFIX_PATH=${CMAKE_PREFIX_PATH}:/opt/ros/jazzy DEBUGINFOD_URLS=https://debuginfod.ubuntu.com /usr/bin/cmake /home/tian/ROS_ws/src/service_cpp -DCMAKE_INSTALL_PREFIX=/home/tian/ROS_ws/install/service_cpp
[0.873s] Invoking command in '/home/tian/ROS_ws/build/service_cpp': CMAKE_PREFIX_PATH=${CMAKE_PREFIX_PATH}:/opt/ros/jazzy DEBUGINFOD_URLS=https://debuginfod.ubuntu.com /usr/bin/cmake --build /home/tian/ROS_ws/build/service_cpp -- -j16 -l16
[0.917s] [ 50%] [32mBuilding CXX object CMakeFiles/client01.dir/src/client.cpp.o[0m
[0.917s] [ 50%] [32mBuilding CXX object CMakeFiles/server01.dir/src/server.cpp.o[0m
[4.511s] [ 75%] [32m[1mLinking CXX executable server01[0m
[4.688s] [100%] [32m[1mLinking CXX executable client01[0m
[4.804s] [100%] Built target server01
[4.833s] [100%] Built target client01
[4.844s] Invoked command in '/home/tian/ROS_ws/build/service_cpp' returned '0': CMAKE_PREFIX_PATH=${CMAKE_PREFIX_PATH}:/opt/ros/jazzy DEBUGINFOD_URLS=https://debuginfod.ubuntu.com /usr/bin/cmake --build /home/tian/ROS_ws/build/service_cpp -- -j16 -l16
[4.845s] Invoking command in '/home/tian/ROS_ws/build/service_cpp': CMAKE_PREFIX_PATH=${CMAKE_PREFIX_PATH}:/opt/ros/jazzy DEBUGINFOD_URLS=https://debuginfod.ubuntu.com /usr/bin/cmake --install /home/tian/ROS_ws/build/service_cpp
[4.852s] -- Install configuration: ""
[4.852s] -- Installing: /home/tian/ROS_ws/install/service_cpp/lib/service_cpp/server01
[4.852s] -- Set non-toolchain portion of runtime path of "/home/tian/ROS_ws/install/service_cpp/lib/service_cpp/server01" to ""
[4.853s] -- Installing: /home/tian/ROS_ws/install/service_cpp/lib/service_cpp/client01
[4.853s] -- Set non-toolchain portion of runtime path of "/home/tian/ROS_ws/install/service_cpp/lib/service_cpp/client01" to ""
[4.853s] -- Installing: /home/tian/ROS_ws/install/service_cpp/share/ament_index/resource_index/package_run_dependencies/service_cpp
[4.854s] -- Installing: /home/tian/ROS_ws/install/service_cpp/share/ament_index/resource_index/parent_prefix_path/service_cpp
[4.854s] -- Installing: /home/tian/ROS_ws/install/service_cpp/share/service_cpp/environment/ament_prefix_path.sh
[4.854s] -- Installing: /home/tian/ROS_ws/install/service_cpp/share/service_cpp/environment/ament_prefix_path.dsv
[4.854s] -- Installing: /home/tian/ROS_ws/install/service_cpp/share/service_cpp/environment/path.sh
[4.854s] -- Installing: /home/tian/ROS_ws/install/service_cpp/share/service_cpp/environment/path.dsv
[4.854s] -- Installing: /home/tian/ROS_ws/install/service_cpp/share/service_cpp/local_setup.bash
[4.854s] -- Installing: /home/tian/ROS_ws/install/service_cpp/share/service_cpp/local_setup.sh
[4.854s] -- Installing: /home/tian/ROS_ws/install/service_cpp/share/service_cpp/local_setup.zsh
[4.854s] -- Installing: /home/tian/ROS_ws/install/service_cpp/share/service_cpp/local_setup.dsv
[4.854s] -- Installing: /home/tian/ROS_ws/install/service_cpp/share/service_cpp/package.dsv
[4.855s] -- Installing: /home/tian/ROS_ws/install/service_cpp/share/ament_index/resource_index/packages/service_cpp
[4.855s] -- Installing: /home/tian/ROS_ws/install/service_cpp/share/service_cpp/cmake/service_cppConfig.cmake
[4.855s] -- Installing: /home/tian/ROS_ws/install/service_cpp/share/service_cpp/cmake/service_cppConfig-version.cmake
[4.855s] -- Installing: /home/tian/ROS_ws/install/service_cpp/share/service_cpp/package.xml
[4.857s] Invoked command in '/home/tian/ROS_ws/build/service_cpp' returned '0': CMAKE_PREFIX_PATH=${CMAKE_PREFIX_PATH}:/opt/ros/jazzy DEBUGINFOD_URLS=https://debuginfod.ubuntu.com /usr/bin/cmake --install /home/tian/ROS_ws/build/service_cpp
