[0.012s] Invoking command in '/home/tian/ROS_ws/build/cpp_parameters': CMAKE_PREFIX_PATH=${CMAKE_PREFIX_PATH}:/opt/ros/jazzy DEBUGINFOD_URLS=https://debuginfod.ubuntu.com /usr/bin/cmake --build /home/tian/ROS_ws/build/cpp_parameters -- -j16 -l16
[0.076s] [100%] Built target minimal_param_node
[0.088s] Invoked command in '/home/tian/ROS_ws/build/cpp_parameters' returned '0': CMAKE_PREFIX_PATH=${CMAKE_PREFIX_PATH}:/opt/ros/jazzy DEBUGINFOD_URLS=https://debuginfod.ubuntu.com /usr/bin/cmake --build /home/tian/ROS_ws/build/cpp_parameters -- -j16 -l16
[0.099s] Invoking command in '/home/tian/ROS_ws/build/cpp_parameters': CMAKE_PREFIX_PATH=${CMAKE_PREFIX_PATH}:/opt/ros/jazzy DEBUGINFOD_URLS=https://debuginfod.ubuntu.com /usr/bin/cmake --install /home/tian/ROS_ws/build/cpp_parameters
[0.105s] -- Install configuration: ""
[0.105s] -- Up-to-date: /home/tian/ROS_ws/install/cpp_parameters/lib/cpp_parameters/minimal_param_node
[0.106s] -- Up-to-date: /home/tian/ROS_ws/install/cpp_parameters/share/cpp_parameters/launch
[0.106s] -- Installing: /home/tian/ROS_ws/install/cpp_parameters/share/cpp_parameters/launch/cpp_parameter_launch.py
[0.106s] -- Up-to-date: /home/tian/ROS_ws/install/cpp_parameters/share/ament_index/resource_index/package_run_dependencies/cpp_parameters
[0.106s] -- Up-to-date: /home/tian/ROS_ws/install/cpp_parameters/share/ament_index/resource_index/parent_prefix_path/cpp_parameters
[0.106s] -- Up-to-date: /home/tian/ROS_ws/install/cpp_parameters/share/cpp_parameters/environment/ament_prefix_path.sh
[0.106s] -- Up-to-date: /home/tian/ROS_ws/install/cpp_parameters/share/cpp_parameters/environment/ament_prefix_path.dsv
[0.106s] -- Up-to-date: /home/tian/ROS_ws/install/cpp_parameters/share/cpp_parameters/environment/path.sh
[0.106s] -- Up-to-date: /home/tian/ROS_ws/install/cpp_parameters/share/cpp_parameters/environment/path.dsv
[0.106s] -- Up-to-date: /home/tian/ROS_ws/install/cpp_parameters/share/cpp_parameters/local_setup.bash
[0.106s] -- Up-to-date: /home/tian/ROS_ws/install/cpp_parameters/share/cpp_parameters/local_setup.sh
[0.106s] -- Up-to-date: /home/tian/ROS_ws/install/cpp_parameters/share/cpp_parameters/local_setup.zsh
[0.106s] -- Up-to-date: /home/tian/ROS_ws/install/cpp_parameters/share/cpp_parameters/local_setup.dsv
[0.107s] -- Installing: /home/tian/ROS_ws/install/cpp_parameters/share/cpp_parameters/package.dsv
[0.107s] -- Up-to-date: /home/tian/ROS_ws/install/cpp_parameters/share/ament_index/resource_index/packages/cpp_parameters
[0.107s] -- Up-to-date: /home/tian/ROS_ws/install/cpp_parameters/share/cpp_parameters/cmake/cpp_parametersConfig.cmake
[0.107s] -- Up-to-date: /home/tian/ROS_ws/install/cpp_parameters/share/cpp_parameters/cmake/cpp_parametersConfig-version.cmake
[0.107s] -- Up-to-date: /home/tian/ROS_ws/install/cpp_parameters/share/cpp_parameters/package.xml
[0.108s] Invoked command in '/home/tian/ROS_ws/build/cpp_parameters' returned '0': CMAKE_PREFIX_PATH=${CMAKE_PREFIX_PATH}:/opt/ros/jazzy DEBUGINFOD_URLS=https://debuginfod.ubuntu.com /usr/bin/cmake --install /home/tian/ROS_ws/build/cpp_parameters
